Archive member included to satisfy reference by file (symbol)

c:/st/stm32cubeide_1.7.0/stm32cubeide/plugins/com.st.stm32cube.ide.mcu.externaltools.gnu-tools-for-stm32.9-2020-q2-update.win32_2.0.0.202105311346/tools/bin/../lib/gcc/arm-none-eabi/9.3.1/../../../../arm-none-eabi/lib/thumb/v7-m/nofp\libc_nano.a(lib_a-errno.o)
                              ./Core/Src/syscalls.o (__errno)
c:/st/stm32cubeide_1.7.0/stm32cubeide/plugins/com.st.stm32cube.ide.mcu.externaltools.gnu-tools-for-stm32.9-2020-q2-update.win32_2.0.0.202105311346/tools/bin/../lib/gcc/arm-none-eabi/9.3.1/../../../../arm-none-eabi/lib/thumb/v7-m/nofp\libc_nano.a(lib_a-exit.o)
                              c:/st/stm32cubeide_1.7.0/stm32cubeide/plugins/com.st.stm32cube.ide.mcu.externaltools.gnu-tools-for-stm32.9-2020-q2-update.win32_2.0.0.202105311346/tools/bin/../lib/gcc/arm-none-eabi/9.3.1/../../../../arm-none-eabi/lib/thumb/v7-m/nofp/crt0.o (exit)
c:/st/stm32cubeide_1.7.0/stm32cubeide/plugins/com.st.stm32cube.ide.mcu.externaltools.gnu-tools-for-stm32.9-2020-q2-update.win32_2.0.0.202105311346/tools/bin/../lib/gcc/arm-none-eabi/9.3.1/../../../../arm-none-eabi/lib/thumb/v7-m/nofp\libc_nano.a(lib_a-impure.o)
                              c:/st/stm32cubeide_1.7.0/stm32cubeide/plugins/com.st.stm32cube.ide.mcu.externaltools.gnu-tools-for-stm32.9-2020-q2-update.win32_2.0.0.202105311346/tools/bin/../lib/gcc/arm-none-eabi/9.3.1/../../../../arm-none-eabi/lib/thumb/v7-m/nofp\libc_nano.a(lib_a-exit.o) (_global_impure_ptr)
c:/st/stm32cubeide_1.7.0/stm32cubeide/plugins/com.st.stm32cube.ide.mcu.externaltools.gnu-tools-for-stm32.9-2020-q2-update.win32_2.0.0.202105311346/tools/bin/../lib/gcc/arm-none-eabi/9.3.1/../../../../arm-none-eabi/lib/thumb/v7-m/nofp\libc_nano.a(lib_a-init.o)
                              c:/st/stm32cubeide_1.7.0/stm32cubeide/plugins/com.st.stm32cube.ide.mcu.externaltools.gnu-tools-for-stm32.9-2020-q2-update.win32_2.0.0.202105311346/tools/bin/../lib/gcc/arm-none-eabi/9.3.1/../../../../arm-none-eabi/lib/thumb/v7-m/nofp/crt0.o (__libc_init_array)
c:/st/stm32cubeide_1.7.0/stm32cubeide/plugins/com.st.stm32cube.ide.mcu.externaltools.gnu-tools-for-stm32.9-2020-q2-update.win32_2.0.0.202105311346/tools/bin/../lib/gcc/arm-none-eabi/9.3.1/../../../../arm-none-eabi/lib/thumb/v7-m/nofp\libc_nano.a(lib_a-memset.o)
                              c:/st/stm32cubeide_1.7.0/stm32cubeide/plugins/com.st.stm32cube.ide.mcu.externaltools.gnu-tools-for-stm32.9-2020-q2-update.win32_2.0.0.202105311346/tools/bin/../lib/gcc/arm-none-eabi/9.3.1/../../../../arm-none-eabi/lib/thumb/v7-m/nofp/crt0.o (memset)

Allocating common symbols
Common symbol       size              file

uwTick              0x4               ./Drivers/STM32F1xx_HAL_Driver/Src/stm32f1xx_hal.o
pFlash              0x20              ./Drivers/STM32F1xx_HAL_Driver/Src/stm32f1xx_hal_flash.o
htim2               0x48              ./Core/Src/main.o

Discarded input sections

 .text          0x0000000000000000        0x0 c:/st/stm32cubeide_1.7.0/stm32cubeide/plugins/com.st.stm32cube.ide.mcu.externaltools.gnu-tools-for-stm32.9-2020-q2-update.win32_2.0.0.202105311346/tools/bin/../lib/gcc/arm-none-eabi/9.3.1/thumb/v7-m/nofp/crti.o
 .data          0x0000000000000000        0x0 c:/st/stm32cubeide_1.7.0/stm32cubeide/plugins/com.st.stm32cube.ide.mcu.externaltools.gnu-tools-for-stm32.9-2020-q2-update.win32_2.0.0.202105311346/tools/bin/../lib/gcc/arm-none-eabi/9.3.1/thumb/v7-m/nofp/crti.o
 .bss           0x0000000000000000        0x0 c:/st/stm32cubeide_1.7.0/stm32cubeide/plugins/com.st.stm32cube.ide.mcu.externaltools.gnu-tools-for-stm32.9-2020-q2-update.win32_2.0.0.202105311346/tools/bin/../lib/gcc/arm-none-eabi/9.3.1/thumb/v7-m/nofp/crti.o
 .data          0x0000000000000000        0x4 c:/st/stm32cubeide_1.7.0/stm32cubeide/plugins/com.st.stm32cube.ide.mcu.externaltools.gnu-tools-for-stm32.9-2020-q2-update.win32_2.0.0.202105311346/tools/bin/../lib/gcc/arm-none-eabi/9.3.1/thumb/v7-m/nofp/crtbegin.o
 .text          0x0000000000000000       0x7c c:/st/stm32cubeide_1.7.0/stm32cubeide/plugins/com.st.stm32cube.ide.mcu.externaltools.gnu-tools-for-stm32.9-2020-q2-update.win32_2.0.0.202105311346/tools/bin/../lib/gcc/arm-none-eabi/9.3.1/../../../../arm-none-eabi/lib/thumb/v7-m/nofp/crt0.o
 .data          0x0000000000000000        0x0 c:/st/stm32cubeide_1.7.0/stm32cubeide/plugins/com.st.stm32cube.ide.mcu.externaltools.gnu-tools-for-stm32.9-2020-q2-update.win32_2.0.0.202105311346/tools/bin/../lib/gcc/arm-none-eabi/9.3.1/../../../../arm-none-eabi/lib/thumb/v7-m/nofp/crt0.o
 .bss           0x0000000000000000        0x0 c:/st/stm32cubeide_1.7.0/stm32cubeide/plugins/com.st.stm32cube.ide.mcu.externaltools.gnu-tools-for-stm32.9-2020-q2-update.win32_2.0.0.202105311346/tools/bin/../lib/gcc/arm-none-eabi/9.3.1/../../../../arm-none-eabi/lib/thumb/v7-m/nofp/crt0.o
[...]
Memory Configuration

Name             Origin             Length             Attributes
RAM              0x0000000020000000 0x0000000000002800 xrw
FLASH            0x0000000008000000 0x0000000000008000 xr
*default*        0x0000000000000000 0xffffffffffffffff

Linker script and memory map

LOAD c:/st/stm32cubeide_1.7.0/stm32cubeide/plugins/com.st.stm32cube.ide.mcu.externaltools.gnu-tools-for-stm32.9-2020-q2-update.win32_2.0.0.202105311346/tools/bin/../lib/gcc/arm-none-eabi/9.3.1/thumb/v7-m/nofp/crti.o
LOAD c:/st/stm32cubeide_1.7.0/stm32cubeide/plugins/com.st.stm32cube.ide.mcu.externaltools.gnu-tools-for-stm32.9-2020-q2-update.win32_2.0.0.202105311346/tools/bin/../lib/gcc/arm-none-eabi/9.3.1/thumb/v7-m/nofp/crtbegin.o
LOAD c:/st/stm32cubeide_1.7.0/stm32cubeide/plugins/com.st.stm32cube.ide.mcu.externaltools.gnu-tools-for-stm32.9-2020-q2-update.win32_2.0.0.202105311346/tools/bin/../lib/gcc/arm-none-eabi/9.3.1/../../../../arm-none-eabi/lib/thumb/v7-m/nofp/crt0.o
LOAD ./Core/Src/Timer_Interrupt.o
LOAD ./Core/Src/input_processing.o
LOAD ./Core/Src/input_reading.o
LOAD ./Core/Src/led_7seg_anode.o
LOAD ./Core/Src/main.o
LOAD ./Core/Src/matrix_led.o
LOAD ./Core/Src/stm32f1xx_hal_msp.o
LOAD ./Core/Src/stm32f1xx_it.o
LOAD ./Core/Src/syscalls.o
LOAD ./Core/Src/sysmem.o
LOAD ./Core/Src/system_stm32f1xx.o
LOAD ./Core/Src/traffic_led.o
LOAD ./Core/Startup/startup_stm32f103c6tx.o
LOAD ./Drivers/STM32F1xx_HAL_Driver/Src/stm32f1xx_hal.o
LOAD ./Drivers/STM32F1xx_HAL_Driver/Src/stm32f1xx_hal_cortex.o
LOAD ./Drivers/STM32F1xx_HAL_Driver/Src/stm32f1xx_hal_dma.o
LOAD ./Drivers/STM32F1xx_HAL_Driver/Src/stm32f1xx_hal_exti.o
LOAD ./Drivers/STM32F1xx_HAL_Driver/Src/stm32f1xx_hal_flash.o
LOAD ./Drivers/STM32F1xx_HAL_Driver/Src/stm32f1xx_hal_flash_ex.o
LOAD ./Drivers/STM32F1xx_HAL_Driver/Src/stm32f1xx_hal_gpio.o
LOAD ./Drivers/STM32F1xx_HAL_Driver/Src/stm32f1xx_hal_gpio_ex.o
LOAD ./Drivers/STM32F1xx_HAL_Driver/Src/stm32f1xx_hal_pwr.o
LOAD ./Drivers/STM32F1xx_HAL_Driver/Src/stm32f1xx_hal_rcc.o
LOAD ./Drivers/STM32F1xx_HAL_Driver/Src/stm32f1xx_hal_rcc_ex.o
LOAD ./Drivers/STM32F1xx_HAL_Driver/Src/stm32f1xx_hal_tim.o
LOAD ./Drivers/STM32F1xx_HAL_Driver/Src/stm32f1xx_hal_tim_ex.o
START GROUP
LOAD c:/st/stm32cubeide_1.7.0/stm32cubeide/plugins/com.st.stm32cube.ide.mcu.externaltools.gnu-tools-for-stm32.9-2020-q2-update.win32_2.0.0.202105311346/tools/bin/../lib/gcc/arm-none-eabi/9.3.1/../../../../arm-none-eabi/lib/thumb/v7-m/nofp\libc_nano.a
LOAD c:/st/stm32cubeide_1.7.0/stm32cubeide/plugins/com.st.stm32cube.ide.mcu.externaltools.gnu-tools-for-stm32.9-2020-q2-update.win32_2.0.0.202105311346/tools/bin/../lib/gcc/arm-none-eabi/9.3.1/../../../../arm-none-eabi/lib/thumb/v7-m/nofp\libm.a
END GROUP
START GROUP
LOAD c:/st/stm32cubeide_1.7.0/stm32cubeide/plugins/com.st.stm32cube.ide.mcu.externaltools.gnu-tools-for-stm32.9-2020-q2-update.win32_2.0.0.202105311346/tools/bin/../lib/gcc/arm-none-eabi/9.3.1/thumb/v7-m/nofp\libgcc.a
LOAD c:/st/stm32cubeide_1.7.0/stm32cubeide/plugins/com.st.stm32cube.ide.mcu.externaltools.gnu-tools-for-stm32.9-2020-q2-update.win32_2.0.0.202105311346/tools/bin/../lib/gcc/arm-none-eabi/9.3.1/../../../../arm-none-eabi/lib/thumb/v7-m/nofp\libc_nano.a
END GROUP
START GROUP
LOAD c:/st/stm32cubeide_1.7.0/stm32cubeide/plugins/com.st.stm32cube.ide.mcu.externaltools.gnu-tools-for-stm32.9-2020-q2-update.win32_2.0.0.202105311346/tools/bin/../lib/gcc/arm-none-eabi/9.3.1/thumb/v7-m/nofp\libgcc.a
LOAD c:/st/stm32cubeide_1.7.0/stm32cubeide/plugins/com.st.stm32cube.ide.mcu.externaltools.gnu-tools-for-stm32.9-2020-q2-update.win32_2.0.0.202105311346/tools/bin/../lib/gcc/arm-none-eabi/9.3.1/../../../../arm-none-eabi/lib/thumb/v7-m/nofp\libc_nano.a
LOAD c:/st/stm32cubeide_1.7.0/stm32cubeide/plugins/com.st.stm32cube.ide.mcu.externaltools.gnu-tools-for-stm32.9-2020-q2-update.win32_2.0.0.202105311346/tools/bin/../lib/gcc/arm-none-eabi/9.3.1/../../../../arm-none-eabi/lib/thumb/v7-m/nofp\libnosys.a
END GROUP
START GROUP
LOAD c:/st/stm32cubeide_1.7.0/stm32cubeide/plugins/com.st.stm32cube.ide.mcu.externaltools.gnu-tools-for-stm32.9-2020-q2-update.win32_2.0.0.202105311346/tools/bin/../lib/gcc/arm-none-eabi/9.3.1/thumb/v7-m/nofp\libgcc.a
LOAD c:/st/stm32cubeide_1.7.0/stm32cubeide/plugins/com.st.stm32cube.ide.mcu.externaltools.gnu-tools-for-stm32.9-2020-q2-update.win32_2.0.0.202105311346/tools/bin/../lib/gcc/arm-none-eabi/9.3.1/../../../../arm-none-eabi/lib/thumb/v7-m/nofp\libc_nano.a
LOAD c:/st/stm32cubeide_1.7.0/stm32cubeide/plugins/com.st.stm32cube.ide.mcu.externaltools.gnu-tools-for-stm32.9-2020-q2-update.win32_2.0.0.202105311346/tools/bin/../lib/gcc/arm-none-eabi/9.3.1/../../../../arm-none-eabi/lib/thumb/v7-m/nofp\libnosys.a
END GROUP
LOAD c:/st/stm32cubeide_1.7.0/stm32cubeide/plugins/com.st.stm32cube.ide.mcu.externaltools.gnu-tools-for-stm32.9-2020-q2-update.win32_2.0.0.202105311346/tools/bin/../lib/gcc/arm-none-eabi/9.3.1/thumb/v7-m/nofp/crtend.o
LOAD c:/st/stm32cubeide_1.7.0/stm32cubeide/plugins/com.st.stm32cube.ide.mcu.externaltools.gnu-tools-for-stm32.9-2020-q2-update.win32_2.0.0.202105311346/tools/bin/../lib/gcc/arm-none-eabi/9.3.1/thumb/v7-m/nofp/crtn.o
                0x0000000020002800                _estack = (ORIGIN (RAM) + LENGTH (RAM))
                0x0000000000000200                _Min_Heap_Size = 0x200
                0x0000000000000400                _Min_Stack_Size = 0x400

.isr_vector     0x0000000008000000      0x10c
                0x0000000008000000                . = ALIGN (0x4)
 *(.isr_vector)
 .isr_vector    0x0000000008000000      0x10c ./Core/Startup/startup_stm32f103c6tx.o
                0x0000000008000000                g_pfnVectors
                0x000000000800010c                . = ALIGN (0x4)

.text           0x000000000800010c     0x249c
                0x000000000800010c                . = ALIGN (0x4)
 *(.text)
 .text          0x000000000800010c       0x40 c:/st/stm32cubeide_1.7.0/stm32cubeide/plugins/com.st.stm32cube.ide.mcu.externaltools.gnu-tools-for-stm32.9-2020-q2-update.win32_2.0.0.202105311346/tools/bin/../lib/gcc/arm-none-eabi/9.3.1/thumb/v7-m/nofp/crtbegin.o
 *(.text*)
 .text.startDelay
                0x000000000800014c       0x38 ./Core/Src/Timer_Interrupt.o
                0x000000000800014c                startDelay
 .text.getDelayCounter
                0x0000000008000184       0x14 ./Core/Src/Timer_Interrupt.o
                0x0000000008000184                getDelayCounter
 .text.timerDELAY_run
                0x0000000008000198       0x2c ./Core/Src/Timer_Interrupt.o
                0x0000000008000198                timerDELAY_run
 .text.stopDelay
                0x00000000080001c4       0x20 ./Core/Src/Timer_Interrupt.o
                0x00000000080001c4                stopDelay
 .text.getChangeStateLED
                0x00000000080001e4       0x14 ./Core/Src/Timer_Interrupt.o
                0x00000000080001e4                getChangeStateLED
 .text.setTimerLED
                0x00000000080001f8        0xe ./Core/Src/Timer_Interrupt.o
                0x00000000080001f8                setTimerLED
 *fill*         0x0000000008000206        0x2 
 .text.timerLED_run
                0x0000000008000208       0x38 ./Core/Src/Timer_Interrupt.o
                0x0000000008000208                timerLED_run
 .text.timer_Blinkrun
                0x0000000008000240       0x24 ./Core/Src/Timer_Interrupt.o
                0x0000000008000240                timer_Blinkrun
 .text.initStatus
                0x0000000008000264       0x34 ./Core/Src/input_processing.o
                0x0000000008000264                initStatus
 .text.getModeValue
                0x0000000008000298       0x14 ./Core/Src/input_processing.o
                0x0000000008000298                getModeValue
 .text.fsm_for_input_processing
                0x00000000080002ac      0x260 ./Core/Src/input_processing.o
                0x00000000080002ac                fsm_for_input_processing
 .text.button_reading
                0x000000000800050c       0xac ./Core/Src/input_reading.o
                0x000000000800050c                button_reading
 .text.is_button_pressed
                0x00000000080005b8       0x3c ./Core/Src/input_reading.o
                0x00000000080005b8                is_button_pressed
 .text.updatesevenSegmentLEDBuffer
                0x00000000080005f4       0x24 ./Core/Src/led_7seg_anode.o
                0x00000000080005f4                updatesevenSegmentLEDBuffer
 .text.sevenSegementLEDDriver
                0x0000000008000618       0x80 ./Core/Src/led_7seg_anode.o
                0x0000000008000618                sevenSegementLEDDriver
 .text.InitTimer
                0x0000000008000698       0x3c ./Core/Src/main.o
                0x0000000008000698                InitTimer
 .text.updateClockBuffer
                0x00000000080006d4       0x78 ./Core/Src/main.o
                0x00000000080006d4                updateClockBuffer
 .text.main     0x000000000800074c       0x30 ./Core/Src/main.o
                0x000000000800074c                main
 .text.SystemClock_Config
                0x000000000800077c       0x76 ./Core/Src/main.o
                0x000000000800077c                SystemClock_Config
 *fill*         0x00000000080007f2        0x2 
 .text.MX_TIM2_Init
                0x00000000080007f4       0x98 ./Core/Src/main.o
 .text.MX_GPIO_Init
                0x000000000800088c      0x124 ./Core/Src/main.o
 .text.clear7SEG
                0x00000000080009b0       0x30 ./Core/Src/main.o
                0x00000000080009b0                clear7SEG
 .text.update7SEG
                0x00000000080009e0       0x48 ./Core/Src/main.o
                0x00000000080009e0                update7SEG
 .text.updateIndex
                0x0000000008000a28       0x24 ./Core/Src/main.o
                0x0000000008000a28                updateIndex
 .text.presentCLOCK
                0x0000000008000a4c       0x5c ./Core/Src/main.o
                0x0000000008000a4c                presentCLOCK
 .text.HAL_TIM_PeriodElapsedCallback
                0x0000000008000aa8       0x50 ./Core/Src/main.o
                0x0000000008000aa8                HAL_TIM_PeriodElapsedCallback
 .text.Error_Handler
                0x0000000008000af8        0xa ./Core/Src/main.o
                0x0000000008000af8                Error_Handler
 *fill*         0x0000000008000b02        0x2 
 .text.HAL_MspInit
                0x0000000008000b04       0x64 ./Core/Src/stm32f1xx_hal_msp.o
                0x0000000008000b04                HAL_MspInit
 .text.HAL_TIM_Base_MspInit
                0x0000000008000b68       0x48 ./Core/Src/stm32f1xx_hal_msp.o
                0x0000000008000b68                HAL_TIM_Base_MspInit
 .text.NMI_Handler
                0x0000000008000bb0        0x6 ./Core/Src/stm32f1xx_it.o
                0x0000000008000bb0                NMI_Handler
 .text.HardFault_Handler
                0x0000000008000bb6        0x6 ./Core/Src/stm32f1xx_it.o
                0x0000000008000bb6                HardFault_Handler
 .text.MemManage_Handler
                0x0000000008000bbc        0x6 ./Core/Src/stm32f1xx_it.o
                0x0000000008000bbc                MemManage_Handler
 .text.BusFault_Handler
                0x0000000008000bc2        0x6 ./Core/Src/stm32f1xx_it.o
                0x0000000008000bc2                BusFault_Handler
 .text.UsageFault_Handler
                0x0000000008000bc8        0x6 ./Core/Src/stm32f1xx_it.o
                0x0000000008000bc8                UsageFault_Handler
 .text.SVC_Handler
                0x0000000008000bce        0xc ./Core/Src/stm32f1xx_it.o
                0x0000000008000bce                SVC_Handler
 .text.DebugMon_Handler
                0x0000000008000bda        0xc ./Core/Src/stm32f1xx_it.o
                0x0000000008000bda                DebugMon_Handler
 .text.PendSV_Handler
                0x0000000008000be6        0xc ./Core/Src/stm32f1xx_it.o
                0x0000000008000be6                PendSV_Handler
 .text.SysTick_Handler
                0x0000000008000bf2        0xc ./Core/Src/stm32f1xx_it.o
                0x0000000008000bf2                SysTick_Handler
 *fill*         0x0000000008000bfe        0x2 
 .text.TIM2_IRQHandler
                0x0000000008000c00       0x14 ./Core/Src/stm32f1xx_it.o
                0x0000000008000c00                TIM2_IRQHandler
 .text.SystemInit
                0x0000000008000c14        0xc ./Core/Src/system_stm32f1xx.o
                0x0000000008000c14                SystemInit
 .text.initLED  0x0000000008000c20       0x88 ./Core/Src/traffic_led.o
                0x0000000008000c20                initLED
 .text.trafficLIGHTStart
                0x0000000008000ca8       0x34 ./Core/Src/traffic_led.o
                0x0000000008000ca8                trafficLIGHTStart
 .text.trafficLIGHTChangeColor
                0x0000000008000cdc       0x78 ./Core/Src/traffic_led.o
                0x0000000008000cdc                trafficLIGHTChangeColor
 .text.updateColor
                0x0000000008000d54       0x50 ./Core/Src/traffic_led.o
                0x0000000008000d54                updateColor
 .text.updateLimit
                0x0000000008000da4       0x48 ./Core/Src/traffic_led.o
                0x0000000008000da4                updateLimit
 .text.getLimit1Value
                0x0000000008000dec       0x14 ./Core/Src/traffic_led.o
                0x0000000008000dec                getLimit1Value
 .text.getLimit2Value
                0x0000000008000e00       0x14 ./Core/Src/traffic_led.o
                0x0000000008000e00                getLimit2Value
 .text.setLimitvalue
                0x0000000008000e14       0x28 ./Core/Src/traffic_led.o
                0x0000000008000e14                setLimitvalue
 .text.blinkLED2Hz
                0x0000000008000e3c       0x44 ./Core/Src/traffic_led.o
                0x0000000008000e3c                blinkLED2Hz
 .text.countLEDBuffer
                0x0000000008000e80       0x70 ./Core/Src/traffic_led.o
                0x0000000008000e80                countLEDBuffer
 .text.Reset_Handler
                0x0000000008000ef0       0x48 ./Core/Startup/startup_stm32f103c6tx.o
                0x0000000008000ef0                Reset_Handler
 .text.Default_Handler
                0x0000000008000f38        0x2 ./Core/Startup/startup_stm32f103c6tx.o
                0x0000000008000f38                RTC_Alarm_IRQHandler
                0x0000000008000f38                EXTI2_IRQHandler
                0x0000000008000f38                TIM1_CC_IRQHandler
                0x0000000008000f38                PVD_IRQHandler
                0x0000000008000f38                EXTI3_IRQHandler
                0x0000000008000f38                EXTI0_IRQHandler
                0x0000000008000f38                ADC1_2_IRQHandler
                0x0000000008000f38                SPI1_IRQHandler
                0x0000000008000f38                TAMPER_IRQHandler
                0x0000000008000f38                DMA1_Channel4_IRQHandler
                0x0000000008000f38                RTC_IRQHandler
                0x0000000008000f38                DMA1_Channel7_IRQHandler
                0x0000000008000f38                CAN1_RX1_IRQHandler
                0x0000000008000f38                I2C1_EV_IRQHandler
                0x0000000008000f38                DMA1_Channel6_IRQHandler
                0x0000000008000f38                TIM3_IRQHandler
                0x0000000008000f38                RCC_IRQHandler
                0x0000000008000f38                TIM1_TRG_COM_IRQHandler
                0x0000000008000f38                DMA1_Channel1_IRQHandler
                0x0000000008000f38                Default_Handler
                0x0000000008000f38                EXTI15_10_IRQHandler
                0x0000000008000f38                EXTI9_5_IRQHandler
                0x0000000008000f38                DMA1_Channel5_IRQHandler
                0x0000000008000f38                EXTI4_IRQHandler
                0x0000000008000f38                USB_LP_CAN1_RX0_IRQHandler
                0x0000000008000f38                USB_HP_CAN1_TX_IRQHandler
                0x0000000008000f38                DMA1_Channel3_IRQHandler
                0x0000000008000f38                TIM1_UP_IRQHandler
                0x0000000008000f38                WWDG_IRQHandler
                0x0000000008000f38                TIM1_BRK_IRQHandler
                0x0000000008000f38                EXTI1_IRQHandler
                0x0000000008000f38                USART2_IRQHandler
                0x0000000008000f38                DMA1_Channel2_IRQHandler
                0x0000000008000f38                CAN1_SCE_IRQHandler
                0x0000000008000f38                FLASH_IRQHandler
                0x0000000008000f38                USART1_IRQHandler
                0x0000000008000f38                I2C1_ER_IRQHandler
                0x0000000008000f38                USBWakeUp_IRQHandler
 *fill*         0x0000000008000f3a        0x2 
 .text.HAL_Init
                0x0000000008000f3c       0x2c ./Drivers/STM32F1xx_HAL_Driver/Src/stm32f1xx_hal.o
                0x0000000008000f3c                HAL_Init
 .text.HAL_InitTick
                0x0000000008000f68       0x60 ./Drivers/STM32F1xx_HAL_Driver/Src/stm32f1xx_hal.o
                0x0000000008000f68                HAL_InitTick
 .text.HAL_IncTick
                0x0000000008000fc8       0x24 ./Drivers/STM32F1xx_HAL_Driver/Src/stm32f1xx_hal.o
                0x0000000008000fc8                HAL_IncTick
 .text.HAL_GetTick
                0x0000000008000fec       0x14 ./Drivers/STM32F1xx_HAL_Driver/Src/stm32f1xx_hal.o
                0x0000000008000fec                HAL_GetTick
 .text.__NVIC_SetPriorityGrouping
                0x0000000008001000       0x48 ./Drivers/STM32F1xx_HAL_Driver/Src/stm32f1xx_hal_cortex.o
 .text.__NVIC_GetPriorityGrouping
                0x0000000008001048       0x1c ./Drivers/STM32F1xx_HAL_Driver/Src/stm32f1xx_hal_cortex.o
 .text.__NVIC_EnableIRQ
                0x0000000008001064       0x38 ./Drivers/STM32F1xx_HAL_Driver/Src/stm32f1xx_hal_cortex.o
 .text.__NVIC_SetPriority
                0x000000000800109c       0x54 ./Drivers/STM32F1xx_HAL_Driver/Src/stm32f1xx_hal_cortex.o
 .text.NVIC_EncodePriority
                0x00000000080010f0       0x64 ./Drivers/STM32F1xx_HAL_Driver/Src/stm32f1xx_hal_cortex.o
 .text.SysTick_Config
                0x0000000008001154       0x44 ./Drivers/STM32F1xx_HAL_Driver/Src/stm32f1xx_hal_cortex.o
 .text.HAL_NVIC_SetPriorityGrouping
                0x0000000008001198       0x16 ./Drivers/STM32F1xx_HAL_Driver/Src/stm32f1xx_hal_cortex.o
                0x0000000008001198                HAL_NVIC_SetPriorityGrouping
 .text.HAL_NVIC_SetPriority
                0x00000000080011ae       0x38 ./Drivers/STM32F1xx_HAL_Driver/Src/stm32f1xx_hal_cortex.o
                0x00000000080011ae                HAL_NVIC_SetPriority
 .text.HAL_NVIC_EnableIRQ
                0x00000000080011e6       0x1c ./Drivers/STM32F1xx_HAL_Driver/Src/stm32f1xx_hal_cortex.o
                0x00000000080011e6                HAL_NVIC_EnableIRQ
 .text.HAL_SYSTICK_Config
                0x0000000008001202       0x18 ./Drivers/STM32F1xx_HAL_Driver/Src/stm32f1xx_hal_cortex.o
                0x0000000008001202                HAL_SYSTICK_Config
 *fill*         0x000000000800121a        0x2 
 .text.HAL_GPIO_Init
                0x000000000800121c      0x2f4 ./Drivers/STM32F1xx_HAL_Driver/Src/stm32f1xx_hal_gpio.o
                0x000000000800121c                HAL_GPIO_Init
 .text.HAL_GPIO_ReadPin
                0x0000000008001510       0x2e ./Drivers/STM32F1xx_HAL_Driver/Src/stm32f1xx_hal_gpio.o
                0x0000000008001510                HAL_GPIO_ReadPin
 .text.HAL_GPIO_WritePin
                0x000000000800153e       0x30 ./Drivers/STM32F1xx_HAL_Driver/Src/stm32f1xx_hal_gpio.o
                0x000000000800153e                HAL_GPIO_WritePin
 .text.HAL_GPIO_TogglePin
                0x000000000800156e       0x32 ./Drivers/STM32F1xx_HAL_Driver/Src/stm32f1xx_hal_gpio.o
                0x000000000800156e                HAL_GPIO_TogglePin
 .text.HAL_RCC_OscConfig
                0x00000000080015a0      0x500 ./Drivers/STM32F1xx_HAL_Driver/Src/stm32f1xx_hal_rcc.o
                0x00000000080015a0                HAL_RCC_OscConfig
 .text.HAL_RCC_ClockConfig
                0x0000000008001aa0      0x1d4 ./Drivers/STM32F1xx_HAL_Driver/Src/stm32f1xx_hal_rcc.o
                0x0000000008001aa0                HAL_RCC_ClockConfig
 .text.HAL_RCC_GetSysClockFreq
                0x0000000008001c74       0xc0 ./Drivers/STM32F1xx_HAL_Driver/Src/stm32f1xx_hal_rcc.o
                0x0000000008001c74                HAL_RCC_GetSysClockFreq
 .text.RCC_Delay
                0x0000000008001d34       0x3c ./Drivers/STM32F1xx_HAL_Driver/Src/stm32f1xx_hal_rcc.o
 .text.HAL_TIM_Base_Init
                0x0000000008001d70       0x9e ./Drivers/STM32F1xx_HAL_Driver/Src/stm32f1xx_hal_tim.o
                0x0000000008001d70                HAL_TIM_Base_Init
 *fill*         0x0000000008001e0e        0x2 
 .text.HAL_TIM_Base_Start_IT
                0x0000000008001e10       0x98 ./Drivers/STM32F1xx_HAL_Driver/Src/stm32f1xx_hal_tim.o
                0x0000000008001e10                HAL_TIM_Base_Start_IT
 .text.HAL_TIM_IRQHandler
                0x0000000008001ea8      0x210 ./Drivers/STM32F1xx_HAL_Driver/Src/stm32f1xx_hal_tim.o
                0x0000000008001ea8                HAL_TIM_IRQHandler
 .text.HAL_TIM_ConfigClockSource
                0x00000000080020b8      0x188 ./Drivers/STM32F1xx_HAL_Driver/Src/stm32f1xx_hal_tim.o
                0x00000000080020b8                HAL_TIM_ConfigClockSource
 .text.HAL_TIM_OC_DelayElapsedCallback
                0x0000000008002240       0x12 ./Drivers/STM32F1xx_HAL_Driver/Src/stm32f1xx_hal_tim.o
                0x0000000008002240                HAL_TIM_OC_DelayElapsedCallback
 .text.HAL_TIM_IC_CaptureCallback
                0x0000000008002252       0x12 ./Drivers/STM32F1xx_HAL_Driver/Src/stm32f1xx_hal_tim.o
                0x0000000008002252                HAL_TIM_IC_CaptureCallback
 .text.HAL_TIM_PWM_PulseFinishedCallback
                0x0000000008002264       0x12 ./Drivers/STM32F1xx_HAL_Driver/Src/stm32f1xx_hal_tim.o
                0x0000000008002264                HAL_TIM_PWM_PulseFinishedCallback
 .text.HAL_TIM_TriggerCallback
                0x0000000008002276       0x12 ./Drivers/STM32F1xx_HAL_Driver/Src/stm32f1xx_hal_tim.o
                0x0000000008002276                HAL_TIM_TriggerCallback
 .text.TIM_Base_SetConfig
                0x0000000008002288       0xb0 ./Drivers/STM32F1xx_HAL_Driver/Src/stm32f1xx_hal_tim.o
                0x0000000008002288                TIM_Base_SetConfig
 .text.TIM_TI1_ConfigInputStage
                0x0000000008002338       0x5c ./Drivers/STM32F1xx_HAL_Driver/Src/stm32f1xx_hal_tim.o
 .text.TIM_TI2_ConfigInputStage
                0x0000000008002394       0x5e ./Drivers/STM32F1xx_HAL_Driver/Src/stm32f1xx_hal_tim.o
 .text.TIM_ITRx_SetConfig
                0x00000000080023f2       0x34 ./Drivers/STM32F1xx_HAL_Driver/Src/stm32f1xx_hal_tim.o
 .text.TIM_ETR_SetConfig
                0x0000000008002426       0x3e ./Drivers/STM32F1xx_HAL_Driver/Src/stm32f1xx_hal_tim.o
                0x0000000008002426                TIM_ETR_SetConfig
 .text.HAL_TIMEx_MasterConfigSynchronization
                0x0000000008002464       0xb0 ./Drivers/STM32F1xx_HAL_Driver/Src/stm32f1xx_hal_tim_ex.o
                0x0000000008002464                HAL_TIMEx_MasterConfigSynchronization
 .text.HAL_TIMEx_CommutCallback
                0x0000000008002514       0x12 ./Drivers/STM32F1xx_HAL_Driver/Src/stm32f1xx_hal_tim_ex.o
                0x0000000008002514                HAL_TIMEx_CommutCallback
 .text.HAL_TIMEx_BreakCallback
                0x0000000008002526       0x12 ./Drivers/STM32F1xx_HAL_Driver/Src/stm32f1xx_hal_tim_ex.o
                0x0000000008002526                HAL_TIMEx_BreakCallback
 .text.__libc_init_array
                0x0000000008002538       0x48 c:/st/stm32cubeide_1.7.0/stm32cubeide/plugins/com.st.stm32cube.ide.mcu.externaltools.gnu-tools-for-stm32.9-2020-q2-update.win32_2.0.0.202105311346/tools/bin/../lib/gcc/arm-none-eabi/9.3.1/../../../../arm-none-eabi/lib/thumb/v7-m/nofp\libc_nano.a(lib_a-init.o)
                0x0000000008002538                __libc_init_array
 .text.memset   0x0000000008002580       0x10 c:/st/stm32cubeide_1.7.0/stm32cubeide/plugins/com.st.stm32cube.ide.mcu.externaltools.gnu-tools-for-stm32.9-2020-q2-update.win32_2.0.0.202105311346/tools/bin/../lib/gcc/arm-none-eabi/9.3.1/../../../../arm-none-eabi/lib/thumb/v7-m/nofp\libc_nano.a(lib_a-memset.o)
                0x0000000008002580                memset
 *(.glue_7)
 .glue_7        0x0000000008002590        0x0 linker stubs
 *(.glue_7t)
 .glue_7t       0x0000000008002590        0x0 linker stubs
 *(.eh_frame)
 .eh_frame      0x0000000008002590        0x0 c:/st/stm32cubeide_1.7.0/stm32cubeide/plugins/com.st.stm32cube.ide.mcu.externaltools.gnu-tools-for-stm32.9-2020-q2-update.win32_2.0.0.202105311346/tools/bin/../lib/gcc/arm-none-eabi/9.3.1/thumb/v7-m/nofp/crtbegin.o
 *(.init)
 .init          0x0000000008002590        0x4 c:/st/stm32cubeide_1.7.0/stm32cubeide/plugins/com.st.stm32cube.ide.mcu.externaltools.gnu-tools-for-stm32.9-2020-q2-update.win32_2.0.0.202105311346/tools/bin/../lib/gcc/arm-none-eabi/9.3.1/thumb/v7-m/nofp/crti.o
                0x0000000008002590                _init
 .init          0x0000000008002594        0x8 c:/st/stm32cubeide_1.7.0/stm32cubeide/plugins/com.st.stm32cube.ide.mcu.externaltools.gnu-tools-for-stm32.9-2020-q2-update.win32_2.0.0.202105311346/tools/bin/../lib/gcc/arm-none-eabi/9.3.1/thumb/v7-m/nofp/crtn.o
 *(.fini)
 .fini          0x000000000800259c        0x4 c:/st/stm32cubeide_1.7.0/stm32cubeide/plugins/com.st.stm32cube.ide.mcu.externaltools.gnu-tools-for-stm32.9-2020-q2-update.win32_2.0.0.202105311346/tools/bin/../lib/gcc/arm-none-eabi/9.3.1/thumb/v7-m/nofp/crti.o
                0x000000000800259c                _fini
 .fini          0x00000000080025a0        0x8 c:/st/stm32cubeide_1.7.0/stm32cubeide/plugins/com.st.stm32cube.ide.mcu.externaltools.gnu-tools-for-stm32.9-2020-q2-update.win32_2.0.0.202105311346/tools/bin/../lib/gcc/arm-none-eabi/9.3.1/thumb/v7-m/nofp/crtn.o
                0x00000000080025a8                . = ALIGN (0x4)
                0x00000000080025a8                _etext = .

.vfp11_veneer   0x00000000080025a8        0x0
 .vfp11_veneer  0x00000000080025a8        0x0 linker stubs

.v4_bx          0x00000000080025a8        0x0
 .v4_bx         0x00000000080025a8        0x0 linker stubs

.iplt           0x00000000080025a8        0x0
 .iplt          0x00000000080025a8        0x0 c:/st/stm32cubeide_1.7.0/stm32cubeide/plugins/com.st.stm32cube.ide.mcu.externaltools.gnu-tools-for-stm32.9-2020-q2-update.win32_2.0.0.202105311346/tools/bin/../lib/gcc/arm-none-eabi/9.3.1/thumb/v7-m/nofp/crtbegin.o

.rodata         0x00000000080025a8       0x20
                0x00000000080025a8                . = ALIGN (0x4)
 *(.rodata)
 .rodata        0x00000000080025a8       0x10 ./Drivers/STM32F1xx_HAL_Driver/Src/stm32f1xx_hal_rcc.o
 *(.rodata*)
 .rodata.AHBPrescTable
                0x00000000080025b8       0x10 ./Core/Src/system_stm32f1xx.o
                0x00000000080025b8                AHBPrescTable
                0x00000000080025c8                . = ALIGN (0x4)

.rel.dyn        0x00000000080025c8        0x0
 .rel.iplt      0x00000000080025c8        0x0 c:/st/stm32cubeide_1.7.0/stm32cubeide/plugins/com.st.stm32cube.ide.mcu.externaltools.gnu-tools-for-stm32.9-2020-q2-update.win32_2.0.0.202105311346/tools/bin/../lib/gcc/arm-none-eabi/9.3.1/thumb/v7-m/nofp/crtbegin.o

.ARM.extab      0x00000000080025c8        0x0
                0x00000000080025c8                . = ALIGN (0x4)
 *(.ARM.extab* .gnu.linkonce.armextab.*)
                0x00000000080025c8                . = ALIGN (0x4)

.ARM            0x00000000080025c8        0x0
                0x00000000080025c8                . = ALIGN (0x4)
                0x00000000080025c8                __exidx_start = .
 *(.ARM.exidx*)
                0x00000000080025c8                __exidx_end = .
                0x00000000080025c8                . = ALIGN (0x4)

.preinit_array  0x00000000080025c8        0x0
                0x00000000080025c8                . = ALIGN (0x4)
                0x00000000080025c8                PROVIDE (__preinit_array_start = .)
 *(.preinit_array*)
                0x00000000080025c8                PROVIDE (__preinit_array_end = .)
                0x00000000080025c8                . = ALIGN (0x4)

.init_array     0x00000000080025c8        0x4
                0x00000000080025c8                . = ALIGN (0x4)
                0x00000000080025c8                PROVIDE (__init_array_start = .)
 *(SORT_BY_NAME(.init_array.*))
 *(.init_array*)
 .init_array    0x00000000080025c8        0x4 c:/st/stm32cubeide_1.7.0/stm32cubeide/plugins/com.st.stm32cube.ide.mcu.externaltools.gnu-tools-for-stm32.9-2020-q2-update.win32_2.0.0.202105311346/tools/bin/../lib/gcc/arm-none-eabi/9.3.1/thumb/v7-m/nofp/crtbegin.o
                0x00000000080025cc                PROVIDE (__init_array_end = .)
                0x00000000080025cc                . = ALIGN (0x4)

.fini_array     0x00000000080025cc        0x4
                0x00000000080025cc                . = ALIGN (0x4)
                [!provide]                        PROVIDE (__fini_array_start = .)
 *(SORT_BY_NAME(.fini_array.*))
 *(.fini_array*)
 .fini_array    0x00000000080025cc        0x4 c:/st/stm32cubeide_1.7.0/stm32cubeide/plugins/com.st.stm32cube.ide.mcu.externaltools.gnu-tools-for-stm32.9-2020-q2-update.win32_2.0.0.202105311346/tools/bin/../lib/gcc/arm-none-eabi/9.3.1/thumb/v7-m/nofp/crtbegin.o
                [!provide]                        PROVIDE (__fini_array_end = .)
                0x00000000080025d0                . = ALIGN (0x4)
                0x00000000080025d0                _sidata = LOADADDR (.data)

.data           0x0000000020000000       0x74 load address 0x00000000080025d0
                0x0000000020000000                . = ALIGN (0x4)
                0x0000000020000000                _sdata = .
 *(.data)
 *(.data*)
 .data.buttonState
                0x0000000020000000        0x1 ./Core/Src/input_processing.o
                0x0000000020000000                buttonState
 *fill*         0x0000000020000001        0x3 
 .data.buttonPin
                0x0000000020000004        0x6 ./Core/Src/input_reading.o
 *fill*         0x000000002000000a        0x2 
 .data.sevenSegmentLEDConversionAnode
                0x000000002000000c        0xa ./Core/Src/led_7seg_anode.o
 *fill*         0x0000000020000016        0x2 
 .data.sevenSegmentbitConversion
                0x0000000020000018        0x7 ./Core/Src/led_7seg_anode.o
 *fill*         0x000000002000001f        0x1 
 .data.gate     0x0000000020000020       0x1c ./Core/Src/led_7seg_anode.o
 .data.ENA      0x000000002000003c        0x8 ./Core/Src/main.o
 .data.val      0x0000000020000044        0x4 ./Core/Src/main.o
                0x0000000020000044                val
 .data.SystemCoreClock
                0x0000000020000048        0x4 ./Core/Src/system_stm32f1xx.o
                0x0000000020000048                SystemCoreClock
 .data.RedLED   0x000000002000004c        0x4 ./Core/Src/traffic_led.o
 .data.YellowLED
                0x0000000020000050        0x4 ./Core/Src/traffic_led.o
 .data.GreenLED
                0x0000000020000054        0x4 ./Core/Src/traffic_led.o
 .data.typeLED  0x0000000020000058        0xc ./Core/Src/traffic_led.o
 .data.counterBuffer
                0x0000000020000064        0x3 ./Core/Src/traffic_led.o
 *fill*         0x0000000020000067        0x1 
 .data.color2   0x0000000020000068        0x4 ./Core/Src/traffic_led.o
                0x0000000020000068                color2
 .data.uwTickPrio
                0x000000002000006c        0x4 ./Drivers/STM32F1xx_HAL_Driver/Src/stm32f1xx_hal.o
                0x000000002000006c                uwTickPrio
 .data.uwTickFreq
                0x0000000020000070        0x1 ./Drivers/STM32F1xx_HAL_Driver/Src/stm32f1xx_hal.o
                0x0000000020000070                uwTickFreq
 *(.RamFunc)
 *(.RamFunc*)
                0x0000000020000074                . = ALIGN (0x4)
 *fill*         0x0000000020000071        0x3 
                0x0000000020000074                _edata = .

.igot.plt       0x0000000020000074        0x0 load address 0x0000000008002644
 .igot.plt      0x0000000020000074        0x0 c:/st/stm32cubeide_1.7.0/stm32cubeide/plugins/com.st.stm32cube.ide.mcu.externaltools.gnu-tools-for-stm32.9-2020-q2-update.win32_2.0.0.202105311346/tools/bin/../lib/gcc/arm-none-eabi/9.3.1/thumb/v7-m/nofp/crtbegin.o
                0x0000000020000074                . = ALIGN (0x4)

.bss            0x0000000020000074       0xbc load address 0x0000000008002644
                0x0000000020000074                _sbss = .
                0x0000000020000074                __bss_start__ = _sbss
 *(.bss)
 .bss           0x0000000020000074       0x1c c:/st/stm32cubeide_1.7.0/stm32cubeide/plugins/com.st.stm32cube.ide.mcu.externaltools.gnu-tools-for-stm32.9-2020-q2-update.win32_2.0.0.202105311346/tools/bin/../lib/gcc/arm-none-eabi/9.3.1/thumb/v7-m/nofp/crtbegin.o
 *(.bss*)
 .bss.stateflag
                0x0000000020000090        0x4 ./Core/Src/Timer_Interrupt.o
                0x0000000020000090                stateflag
 .bss.timer0_flag
                0x0000000020000094        0x4 ./Core/Src/Timer_Interrupt.o
                0x0000000020000094                timer0_flag
 .bss.timer0_counter
                0x0000000020000098        0x4 ./Core/Src/Timer_Interrupt.o
                0x0000000020000098                timer0_counter
 .bss.status    0x000000002000009c       0x10 ./Core/Src/input_processing.o
 .bss.normalMode
                0x00000000200000ac        0x1 ./Core/Src/input_processing.o
                0x00000000200000ac                normalMode
 *fill*         0x00000000200000ad        0x3 
 .bss.buttonBuffer
                0x00000000200000b0        0x3 ./Core/Src/input_reading.o
 *fill*         0x00000000200000b3        0x1 
 .bss.debounceButtonBuffer1
                0x00000000200000b4        0x3 ./Core/Src/input_reading.o
 *fill*         0x00000000200000b7        0x1 
 .bss.debounceButtonBuffer2
                0x00000000200000b8        0x3 ./Core/Src/input_reading.o
 .bss.counterInterval
                0x00000000200000bb        0x1 ./Core/Src/input_reading.o
 .bss.sevenSegmentLEDBuffer
                0x00000000200000bc        0x2 ./Core/Src/led_7seg_anode.o
 *fill*         0x00000000200000be        0x2 
 .bss.led_buffer
                0x00000000200000c0       0x10 ./Core/Src/main.o
 .bss.led_counter
                0x00000000200000d0        0x4 ./Core/Src/main.o
                0x00000000200000d0                led_counter
 .bss.blink_counter
                0x00000000200000d4        0x4 ./Core/Src/main.o
                0x00000000200000d4                blink_counter
 .bss.color1    0x00000000200000d8        0x4 ./Core/Src/traffic_led.o
                0x00000000200000d8                color1
 .bss.limit1    0x00000000200000dc        0x4 ./Core/Src/traffic_led.o
                0x00000000200000dc                limit1
 .bss.limit2    0x00000000200000e0        0x4 ./Core/Src/traffic_led.o
                0x00000000200000e0                limit2
 *(COMMON)
 COMMON         0x00000000200000e4       0x48 ./Core/Src/main.o
                0x00000000200000e4                htim2
 COMMON         0x000000002000012c        0x4 ./Drivers/STM32F1xx_HAL_Driver/Src/stm32f1xx_hal.o
                0x000000002000012c                uwTick
                0x0000000020000130                . = ALIGN (0x4)
                0x0000000020000130                _ebss = .
                0x0000000020000130                __bss_end__ = _ebss

._user_heap_stack
                0x0000000020000130      0x600 load address 0x0000000008002644
                0x0000000020000130                . = ALIGN (0x8)
                [!provide]                        PROVIDE (end = .)
                0x0000000020000130                PROVIDE (_end = .)
                0x0000000020000330                . = (. + _Min_Heap_Size)
 *fill*         0x0000000020000130      0x200 
                0x0000000020000730                . = (. + _Min_Stack_Size)
 *fill*         0x0000000020000330      0x400 
                0x0000000020000730                . = ALIGN (0x8)

/DISCARD/
 libc.a(*)
 libm.a(*)
 libgcc.a(*)

.ARM.attributes
                0x0000000000000000       0x29
 *(.ARM.attributes)
 .ARM.attributes
                0x0000000000000000       0x1d c:/st/stm32cubeide_1.7.0/stm32cubeide/plugins/com.st.stm32cube.ide.mcu.externaltools.gnu-tools-for-stm32.9-2020-q2-update.win32_2.0.0.202105311346/tools/bin/../lib/gcc/arm-none-eabi/9.3.1/thumb/v7-m/nofp/crti.o
 .ARM.attributes
                0x000000000000001d       0x2d c:/st/stm32cubeide_1.7.0/stm32cubeide/plugins/com.st.stm32cube.ide.mcu.externaltools.gnu-tools-for-stm32.9-2020-q2-update.win32_2.0.0.202105311346/tools/bin/../lib/gcc/arm-none-eabi/9.3.1/thumb/v7-m/nofp/crtbegin.o
 .ARM.attributes
                0x000000000000004a       0x2d ./Core/Src/Timer_Interrupt.o
 .ARM.attributes
                0x0000000000000077       0x2d ./Core/Src/input_processing.o
 .ARM.attributes
                0x00000000000000a4       0x2d ./Core/Src/input_reading.o
 .ARM.attributes
                0x00000000000000d1       0x2d ./Core/Src/led_7seg_anode.o
 .ARM.attributes
                0x00000000000000fe       0x2d ./Core/Src/main.o
 .ARM.attributes
                0x000000000000012b       0x2d ./Core/Src/stm32f1xx_hal_msp.o
 .ARM.attributes
                0x0000000000000158       0x2d ./Core/Src/stm32f1xx_it.o
 .ARM.attributes
                0x0000000000000185       0x2d ./Core/Src/system_stm32f1xx.o
 .ARM.attributes
                0x00000000000001b2       0x2d ./Core/Src/traffic_led.o
 .ARM.attributes
                0x00000000000001df       0x21 ./Core/Startup/startup_stm32f103c6tx.o
 .ARM.attributes
                0x0000000000000200       0x2d ./Drivers/STM32F1xx_HAL_Driver/Src/stm32f1xx_hal.o
 .ARM.attributes
                0x000000000000022d       0x2d ./Drivers/STM32F1xx_HAL_Driver/Src/stm32f1xx_hal_cortex.o
 .ARM.attributes
                0x000000000000025a       0x2d ./Drivers/STM32F1xx_HAL_Driver/Src/stm32f1xx_hal_gpio.o
 .ARM.attributes
                0x0000000000000287       0x2d ./Drivers/STM32F1xx_HAL_Driver/Src/stm32f1xx_hal_rcc.o
 .ARM.attributes
                0x00000000000002b4       0x2d ./Drivers/STM32F1xx_HAL_Driver/Src/stm32f1xx_hal_tim.o
 .ARM.attributes
                0x00000000000002e1       0x2d ./Drivers/STM32F1xx_HAL_Driver/Src/stm32f1xx_hal_tim_ex.o
 .ARM.attributes
                0x000000000000030e       0x2d c:/st/stm32cubeide_1.7.0/stm32cubeide/plugins/com.st.stm32cube.ide.mcu.externaltools.gnu-tools-for-stm32.9-2020-q2-update.win32_2.0.0.202105311346/tools/bin/../lib/gcc/arm-none-eabi/9.3.1/../../../../arm-none-eabi/lib/thumb/v7-m/nofp\libc_nano.a(lib_a-init.o)
 .ARM.attributes
                0x000000000000033b       0x2d c:/st/stm32cubeide_1.7.0/stm32cubeide/plugins/com.st.stm32cube.ide.mcu.externaltools.gnu-tools-for-stm32.9-2020-q2-update.win32_2.0.0.202105311346/tools/bin/../lib/gcc/arm-none-eabi/9.3.1/../../../../arm-none-eabi/lib/thumb/v7-m/nofp\libc_nano.a(lib_a-memset.o)
 .ARM.attributes
                0x0000000000000368       0x1d c:/st/stm32cubeide_1.7.0/stm32cubeide/plugins/com.st.stm32cube.ide.mcu.externaltools.gnu-tools-for-stm32.9-2020-q2-update.win32_2.0.0.202105311346/tools/bin/../lib/gcc/arm-none-eabi/9.3.1/thumb/v7-m/nofp/crtn.o
OUTPUT(INTERRUPTS_TIMER_AND_LED_SCANNING.elf elf32-littlearm)
LOAD linker stubs
LOAD c:/st/stm32cubeide_1.7.0/stm32cubeide/plugins/com.st.stm32cube.ide.mcu.externaltools.gnu-tools-for-stm32.9-2020-q2-update.win32_2.0.0.202105311346/tools/bin/../lib/gcc/arm-none-eabi/9.3.1/../../../../arm-none-eabi/lib/thumb/v7-m/nofp\libc.a
LOAD c:/st/stm32cubeide_1.7.0/stm32cubeide/plugins/com.st.stm32cube.ide.mcu.externaltools.gnu-tools-for-stm32.9-2020-q2-update.win32_2.0.0.202105311346/tools/bin/../lib/gcc/arm-none-eabi/9.3.1/../../../../arm-none-eabi/lib/thumb/v7-m/nofp\libm.a
LOAD c:/st/stm32cubeide_1.7.0/stm32cubeide/plugins/com.st.stm32cube.ide.mcu.externaltools.gnu-tools-for-stm32.9-2020-q2-update.win32_2.0.0.202105311346/tools/bin/../lib/gcc/arm-none-eabi/9.3.1/thumb/v7-m/nofp\libgcc.a

.debug_info     0x0000000000000000     0x94dd
 .debug_info    0x0000000000000000      0x37a ./Core/Src/Timer_Interrupt.o
 .debug_info    0x000000000000037a      0x243 ./Core/Src/input_processing.o
 .debug_info    0x00000000000005bd      0x335 ./Core/Src/input_reading.o
 .debug_info    0x00000000000008f2      0x360 ./Core/Src/led_7seg_anode.o
 .debug_info    0x0000000000000c52      0xd65 ./Core/Src/main.o
 .debug_info    0x00000000000019b7      0xa04 ./Core/Src/stm32f1xx_hal_msp.o
 .debug_info    0x00000000000023bb      0x7b4 ./Core/Src/stm32f1xx_it.o
 .debug_info    0x0000000000002b6f      0x2be ./Core/Src/system_stm32f1xx.o
 .debug_info    0x0000000000002e2d      0x4db ./Core/Src/traffic_led.o
 .debug_info    0x0000000000003308       0x22 ./Core/Startup/startup_stm32f103c6tx.o
 .debug_info    0x000000000000332a      0x74c ./Drivers/STM32F1xx_HAL_Driver/Src/stm32f1xx_hal.o
 .debug_info    0x0000000000003a76      0xbbe ./Drivers/STM32F1xx_HAL_Driver/Src/stm32f1xx_hal_cortex.o
 .debug_info    0x0000000000004634      0x701 ./Drivers/STM32F1xx_HAL_Driver/Src/stm32f1xx_hal_gpio.o
 .debug_info    0x0000000000004d35      0x88e ./Drivers/STM32F1xx_HAL_Driver/Src/stm32f1xx_hal_rcc.o
 .debug_info    0x00000000000055c3     0x2a45 ./Drivers/STM32F1xx_HAL_Driver/Src/stm32f1xx_hal_tim.o
 .debug_info    0x0000000000008008     0x14d5 ./Drivers/STM32F1xx_HAL_Driver/Src/stm32f1xx_hal_tim_ex.o

.debug_abbrev   0x0000000000000000     0x1d43
 .debug_abbrev  0x0000000000000000      0x18e ./Core/Src/Timer_Interrupt.o
 .debug_abbrev  0x000000000000018e      0x13f ./Core/Src/input_processing.o
 .debug_abbrev  0x00000000000002cd      0x16e ./Core/Src/input_reading.o
 .debug_abbrev  0x000000000000043b      0x175 ./Core/Src/led_7seg_anode.o
 .debug_abbrev  0x00000000000005b0      0x2ed ./Core/Src/main.o
 .debug_abbrev  0x000000000000089d      0x1b7 ./Core/Src/stm32f1xx_hal_msp.o
 .debug_abbrev  0x0000000000000a54      0x176 ./Core/Src/stm32f1xx_it.o
 .debug_abbrev  0x0000000000000bca      0x14e ./Core/Src/system_stm32f1xx.o
 .debug_abbrev  0x0000000000000d18      0x1fa ./Core/Src/traffic_led.o
 .debug_abbrev  0x0000000000000f12       0x12 ./Core/Startup/startup_stm32f103c6tx.o
 .debug_abbrev  0x0000000000000f24      0x1ed ./Drivers/STM32F1xx_HAL_Driver/Src/stm32f1xx_hal.o
 .debug_abbrev  0x0000000000001111      0x313 ./Drivers/STM32F1xx_HAL_Driver/Src/stm32f1xx_hal_cortex.o
 .debug_abbrev  0x0000000000001424      0x1e8 ./Drivers/STM32F1xx_HAL_Driver/Src/stm32f1xx_hal_gpio.o
 .debug_abbrev  0x000000000000160c      0x273 ./Drivers/STM32F1xx_HAL_Driver/Src/stm32f1xx_hal_rcc.o
 .debug_abbrev  0x000000000000187f      0x25e ./Drivers/STM32F1xx_HAL_Driver/Src/stm32f1xx_hal_tim.o
 .debug_abbrev  0x0000000000001add      0x266 ./Drivers/STM32F1xx_HAL_Driver/Src/stm32f1xx_hal_tim_ex.o

.debug_aranges  0x0000000000000000      0xac8
 .debug_aranges
                0x0000000000000000       0x70 ./Core/Src/Timer_Interrupt.o
 .debug_aranges
                0x0000000000000070       0x30 ./Core/Src/input_processing.o
 .debug_aranges
                0x00000000000000a0       0x30 ./Core/Src/input_reading.o
 .debug_aranges
                0x00000000000000d0       0x30 ./Core/Src/led_7seg_anode.o
 .debug_aranges
                0x0000000000000100       0x78 ./Core/Src/main.o
 .debug_aranges
                0x0000000000000178       0x30 ./Core/Src/stm32f1xx_hal_msp.o
 .debug_aranges
                0x00000000000001a8       0x68 ./Core/Src/stm32f1xx_it.o
 .debug_aranges
                0x0000000000000210       0x28 ./Core/Src/system_stm32f1xx.o
 .debug_aranges
                0x0000000000000238       0x68 ./Core/Src/traffic_led.o
 .debug_aranges
                0x00000000000002a0       0x28 ./Core/Startup/startup_stm32f103c6tx.o
 .debug_aranges
                0x00000000000002c8       0xe0 ./Drivers/STM32F1xx_HAL_Driver/Src/stm32f1xx_hal.o
 .debug_aranges
                0x00000000000003a8      0x100 ./Drivers/STM32F1xx_HAL_Driver/Src/stm32f1xx_hal_cortex.o
 .debug_aranges
                0x00000000000004a8       0x58 ./Drivers/STM32F1xx_HAL_Driver/Src/stm32f1xx_hal_gpio.o
 .debug_aranges
                0x0000000000000500       0x90 ./Drivers/STM32F1xx_HAL_Driver/Src/stm32f1xx_hal_rcc.o
 .debug_aranges
                0x0000000000000590      0x3d0 ./Drivers/STM32F1xx_HAL_Driver/Src/stm32f1xx_hal_tim.o
 .debug_aranges
                0x0000000000000960      0x168 ./Drivers/STM32F1xx_HAL_Driver/Src/stm32f1xx_hal_tim_ex.o

.debug_ranges   0x0000000000000000      0x9d0
 .debug_ranges  0x0000000000000000       0x60 ./Core/Src/Timer_Interrupt.o
 .debug_ranges  0x0000000000000060       0x20 ./Core/Src/input_processing.o
 .debug_ranges  0x0000000000000080       0x20 ./Core/Src/input_reading.o
 .debug_ranges  0x00000000000000a0       0x20 ./Core/Src/led_7seg_anode.o
 .debug_ranges  0x00000000000000c0       0x68 ./Core/Src/main.o
 .debug_ranges  0x0000000000000128       0x20 ./Core/Src/stm32f1xx_hal_msp.o
 .debug_ranges  0x0000000000000148       0x58 ./Core/Src/stm32f1xx_it.o
 .debug_ranges  0x00000000000001a0       0x18 ./Core/Src/system_stm32f1xx.o
 .debug_ranges  0x00000000000001b8       0x58 ./Core/Src/traffic_led.o
 .debug_ranges  0x0000000000000210       0x20 ./Core/Startup/startup_stm32f103c6tx.o
 .debug_ranges  0x0000000000000230       0xd0 ./Drivers/STM32F1xx_HAL_Driver/Src/stm32f1xx_hal.o
 .debug_ranges  0x0000000000000300       0xf0 ./Drivers/STM32F1xx_HAL_Driver/Src/stm32f1xx_hal_cortex.o
 .debug_ranges  0x00000000000003f0       0x48 ./Drivers/STM32F1xx_HAL_Driver/Src/stm32f1xx_hal_gpio.o
 .debug_ranges  0x0000000000000438       0x80 ./Drivers/STM32F1xx_HAL_Driver/Src/stm32f1xx_hal_rcc.o
 .debug_ranges  0x00000000000004b8      0x3c0 ./Drivers/STM32F1xx_HAL_Driver/Src/stm32f1xx_hal_tim.o
 .debug_ranges  0x0000000000000878      0x158 ./Drivers/STM32F1xx_HAL_Driver/Src/stm32f1xx_hal_tim_ex.o

.debug_macro    0x0000000000000000    0x16b6c
 .debug_macro   0x0000000000000000      0x1ab ./Core/Src/Timer_Interrupt.o
 .debug_macro   0x00000000000001ab      0xa9c ./Core/Src/Timer_Interrupt.o
 .debug_macro   0x0000000000000c47      0x215 ./Core/Src/Timer_Interrupt.o
 .debug_macro   0x0000000000000e5c       0x2e ./Core/Src/Timer_Interrupt.o
 .debug_macro   0x0000000000000e8a       0x22 ./Core/Src/Timer_Interrupt.o
 .debug_macro   0x0000000000000eac       0x22 ./Core/Src/Timer_Interrupt.o
 .debug_macro   0x0000000000000ece       0x8e ./Core/Src/Timer_Interrupt.o
 .debug_macro   0x0000000000000f5c       0x51 ./Core/Src/Timer_Interrupt.o
 .debug_macro   0x0000000000000fad      0x103 ./Core/Src/Timer_Interrupt.o
 .debug_macro   0x00000000000010b0       0x6a ./Core/Src/Timer_Interrupt.o
 .debug_macro   0x000000000000111a      0x1df ./Core/Src/Timer_Interrupt.o
 .debug_macro   0x00000000000012f9       0x1c ./Core/Src/Timer_Interrupt.o
 .debug_macro   0x0000000000001315       0x22 ./Core/Src/Timer_Interrupt.o
 .debug_macro   0x0000000000001337       0xc3 ./Core/Src/Timer_Interrupt.o
 .debug_macro   0x00000000000013fa      0xd23 ./Core/Src/Timer_Interrupt.o
 .debug_macro   0x000000000000211d     0xde75 ./Core/Src/Timer_Interrupt.o
 .debug_macro   0x000000000000ff92       0x6d ./Core/Src/Timer_Interrupt.o
 .debug_macro   0x000000000000ffff     0x3468 ./Core/Src/Timer_Interrupt.o
 .debug_macro   0x0000000000013467      0x174 ./Core/Src/Timer_Interrupt.o
 .debug_macro   0x00000000000135db       0x5c ./Core/Src/Timer_Interrupt.o
 .debug_macro   0x0000000000013637      0x5be ./Core/Src/Timer_Interrupt.o
 .debug_macro   0x0000000000013bf5      0x1b7 ./Core/Src/Timer_Interrupt.o
 .debug_macro   0x0000000000013dac      0x1cb ./Core/Src/Timer_Interrupt.o
 .debug_macro   0x0000000000013f77      0x114 ./Core/Src/Timer_Interrupt.o
 .debug_macro   0x000000000001408b      0x1b2 ./Core/Src/Timer_Interrupt.o
 .debug_macro   0x000000000001423d       0x27 ./Core/Src/Timer_Interrupt.o
 .debug_macro   0x0000000000014264      0x12f ./Core/Src/Timer_Interrupt.o
 .debug_macro   0x0000000000014393      0x1bc ./Core/Src/Timer_Interrupt.o
 .debug_macro   0x000000000001454f       0x34 ./Core/Src/Timer_Interrupt.o
 .debug_macro   0x0000000000014583       0x3c ./Core/Src/Timer_Interrupt.o
 .debug_macro   0x00000000000145bf       0x57 ./Core/Src/Timer_Interrupt.o
 .debug_macro   0x0000000000014616       0x88 ./Core/Src/Timer_Interrupt.o
 .debug_macro   0x000000000001469e      0x183 ./Core/Src/Timer_Interrupt.o
 .debug_macro   0x0000000000014821      0x141 ./Core/Src/Timer_Interrupt.o
 .debug_macro   0x0000000000014962      0x8d1 ./Core/Src/Timer_Interrupt.o
 .debug_macro   0x0000000000015233       0x69 ./Core/Src/Timer_Interrupt.o
 .debug_macro   0x000000000001529c       0x2e ./Core/Src/Timer_Interrupt.o
 .debug_macro   0x00000000000152ca      0x1c6 ./Core/Src/input_processing.o
 .debug_macro   0x0000000000015490       0x10 ./Core/Src/input_processing.o
 .debug_macro   0x00000000000154a0       0x3a ./Core/Src/input_processing.o
 .debug_macro   0x00000000000154da       0x46 ./Core/Src/input_processing.o
 .debug_macro   0x0000000000015520      0x1ab ./Core/Src/input_reading.o
 .debug_macro   0x00000000000156cb      0x1ab ./Core/Src/led_7seg_anode.o
 .debug_macro   0x0000000000015876       0x40 ./Core/Src/led_7seg_anode.o
 .debug_macro   0x00000000000158b6      0x1f3 ./Core/Src/main.o
 .debug_macro   0x0000000000015aa9      0x1a2 ./Core/Src/stm32f1xx_hal_msp.o
 .debug_macro   0x0000000000015c4b      0x1ac ./Core/Src/stm32f1xx_it.o
 .debug_macro   0x0000000000015df7      0x198 ./Core/Src/system_stm32f1xx.o
 .debug_macro   0x0000000000015f8f      0x1ab ./Core/Src/traffic_led.o
 .debug_macro   0x000000000001613a      0x1bc ./Drivers/STM32F1xx_HAL_Driver/Src/stm32f1xx_hal.o
 .debug_macro   0x00000000000162f6      0x198 ./Drivers/STM32F1xx_HAL_Driver/Src/stm32f1xx_hal_cortex.o
 .debug_macro   0x000000000001648e      0x203 ./Drivers/STM32F1xx_HAL_Driver/Src/stm32f1xx_hal_gpio.o
 .debug_macro   0x0000000000016691      0x1aa ./Drivers/STM32F1xx_HAL_Driver/Src/stm32f1xx_hal_rcc.o
 .debug_macro   0x000000000001683b      0x199 ./Drivers/STM32F1xx_HAL_Driver/Src/stm32f1xx_hal_tim.o
 .debug_macro   0x00000000000169d4      0x198 ./Drivers/STM32F1xx_HAL_Driver/Src/stm32f1xx_hal_tim_ex.o

.debug_line     0x0000000000000000     0xb8ac
 .debug_line    0x0000000000000000      0x79c ./Core/Src/Timer_Interrupt.o
 .debug_line    0x000000000000079c      0x7ef ./Core/Src/input_processing.o
 .debug_line    0x0000000000000f8b      0x717 ./Core/Src/input_reading.o
 .debug_line    0x00000000000016a2      0x6dc ./Core/Src/led_7seg_anode.o
 .debug_line    0x0000000000001d7e      0x8e4 ./Core/Src/main.o
 .debug_line    0x0000000000002662      0x6a1 ./Core/Src/stm32f1xx_hal_msp.o
 .debug_line    0x0000000000002d03      0x73f ./Core/Src/stm32f1xx_it.o
 .debug_line    0x0000000000003442      0x6e3 ./Core/Src/system_stm32f1xx.o
 .debug_line    0x0000000000003b25      0x7d5 ./Core/Src/traffic_led.o
 .debug_line    0x00000000000042fa       0x87 ./Core/Startup/startup_stm32f103c6tx.o
 .debug_line    0x0000000000004381      0x910 ./Drivers/STM32F1xx_HAL_Driver/Src/stm32f1xx_hal.o
 .debug_line    0x0000000000004c91      0xaf8 ./Drivers/STM32F1xx_HAL_Driver/Src/stm32f1xx_hal_cortex.o
 .debug_line    0x0000000000005789      0x991 ./Drivers/STM32F1xx_HAL_Driver/Src/stm32f1xx_hal_gpio.o
 .debug_line    0x000000000000611a      0xd1e ./Drivers/STM32F1xx_HAL_Driver/Src/stm32f1xx_hal_rcc.o
 .debug_line    0x0000000000006e38     0x326e ./Drivers/STM32F1xx_HAL_Driver/Src/stm32f1xx_hal_tim.o
 .debug_line    0x000000000000a0a6     0x1806 ./Drivers/STM32F1xx_HAL_Driver/Src/stm32f1xx_hal_tim_ex.o

.debug_str      0x0000000000000000    0x8220f
 .debug_str     0x0000000000000000    0x7f2e9 ./Core/Src/Timer_Interrupt.o
                                      0x7f620 (size before relaxing)
 .debug_str     0x000000000007f2e9      0x246 ./Core/Src/input_processing.o
                                      0x7f74f (size before relaxing)
 .debug_str     0x000000000007f52f       0xb1 ./Core/Src/input_reading.o
                                      0x7f674 (size before relaxing)
 .debug_str     0x000000000007f5e0      0x14b ./Core/Src/led_7seg_anode.o
                                      0x7f627 (size before relaxing)
 .debug_str     0x000000000007f72b      0x7a5 ./Core/Src/main.o
                                      0x80011 (size before relaxing)
 .debug_str     0x000000000007fed0      0x2ba ./Core/Src/stm32f1xx_hal_msp.o
                                      0x7fcba (size before relaxing)
 .debug_str     0x000000000008018a       0xcd ./Core/Src/stm32f1xx_it.o
                                      0x7fa1c (size before relaxing)
 .debug_str     0x0000000000080257       0x52 ./Core/Src/system_stm32f1xx.o
                                      0x7f522 (size before relaxing)
 .debug_str     0x00000000000802a9      0x110 ./Core/Src/traffic_led.o
                                      0x7f68d (size before relaxing)
 .debug_str     0x00000000000803b9       0x36 ./Core/Startup/startup_stm32f103c6tx.o
                                         0x8d (size before relaxing)
 .debug_str     0x00000000000803ef      0x304 ./Drivers/STM32F1xx_HAL_Driver/Src/stm32f1xx_hal.o
                                      0x7fb79 (size before relaxing)
 .debug_str     0x00000000000806f3      0x300 ./Drivers/STM32F1xx_HAL_Driver/Src/stm32f1xx_hal_cortex.o
                                      0x7fb81 (size before relaxing)
 .debug_str     0x00000000000809f3      0x311 ./Drivers/STM32F1xx_HAL_Driver/Src/stm32f1xx_hal_gpio.o
                                      0x7f8e6 (size before relaxing)
 .debug_str     0x0000000000080d04      0x24f ./Drivers/STM32F1xx_HAL_Driver/Src/stm32f1xx_hal_rcc.o
                                      0x7f91f (size before relaxing)
 .debug_str     0x0000000000080f53      0xdce ./Drivers/STM32F1xx_HAL_Driver/Src/stm32f1xx_hal_tim.o
                                      0x808f1 (size before relaxing)
 .debug_str     0x0000000000081d21      0x4ee ./Drivers/STM32F1xx_HAL_Driver/Src/stm32f1xx_hal_tim_ex.o
                                      0x800a2 (size before relaxing)

.comment        0x0000000000000000       0x53
 .comment       0x0000000000000000       0x53 ./Core/Src/Timer_Interrupt.o
                                         0x54 (size before relaxing)
 .comment       0x0000000000000053       0x54 ./Core/Src/input_processing.o
 .comment       0x0000000000000053       0x54 ./Core/Src/input_reading.o
 .comment       0x0000000000000053       0x54 ./Core/Src/led_7seg_anode.o
 .comment       0x0000000000000053       0x54 ./Core/Src/main.o
 .comment       0x0000000000000053       0x54 ./Core/Src/stm32f1xx_hal_msp.o
 .comment       0x0000000000000053       0x54 ./Core/Src/stm32f1xx_it.o
 .comment       0x0000000000000053       0x54 ./Core/Src/system_stm32f1xx.o
 .comment       0x0000000000000053       0x54 ./Core/Src/traffic_led.o
 .comment       0x0000000000000053       0x54 ./Drivers/STM32F1xx_HAL_Driver/Src/stm32f1xx_hal.o
 .comment       0x0000000000000053       0x54 ./Drivers/STM32F1xx_HAL_Driver/Src/stm32f1xx_hal_cortex.o
 .comment       0x0000000000000053       0x54 ./Drivers/STM32F1xx_HAL_Driver/Src/stm32f1xx_hal_gpio.o
 .comment       0x0000000000000053       0x54 ./Drivers/STM32F1xx_HAL_Driver/Src/stm32f1xx_hal_rcc.o
 .comment       0x0000000000000053       0x54 ./Drivers/STM32F1xx_HAL_Driver/Src/stm32f1xx_hal_tim.o
 .comment       0x0000000000000053       0x54 ./Drivers/STM32F1xx_HAL_Driver/Src/stm32f1xx_hal_tim_ex.o

.debug_frame    0x0000000000000000     0x2b18
 .debug_frame   0x0000000000000000      0x188 ./Core/Src/Timer_Interrupt.o
 .debug_frame   0x0000000000000188       0x78 ./Core/Src/input_processing.o
 .debug_frame   0x0000000000000200       0x84 ./Core/Src/input_reading.o
 .debug_frame   0x0000000000000284       0x80 ./Core/Src/led_7seg_anode.o
 .debug_frame   0x0000000000000304      0x1ac ./Core/Src/main.o
 .debug_frame   0x00000000000004b0       0x80 ./Core/Src/stm32f1xx_hal_msp.o
 .debug_frame   0x0000000000000530      0x120 ./Core/Src/stm32f1xx_it.o
 .debug_frame   0x0000000000000650       0x58 ./Core/Src/system_stm32f1xx.o
 .debug_frame   0x00000000000006a8      0x170 ./Core/Src/traffic_led.o
 .debug_frame   0x0000000000000818      0x334 ./Drivers/STM32F1xx_HAL_Driver/Src/stm32f1xx_hal.o
 .debug_frame   0x0000000000000b4c      0x428 ./Drivers/STM32F1xx_HAL_Driver/Src/stm32f1xx_hal_cortex.o
 .debug_frame   0x0000000000000f74      0x14c ./Drivers/STM32F1xx_HAL_Driver/Src/stm32f1xx_hal_gpio.o
 .debug_frame   0x00000000000010c0      0x21c ./Drivers/STM32F1xx_HAL_Driver/Src/stm32f1xx_hal_rcc.o
 .debug_frame   0x00000000000012dc     0x11b8 ./Drivers/STM32F1xx_HAL_Driver/Src/stm32f1xx_hal_tim.o
 .debug_frame   0x0000000000002494      0x638 ./Drivers/STM32F1xx_HAL_Driver/Src/stm32f1xx_hal_tim_ex.o
 .debug_frame   0x0000000000002acc       0x2c c:/st/stm32cubeide_1.7.0/stm32cubeide/plugins/com.st.stm32cube.ide.mcu.externaltools.gnu-tools-for-stm32.9-2020-q2-update.win32_2.0.0.202105311346/tools/bin/../lib/gcc/arm-none-eabi/9.3.1/../../../../arm-none-eabi/lib/thumb/v7-m/nofp\libc_nano.a(lib_a-init.o)
 .debug_frame   0x0000000000002af8       0x20 c:/st/stm32cubeide_1.7.0/stm32cubeide/plugins/com.st.stm32cube.ide.mcu.externaltools.gnu-tools-for-stm32.9-2020-q2-update.win32_2.0.0.202105311346/tools/bin/../lib/gcc/arm-none-eabi/9.3.1/../../../../arm-none-eabi/lib/thumb/v7-m/nofp\libc_nano.a(lib_a-memset.o)
