Archive member included to satisfy reference by file (symbol)

c:/st/stm32cubeide_1.7.0/stm32cubeide/plugins/com.st.stm32cube.ide.mcu.externaltools.gnu-tools-for-stm32.9-2020-q2-update.win32_2.0.0.202105311346/tools/bin/../lib/gcc/arm-none-eabi/9.3.1/../../../../arm-none-eabi/lib/thumb/v7-m/nofp\libc_nano.a(lib_a-errno.o)
                              ./Core/Src/syscalls.o (__errno)
c:/st/stm32cubeide_1.7.0/stm32cubeide/plugins/com.st.stm32cube.ide.mcu.externaltools.gnu-tools-for-stm32.9-2020-q2-update.win32_2.0.0.202105311346/tools/bin/../lib/gcc/arm-none-eabi/9.3.1/../../../../arm-none-eabi/lib/thumb/v7-m/nofp\libc_nano.a(lib_a-exit.o)
                              c:/st/stm32cubeide_1.7.0/stm32cubeide/plugins/com.st.stm32cube.ide.mcu.externaltools.gnu-tools-for-stm32.9-2020-q2-update.win32_2.0.0.202105311346/tools/bin/../lib/gcc/arm-none-eabi/9.3.1/../../../../arm-none-eabi/lib/thumb/v7-m/nofp/crt0.o (exit)
c:/st/stm32cubeide_1.7.0/stm32cubeide/plugins/com.st.stm32cube.ide.mcu.externaltools.gnu-tools-for-stm32.9-2020-q2-update.win32_2.0.0.202105311346/tools/bin/../lib/gcc/arm-none-eabi/9.3.1/../../../../arm-none-eabi/lib/thumb/v7-m/nofp\libc_nano.a(lib_a-impure.o)
                              c:/st/stm32cubeide_1.7.0/stm32cubeide/plugins/com.st.stm32cube.ide.mcu.externaltools.gnu-tools-for-stm32.9-2020-q2-update.win32_2.0.0.202105311346/tools/bin/../lib/gcc/arm-none-eabi/9.3.1/../../../../arm-none-eabi/lib/thumb/v7-m/nofp\libc_nano.a(lib_a-exit.o) (_global_impure_ptr)
c:/st/stm32cubeide_1.7.0/stm32cubeide/plugins/com.st.stm32cube.ide.mcu.externaltools.gnu-tools-for-stm32.9-2020-q2-update.win32_2.0.0.202105311346/tools/bin/../lib/gcc/arm-none-eabi/9.3.1/../../../../arm-none-eabi/lib/thumb/v7-m/nofp\libc_nano.a(lib_a-init.o)
                              c:/st/stm32cubeide_1.7.0/stm32cubeide/plugins/com.st.stm32cube.ide.mcu.externaltools.gnu-tools-for-stm32.9-2020-q2-update.win32_2.0.0.202105311346/tools/bin/../lib/gcc/arm-none-eabi/9.3.1/../../../../arm-none-eabi/lib/thumb/v7-m/nofp/crt0.o (__libc_init_array)
c:/st/stm32cubeide_1.7.0/stm32cubeide/plugins/com.st.stm32cube.ide.mcu.externaltools.gnu-tools-for-stm32.9-2020-q2-update.win32_2.0.0.202105311346/tools/bin/../lib/gcc/arm-none-eabi/9.3.1/../../../../arm-none-eabi/lib/thumb/v7-m/nofp\libc_nano.a(lib_a-memset.o)
                              c:/st/stm32cubeide_1.7.0/stm32cubeide/plugins/com.st.stm32cube.ide.mcu.externaltools.gnu-tools-for-stm32.9-2020-q2-update.win32_2.0.0.202105311346/tools/bin/../lib/gcc/arm-none-eabi/9.3.1/../../../../arm-none-eabi/lib/thumb/v7-m/nofp/crt0.o (memset)

Allocating common symbols
Common symbol       size              file

uwTick              0x4               ./Drivers/STM32F1xx_HAL_Driver/Src/stm32f1xx_hal.o
pFlash              0x20              ./Drivers/STM32F1xx_HAL_Driver/Src/stm32f1xx_hal_flash.o
htim2               0x48              ./Core/Src/main.o

Discarded input sections

 .text          0x0000000000000000        0x0 c:/st/stm32cubeide_1.7.0/stm32cubeide/plugins/com.st.stm32cube.ide.mcu.externaltools.gnu-tools-for-stm32.9-2020-q2-update.win32_2.0.0.202105311346/tools/bin/../lib/gcc/arm-none-eabi/9.3.1/thumb/v7-m/nofp/crti.o
 .data          0x0000000000000000        0x0 c:/st/stm32cubeide_1.7.0/stm32cubeide/plugins/com.st.stm32cube.ide.mcu.externaltools.gnu-tools-for-stm32.9-2020-q2-update.win32_2.0.0.202105311346/tools/bin/../lib/gcc/arm-none-eabi/9.3.1/thumb/v7-m/nofp/crti.o
 .bss           0x0000000000000000        0x0 c:/st/stm32cubeide_1.7.0/stm32cubeide/plugins/com.st.stm32cube.ide.mcu.externaltools.gnu-tools-for-stm32.9-2020-q2-update.win32_2.0.0.202105311346/tools/bin/../lib/gcc/arm-none-eabi/9.3.1/thumb/v7-m/nofp/crti.o
 .data          0x0000000000000000        0x4 c:/st/stm32cubeide_1.7.0/stm32cubeide/plugins/com.st.stm32cube.ide.mcu.externaltools.gnu-tools-for-stm32.9-2020-q2-update.win32_2.0.0.202105311346/tools/bin/../lib/gcc/arm-none-eabi/9.3.1/thumb/v7-m/nofp/crtbegin.o
 .text          0x0000000000000000       0x7c c:/st/stm32cubeide_1.7.0/stm32cubeide/plugins/com.st.stm32cube.ide.mcu.externaltools.gnu-tools-for-stm32.9-2020-q2-update.win32_2.0.0.202105311346/tools/bin/../lib/gcc/arm-none-eabi/9.3.1/../../../../arm-none-eabi/lib/thumb/v7-m/nofp/crt0.o
 .data          0x0000000000000000        0x0 c:/st/stm32cubeide_1.7.0/stm32cubeide/plugins/com.st.stm32cube.ide.mcu.externaltools.gnu-tools-for-stm32.9-2020-q2-update.win32_2.0.0.202105311346/tools/bin/../lib/gcc/arm-none-eabi/9.3.1/../../../../arm-none-eabi/lib/thumb/v7-m/nofp/crt0.o
 .bss           0x0000000000000000        0x0 c:/st/stm32cubeide_1.7.0/stm32cubeide/plugins/com.st.stm32cube.ide.mcu.externaltools.gnu-tools-for-stm32.9-2020-q2-update.win32_2.0.0.202105311346/tools/bin/../lib/gcc/arm-none-eabi/9.3.1/../../../../arm-none-eabi/lib/thumb/v7-m/nofp/crt0.o
[...]
Memory Configuration

Name             Origin             Length             Attributes
RAM              0x0000000020000000 0x0000000000002800 xrw
FLASH            0x0000000008000000 0x0000000000008000 xr
*default*        0x0000000000000000 0xffffffffffffffff

Linker script and memory map

LOAD c:/st/stm32cubeide_1.7.0/stm32cubeide/plugins/com.st.stm32cube.ide.mcu.externaltools.gnu-tools-for-stm32.9-2020-q2-update.win32_2.0.0.202105311346/tools/bin/../lib/gcc/arm-none-eabi/9.3.1/thumb/v7-m/nofp/crti.o
LOAD c:/st/stm32cubeide_1.7.0/stm32cubeide/plugins/com.st.stm32cube.ide.mcu.externaltools.gnu-tools-for-stm32.9-2020-q2-update.win32_2.0.0.202105311346/tools/bin/../lib/gcc/arm-none-eabi/9.3.1/thumb/v7-m/nofp/crtbegin.o
LOAD c:/st/stm32cubeide_1.7.0/stm32cubeide/plugins/com.st.stm32cube.ide.mcu.externaltools.gnu-tools-for-stm32.9-2020-q2-update.win32_2.0.0.202105311346/tools/bin/../lib/gcc/arm-none-eabi/9.3.1/../../../../arm-none-eabi/lib/thumb/v7-m/nofp/crt0.o
LOAD ./Core/Src/3Color_led.o
LOAD ./Core/Src/7SEG_LED.o
LOAD ./Core/Src/Timer_interrupt.o
LOAD ./Core/Src/input_processing.o
LOAD ./Core/Src/main.o
LOAD ./Core/Src/stm32f1xx_hal_msp.o
LOAD ./Core/Src/stm32f1xx_it.o
LOAD ./Core/Src/syscalls.o
LOAD ./Core/Src/sysmem.o
LOAD ./Core/Src/system_stm32f1xx.o
LOAD ./Core/Startup/startup_stm32f103c6tx.o
LOAD ./Drivers/STM32F1xx_HAL_Driver/Src/stm32f1xx_hal.o
LOAD ./Drivers/STM32F1xx_HAL_Driver/Src/stm32f1xx_hal_cortex.o
LOAD ./Drivers/STM32F1xx_HAL_Driver/Src/stm32f1xx_hal_dma.o
LOAD ./Drivers/STM32F1xx_HAL_Driver/Src/stm32f1xx_hal_exti.o
LOAD ./Drivers/STM32F1xx_HAL_Driver/Src/stm32f1xx_hal_flash.o
LOAD ./Drivers/STM32F1xx_HAL_Driver/Src/stm32f1xx_hal_flash_ex.o
LOAD ./Drivers/STM32F1xx_HAL_Driver/Src/stm32f1xx_hal_gpio.o
LOAD ./Drivers/STM32F1xx_HAL_Driver/Src/stm32f1xx_hal_gpio_ex.o
LOAD ./Drivers/STM32F1xx_HAL_Driver/Src/stm32f1xx_hal_pwr.o
LOAD ./Drivers/STM32F1xx_HAL_Driver/Src/stm32f1xx_hal_rcc.o
LOAD ./Drivers/STM32F1xx_HAL_Driver/Src/stm32f1xx_hal_rcc_ex.o
LOAD ./Drivers/STM32F1xx_HAL_Driver/Src/stm32f1xx_hal_tim.o
LOAD ./Drivers/STM32F1xx_HAL_Driver/Src/stm32f1xx_hal_tim_ex.o
START GROUP
LOAD c:/st/stm32cubeide_1.7.0/stm32cubeide/plugins/com.st.stm32cube.ide.mcu.externaltools.gnu-tools-for-stm32.9-2020-q2-update.win32_2.0.0.202105311346/tools/bin/../lib/gcc/arm-none-eabi/9.3.1/../../../../arm-none-eabi/lib/thumb/v7-m/nofp\libc_nano.a
LOAD c:/st/stm32cubeide_1.7.0/stm32cubeide/plugins/com.st.stm32cube.ide.mcu.externaltools.gnu-tools-for-stm32.9-2020-q2-update.win32_2.0.0.202105311346/tools/bin/../lib/gcc/arm-none-eabi/9.3.1/../../../../arm-none-eabi/lib/thumb/v7-m/nofp\libm.a
END GROUP
START GROUP
LOAD c:/st/stm32cubeide_1.7.0/stm32cubeide/plugins/com.st.stm32cube.ide.mcu.externaltools.gnu-tools-for-stm32.9-2020-q2-update.win32_2.0.0.202105311346/tools/bin/../lib/gcc/arm-none-eabi/9.3.1/thumb/v7-m/nofp\libgcc.a
LOAD c:/st/stm32cubeide_1.7.0/stm32cubeide/plugins/com.st.stm32cube.ide.mcu.externaltools.gnu-tools-for-stm32.9-2020-q2-update.win32_2.0.0.202105311346/tools/bin/../lib/gcc/arm-none-eabi/9.3.1/../../../../arm-none-eabi/lib/thumb/v7-m/nofp\libc_nano.a
END GROUP
START GROUP
LOAD c:/st/stm32cubeide_1.7.0/stm32cubeide/plugins/com.st.stm32cube.ide.mcu.externaltools.gnu-tools-for-stm32.9-2020-q2-update.win32_2.0.0.202105311346/tools/bin/../lib/gcc/arm-none-eabi/9.3.1/thumb/v7-m/nofp\libgcc.a
LOAD c:/st/stm32cubeide_1.7.0/stm32cubeide/plugins/com.st.stm32cube.ide.mcu.externaltools.gnu-tools-for-stm32.9-2020-q2-update.win32_2.0.0.202105311346/tools/bin/../lib/gcc/arm-none-eabi/9.3.1/../../../../arm-none-eabi/lib/thumb/v7-m/nofp\libc_nano.a
LOAD c:/st/stm32cubeide_1.7.0/stm32cubeide/plugins/com.st.stm32cube.ide.mcu.externaltools.gnu-tools-for-stm32.9-2020-q2-update.win32_2.0.0.202105311346/tools/bin/../lib/gcc/arm-none-eabi/9.3.1/../../../../arm-none-eabi/lib/thumb/v7-m/nofp\libnosys.a
END GROUP
START GROUP
LOAD c:/st/stm32cubeide_1.7.0/stm32cubeide/plugins/com.st.stm32cube.ide.mcu.externaltools.gnu-tools-for-stm32.9-2020-q2-update.win32_2.0.0.202105311346/tools/bin/../lib/gcc/arm-none-eabi/9.3.1/thumb/v7-m/nofp\libgcc.a
LOAD c:/st/stm32cubeide_1.7.0/stm32cubeide/plugins/com.st.stm32cube.ide.mcu.externaltools.gnu-tools-for-stm32.9-2020-q2-update.win32_2.0.0.202105311346/tools/bin/../lib/gcc/arm-none-eabi/9.3.1/../../../../arm-none-eabi/lib/thumb/v7-m/nofp\libc_nano.a
LOAD c:/st/stm32cubeide_1.7.0/stm32cubeide/plugins/com.st.stm32cube.ide.mcu.externaltools.gnu-tools-for-stm32.9-2020-q2-update.win32_2.0.0.202105311346/tools/bin/../lib/gcc/arm-none-eabi/9.3.1/../../../../arm-none-eabi/lib/thumb/v7-m/nofp\libnosys.a
END GROUP
LOAD c:/st/stm32cubeide_1.7.0/stm32cubeide/plugins/com.st.stm32cube.ide.mcu.externaltools.gnu-tools-for-stm32.9-2020-q2-update.win32_2.0.0.202105311346/tools/bin/../lib/gcc/arm-none-eabi/9.3.1/thumb/v7-m/nofp/crtend.o
LOAD c:/st/stm32cubeide_1.7.0/stm32cubeide/plugins/com.st.stm32cube.ide.mcu.externaltools.gnu-tools-for-stm32.9-2020-q2-update.win32_2.0.0.202105311346/tools/bin/../lib/gcc/arm-none-eabi/9.3.1/thumb/v7-m/nofp/crtn.o
                0x0000000020002800                _estack = (ORIGIN (RAM) + LENGTH (RAM))
                0x0000000000000200                _Min_Heap_Size = 0x200
                0x0000000000000400                _Min_Stack_Size = 0x400

.isr_vector     0x0000000008000000      0x10c
                0x0000000008000000                . = ALIGN (0x4)
 *(.isr_vector)
 .isr_vector    0x0000000008000000      0x10c ./Core/Startup/startup_stm32f103c6tx.o
                0x0000000008000000                g_pfnVectors
                0x000000000800010c                . = ALIGN (0x4)

.text           0x000000000800010c     0x1ef8
                0x000000000800010c                . = ALIGN (0x4)
 *(.text)
 .text          0x000000000800010c       0x40 c:/st/stm32cubeide_1.7.0/stm32cubeide/plugins/com.st.stm32cube.ide.mcu.externaltools.gnu-tools-for-stm32.9-2020-q2-update.win32_2.0.0.202105311346/tools/bin/../lib/gcc/arm-none-eabi/9.3.1/thumb/v7-m/nofp/crtbegin.o
 *(.text*)
 .text.initLED  0x000000000800014c       0x78 ./Core/Src/3Color_led.o
                0x000000000800014c                initLED
 .text.trafficLIGHTStart
                0x00000000080001c4       0x34 ./Core/Src/3Color_led.o
                0x00000000080001c4                trafficLIGHTStart
 .text.trafficLIGHTChangeColor
                0x00000000080001f8       0x78 ./Core/Src/3Color_led.o
                0x00000000080001f8                trafficLIGHTChangeColor
 .text.updateColor
                0x0000000008000270       0x50 ./Core/Src/3Color_led.o
                0x0000000008000270                updateColor
 .text.updateLimit
                0x00000000080002c0       0x48 ./Core/Src/3Color_led.o
                0x00000000080002c0                updateLimit
 .text.blinkLED2Hz
                0x0000000008000308       0x44 ./Core/Src/3Color_led.o
                0x0000000008000308                blinkLED2Hz
 .text.countLEDBuffer
                0x000000000800034c       0x70 ./Core/Src/3Color_led.o
                0x000000000800034c                countLEDBuffer
 .text.sevenSegmentLEDInit
                0x00000000080003bc       0x3c ./Core/Src/7SEG_LED.o
                0x00000000080003bc                sevenSegmentLEDInit
 .text.updatesevenSegmentLEDBuffer
                0x00000000080003f8       0x24 ./Core/Src/7SEG_LED.o
                0x00000000080003f8                updatesevenSegmentLEDBuffer
 .text.sevenSegementLEDDriver
                0x000000000800041c       0x80 ./Core/Src/7SEG_LED.o
                0x000000000800041c                sevenSegementLEDDriver
 .text.timer_run
                0x000000000800049c       0x40 ./Core/Src/Timer_interrupt.o
                0x000000000800049c                timer_run
 .text.getModevalue
                0x00000000080004dc       0x14 ./Core/Src/input_processing.o
                0x00000000080004dc                getModevalue
 .text.InitTimer
                0x00000000080004f0       0x3c ./Core/Src/main.o
                0x00000000080004f0                InitTimer
 .text.main     0x000000000800052c       0x32 ./Core/Src/main.o
                0x000000000800052c                main
 .text.SystemClock_Config
                0x000000000800055e       0x76 ./Core/Src/main.o
                0x000000000800055e                SystemClock_Config
 .text.MX_TIM2_Init
                0x00000000080005d4       0x98 ./Core/Src/main.o
 .text.MX_GPIO_Init
                0x000000000800066c       0xf8 ./Core/Src/main.o
 .text.clear7SEG
                0x0000000008000764       0x30 ./Core/Src/main.o
                0x0000000008000764                clear7SEG
 .text.update7SEG
                0x0000000008000794       0x48 ./Core/Src/main.o
                0x0000000008000794                update7SEG
 .text.updateIndex
                0x00000000080007dc       0x24 ./Core/Src/main.o
                0x00000000080007dc                updateIndex
 .text.delayTimer
                0x0000000008000800       0x34 ./Core/Src/main.o
                0x0000000008000800                delayTimer
 .text.presentCLOCK
                0x0000000008000834       0x5c ./Core/Src/main.o
                0x0000000008000834                presentCLOCK
 .text.HAL_TIM_PeriodElapsedCallback
                0x0000000008000890       0x3c ./Core/Src/main.o
                0x0000000008000890                HAL_TIM_PeriodElapsedCallback
 .text.Error_Handler
                0x00000000080008cc        0xa ./Core/Src/main.o
                0x00000000080008cc                Error_Handler
 *fill*         0x00000000080008d6        0x2 
 .text.HAL_MspInit
                0x00000000080008d8       0x74 ./Core/Src/stm32f1xx_hal_msp.o
                0x00000000080008d8                HAL_MspInit
 .text.HAL_TIM_Base_MspInit
                0x000000000800094c       0x48 ./Core/Src/stm32f1xx_hal_msp.o
                0x000000000800094c                HAL_TIM_Base_MspInit
 .text.NMI_Handler
                0x0000000008000994        0x6 ./Core/Src/stm32f1xx_it.o
                0x0000000008000994                NMI_Handler
 .text.HardFault_Handler
                0x000000000800099a        0x6 ./Core/Src/stm32f1xx_it.o
                0x000000000800099a                HardFault_Handler
 .text.MemManage_Handler
                0x00000000080009a0        0x6 ./Core/Src/stm32f1xx_it.o
                0x00000000080009a0                MemManage_Handler
 .text.BusFault_Handler
                0x00000000080009a6        0x6 ./Core/Src/stm32f1xx_it.o
                0x00000000080009a6                BusFault_Handler
 .text.UsageFault_Handler
                0x00000000080009ac        0x6 ./Core/Src/stm32f1xx_it.o
                0x00000000080009ac                UsageFault_Handler
 .text.SVC_Handler
                0x00000000080009b2        0xc ./Core/Src/stm32f1xx_it.o
                0x00000000080009b2                SVC_Handler
 .text.DebugMon_Handler
                0x00000000080009be        0xc ./Core/Src/stm32f1xx_it.o
                0x00000000080009be                DebugMon_Handler
 .text.PendSV_Handler
                0x00000000080009ca        0xc ./Core/Src/stm32f1xx_it.o
                0x00000000080009ca                PendSV_Handler
 .text.SysTick_Handler
                0x00000000080009d6        0xc ./Core/Src/stm32f1xx_it.o
                0x00000000080009d6                SysTick_Handler
 .text.RCC_IRQHandler
                0x00000000080009e2        0xc ./Core/Src/stm32f1xx_it.o
                0x00000000080009e2                RCC_IRQHandler
 *fill*         0x00000000080009ee        0x2 
 .text.TIM2_IRQHandler
                0x00000000080009f0       0x14 ./Core/Src/stm32f1xx_it.o
                0x00000000080009f0                TIM2_IRQHandler
 .text.SystemInit
                0x0000000008000a04        0xc ./Core/Src/system_stm32f1xx.o
                0x0000000008000a04                SystemInit
 .text.Reset_Handler
                0x0000000008000a10       0x48 ./Core/Startup/startup_stm32f103c6tx.o
                0x0000000008000a10                Reset_Handler
 .text.Default_Handler
                0x0000000008000a58        0x2 ./Core/Startup/startup_stm32f103c6tx.o
                0x0000000008000a58                RTC_Alarm_IRQHandler
                0x0000000008000a58                EXTI2_IRQHandler
                0x0000000008000a58                TIM1_CC_IRQHandler
                0x0000000008000a58                PVD_IRQHandler
                0x0000000008000a58                EXTI3_IRQHandler
                0x0000000008000a58                EXTI0_IRQHandler
                0x0000000008000a58                ADC1_2_IRQHandler
                0x0000000008000a58                SPI1_IRQHandler
                0x0000000008000a58                TAMPER_IRQHandler
                0x0000000008000a58                DMA1_Channel4_IRQHandler
                0x0000000008000a58                RTC_IRQHandler
                0x0000000008000a58                DMA1_Channel7_IRQHandler
                0x0000000008000a58                CAN1_RX1_IRQHandler
                0x0000000008000a58                I2C1_EV_IRQHandler
                0x0000000008000a58                DMA1_Channel6_IRQHandler
                0x0000000008000a58                TIM3_IRQHandler
                0x0000000008000a58                TIM1_TRG_COM_IRQHandler
                0x0000000008000a58                DMA1_Channel1_IRQHandler
                0x0000000008000a58                Default_Handler
                0x0000000008000a58                EXTI15_10_IRQHandler
                0x0000000008000a58                EXTI9_5_IRQHandler
                0x0000000008000a58                DMA1_Channel5_IRQHandler
                0x0000000008000a58                EXTI4_IRQHandler
                0x0000000008000a58                USB_LP_CAN1_RX0_IRQHandler
                0x0000000008000a58                USB_HP_CAN1_TX_IRQHandler
                0x0000000008000a58                DMA1_Channel3_IRQHandler
                0x0000000008000a58                TIM1_UP_IRQHandler
                0x0000000008000a58                WWDG_IRQHandler
                0x0000000008000a58                TIM1_BRK_IRQHandler
                0x0000000008000a58                EXTI1_IRQHandler
                0x0000000008000a58                USART2_IRQHandler
                0x0000000008000a58                DMA1_Channel2_IRQHandler
                0x0000000008000a58                CAN1_SCE_IRQHandler
                0x0000000008000a58                FLASH_IRQHandler
                0x0000000008000a58                USART1_IRQHandler
                0x0000000008000a58                I2C1_ER_IRQHandler
                0x0000000008000a58                USBWakeUp_IRQHandler
 *fill*         0x0000000008000a5a        0x2 
 .text.HAL_Init
                0x0000000008000a5c       0x2c ./Drivers/STM32F1xx_HAL_Driver/Src/stm32f1xx_hal.o
                0x0000000008000a5c                HAL_Init
 .text.HAL_InitTick
                0x0000000008000a88       0x60 ./Drivers/STM32F1xx_HAL_Driver/Src/stm32f1xx_hal.o
                0x0000000008000a88                HAL_InitTick
 .text.HAL_IncTick
                0x0000000008000ae8       0x24 ./Drivers/STM32F1xx_HAL_Driver/Src/stm32f1xx_hal.o
                0x0000000008000ae8                HAL_IncTick
 .text.HAL_GetTick
                0x0000000008000b0c       0x14 ./Drivers/STM32F1xx_HAL_Driver/Src/stm32f1xx_hal.o
                0x0000000008000b0c                HAL_GetTick
 .text.__NVIC_SetPriorityGrouping
                0x0000000008000b20       0x48 ./Drivers/STM32F1xx_HAL_Driver/Src/stm32f1xx_hal_cortex.o
 .text.__NVIC_GetPriorityGrouping
                0x0000000008000b68       0x1c ./Drivers/STM32F1xx_HAL_Driver/Src/stm32f1xx_hal_cortex.o
 .text.__NVIC_EnableIRQ
                0x0000000008000b84       0x38 ./Drivers/STM32F1xx_HAL_Driver/Src/stm32f1xx_hal_cortex.o
 .text.__NVIC_SetPriority
                0x0000000008000bbc       0x54 ./Drivers/STM32F1xx_HAL_Driver/Src/stm32f1xx_hal_cortex.o
 .text.NVIC_EncodePriority
                0x0000000008000c10       0x64 ./Drivers/STM32F1xx_HAL_Driver/Src/stm32f1xx_hal_cortex.o
 .text.SysTick_Config
                0x0000000008000c74       0x44 ./Drivers/STM32F1xx_HAL_Driver/Src/stm32f1xx_hal_cortex.o
 .text.HAL_NVIC_SetPriorityGrouping
                0x0000000008000cb8       0x16 ./Drivers/STM32F1xx_HAL_Driver/Src/stm32f1xx_hal_cortex.o
                0x0000000008000cb8                HAL_NVIC_SetPriorityGrouping
 .text.HAL_NVIC_SetPriority
                0x0000000008000cce       0x38 ./Drivers/STM32F1xx_HAL_Driver/Src/stm32f1xx_hal_cortex.o
                0x0000000008000cce                HAL_NVIC_SetPriority
 .text.HAL_NVIC_EnableIRQ
                0x0000000008000d06       0x1c ./Drivers/STM32F1xx_HAL_Driver/Src/stm32f1xx_hal_cortex.o
                0x0000000008000d06                HAL_NVIC_EnableIRQ
 .text.HAL_SYSTICK_Config
                0x0000000008000d22       0x18 ./Drivers/STM32F1xx_HAL_Driver/Src/stm32f1xx_hal_cortex.o
                0x0000000008000d22                HAL_SYSTICK_Config
 *fill*         0x0000000008000d3a        0x2 
 .text.HAL_GPIO_Init
                0x0000000008000d3c      0x2f4 ./Drivers/STM32F1xx_HAL_Driver/Src/stm32f1xx_hal_gpio.o
                0x0000000008000d3c                HAL_GPIO_Init
 .text.HAL_GPIO_WritePin
                0x0000000008001030       0x30 ./Drivers/STM32F1xx_HAL_Driver/Src/stm32f1xx_hal_gpio.o
                0x0000000008001030                HAL_GPIO_WritePin
 .text.HAL_GPIO_TogglePin
                0x0000000008001060       0x32 ./Drivers/STM32F1xx_HAL_Driver/Src/stm32f1xx_hal_gpio.o
                0x0000000008001060                HAL_GPIO_TogglePin
 *fill*         0x0000000008001092        0x2 
 .text.HAL_RCC_OscConfig
                0x0000000008001094      0x500 ./Drivers/STM32F1xx_HAL_Driver/Src/stm32f1xx_hal_rcc.o
                0x0000000008001094                HAL_RCC_OscConfig
 .text.HAL_RCC_ClockConfig
                0x0000000008001594      0x1d4 ./Drivers/STM32F1xx_HAL_Driver/Src/stm32f1xx_hal_rcc.o
                0x0000000008001594                HAL_RCC_ClockConfig
 .text.HAL_RCC_GetSysClockFreq
                0x0000000008001768       0xc0 ./Drivers/STM32F1xx_HAL_Driver/Src/stm32f1xx_hal_rcc.o
                0x0000000008001768                HAL_RCC_GetSysClockFreq
 .text.RCC_Delay
                0x0000000008001828       0x3c ./Drivers/STM32F1xx_HAL_Driver/Src/stm32f1xx_hal_rcc.o
 .text.HAL_TIM_Base_Init
                0x0000000008001864       0x9e ./Drivers/STM32F1xx_HAL_Driver/Src/stm32f1xx_hal_tim.o
                0x0000000008001864                HAL_TIM_Base_Init
 .text.HAL_TIM_IRQHandler
                0x0000000008001902      0x210 ./Drivers/STM32F1xx_HAL_Driver/Src/stm32f1xx_hal_tim.o
                0x0000000008001902                HAL_TIM_IRQHandler
 .text.HAL_TIM_ConfigClockSource
                0x0000000008001b12      0x188 ./Drivers/STM32F1xx_HAL_Driver/Src/stm32f1xx_hal_tim.o
                0x0000000008001b12                HAL_TIM_ConfigClockSource
 .text.HAL_TIM_OC_DelayElapsedCallback
                0x0000000008001c9a       0x12 ./Drivers/STM32F1xx_HAL_Driver/Src/stm32f1xx_hal_tim.o
                0x0000000008001c9a                HAL_TIM_OC_DelayElapsedCallback
 .text.HAL_TIM_IC_CaptureCallback
                0x0000000008001cac       0x12 ./Drivers/STM32F1xx_HAL_Driver/Src/stm32f1xx_hal_tim.o
                0x0000000008001cac                HAL_TIM_IC_CaptureCallback
 .text.HAL_TIM_PWM_PulseFinishedCallback
                0x0000000008001cbe       0x12 ./Drivers/STM32F1xx_HAL_Driver/Src/stm32f1xx_hal_tim.o
                0x0000000008001cbe                HAL_TIM_PWM_PulseFinishedCallback
 .text.HAL_TIM_TriggerCallback
                0x0000000008001cd0       0x12 ./Drivers/STM32F1xx_HAL_Driver/Src/stm32f1xx_hal_tim.o
                0x0000000008001cd0                HAL_TIM_TriggerCallback
 *fill*         0x0000000008001ce2        0x2 
 .text.TIM_Base_SetConfig
                0x0000000008001ce4       0xb0 ./Drivers/STM32F1xx_HAL_Driver/Src/stm32f1xx_hal_tim.o
                0x0000000008001ce4                TIM_Base_SetConfig
 .text.TIM_TI1_ConfigInputStage
                0x0000000008001d94       0x5c ./Drivers/STM32F1xx_HAL_Driver/Src/stm32f1xx_hal_tim.o
 .text.TIM_TI2_ConfigInputStage
                0x0000000008001df0       0x5e ./Drivers/STM32F1xx_HAL_Driver/Src/stm32f1xx_hal_tim.o
 .text.TIM_ITRx_SetConfig
                0x0000000008001e4e       0x34 ./Drivers/STM32F1xx_HAL_Driver/Src/stm32f1xx_hal_tim.o
 .text.TIM_ETR_SetConfig
                0x0000000008001e82       0x3e ./Drivers/STM32F1xx_HAL_Driver/Src/stm32f1xx_hal_tim.o
                0x0000000008001e82                TIM_ETR_SetConfig
 .text.HAL_TIMEx_MasterConfigSynchronization
                0x0000000008001ec0       0xb0 ./Drivers/STM32F1xx_HAL_Driver/Src/stm32f1xx_hal_tim_ex.o
                0x0000000008001ec0                HAL_TIMEx_MasterConfigSynchronization
 .text.HAL_TIMEx_CommutCallback
                0x0000000008001f70       0x12 ./Drivers/STM32F1xx_HAL_Driver/Src/stm32f1xx_hal_tim_ex.o
                0x0000000008001f70                HAL_TIMEx_CommutCallback
 .text.HAL_TIMEx_BreakCallback
                0x0000000008001f82       0x12 ./Drivers/STM32F1xx_HAL_Driver/Src/stm32f1xx_hal_tim_ex.o
                0x0000000008001f82                HAL_TIMEx_BreakCallback
 .text.__libc_init_array
                0x0000000008001f94       0x48 c:/st/stm32cubeide_1.7.0/stm32cubeide/plugins/com.st.stm32cube.ide.mcu.externaltools.gnu-tools-for-stm32.9-2020-q2-update.win32_2.0.0.202105311346/tools/bin/../lib/gcc/arm-none-eabi/9.3.1/../../../../arm-none-eabi/lib/thumb/v7-m/nofp\libc_nano.a(lib_a-init.o)
                0x0000000008001f94                __libc_init_array
 .text.memset   0x0000000008001fdc       0x10 c:/st/stm32cubeide_1.7.0/stm32cubeide/plugins/com.st.stm32cube.ide.mcu.externaltools.gnu-tools-for-stm32.9-2020-q2-update.win32_2.0.0.202105311346/tools/bin/../lib/gcc/arm-none-eabi/9.3.1/../../../../arm-none-eabi/lib/thumb/v7-m/nofp\libc_nano.a(lib_a-memset.o)
                0x0000000008001fdc                memset
 *(.glue_7)
 .glue_7        0x0000000008001fec        0x0 linker stubs
 *(.glue_7t)
 .glue_7t       0x0000000008001fec        0x0 linker stubs
 *(.eh_frame)
 .eh_frame      0x0000000008001fec        0x0 c:/st/stm32cubeide_1.7.0/stm32cubeide/plugins/com.st.stm32cube.ide.mcu.externaltools.gnu-tools-for-stm32.9-2020-q2-update.win32_2.0.0.202105311346/tools/bin/../lib/gcc/arm-none-eabi/9.3.1/thumb/v7-m/nofp/crtbegin.o
 *(.init)
 .init          0x0000000008001fec        0x4 c:/st/stm32cubeide_1.7.0/stm32cubeide/plugins/com.st.stm32cube.ide.mcu.externaltools.gnu-tools-for-stm32.9-2020-q2-update.win32_2.0.0.202105311346/tools/bin/../lib/gcc/arm-none-eabi/9.3.1/thumb/v7-m/nofp/crti.o
                0x0000000008001fec                _init
 .init          0x0000000008001ff0        0x8 c:/st/stm32cubeide_1.7.0/stm32cubeide/plugins/com.st.stm32cube.ide.mcu.externaltools.gnu-tools-for-stm32.9-2020-q2-update.win32_2.0.0.202105311346/tools/bin/../lib/gcc/arm-none-eabi/9.3.1/thumb/v7-m/nofp/crtn.o
 *(.fini)
 .fini          0x0000000008001ff8        0x4 c:/st/stm32cubeide_1.7.0/stm32cubeide/plugins/com.st.stm32cube.ide.mcu.externaltools.gnu-tools-for-stm32.9-2020-q2-update.win32_2.0.0.202105311346/tools/bin/../lib/gcc/arm-none-eabi/9.3.1/thumb/v7-m/nofp/crti.o
                0x0000000008001ff8                _fini
 .fini          0x0000000008001ffc        0x8 c:/st/stm32cubeide_1.7.0/stm32cubeide/plugins/com.st.stm32cube.ide.mcu.externaltools.gnu-tools-for-stm32.9-2020-q2-update.win32_2.0.0.202105311346/tools/bin/../lib/gcc/arm-none-eabi/9.3.1/thumb/v7-m/nofp/crtn.o
                0x0000000008002004                . = ALIGN (0x4)
                0x0000000008002004                _etext = .

.vfp11_veneer   0x0000000008002004        0x0
 .vfp11_veneer  0x0000000008002004        0x0 linker stubs

.v4_bx          0x0000000008002004        0x0
 .v4_bx         0x0000000008002004        0x0 linker stubs

.iplt           0x0000000008002004        0x0
 .iplt          0x0000000008002004        0x0 c:/st/stm32cubeide_1.7.0/stm32cubeide/plugins/com.st.stm32cube.ide.mcu.externaltools.gnu-tools-for-stm32.9-2020-q2-update.win32_2.0.0.202105311346/tools/bin/../lib/gcc/arm-none-eabi/9.3.1/thumb/v7-m/nofp/crtbegin.o

.rodata         0x0000000008002004       0x20
                0x0000000008002004                . = ALIGN (0x4)
 *(.rodata)
 .rodata        0x0000000008002004       0x10 ./Drivers/STM32F1xx_HAL_Driver/Src/stm32f1xx_hal_rcc.o
 *(.rodata*)
 .rodata.AHBPrescTable
                0x0000000008002014       0x10 ./Core/Src/system_stm32f1xx.o
                0x0000000008002014                AHBPrescTable
                0x0000000008002024                . = ALIGN (0x4)

.rel.dyn        0x0000000008002024        0x0
 .rel.iplt      0x0000000008002024        0x0 c:/st/stm32cubeide_1.7.0/stm32cubeide/plugins/com.st.stm32cube.ide.mcu.externaltools.gnu-tools-for-stm32.9-2020-q2-update.win32_2.0.0.202105311346/tools/bin/../lib/gcc/arm-none-eabi/9.3.1/thumb/v7-m/nofp/crtbegin.o

.ARM.extab      0x0000000008002024        0x0
                0x0000000008002024                . = ALIGN (0x4)
 *(.ARM.extab* .gnu.linkonce.armextab.*)
                0x0000000008002024                . = ALIGN (0x4)

.ARM            0x0000000008002024        0x0
                0x0000000008002024                . = ALIGN (0x4)
                0x0000000008002024                __exidx_start = .
 *(.ARM.exidx*)
                0x0000000008002024                __exidx_end = .
                0x0000000008002024                . = ALIGN (0x4)

.preinit_array  0x0000000008002024        0x0
                0x0000000008002024                . = ALIGN (0x4)
                0x0000000008002024                PROVIDE (__preinit_array_start = .)
 *(.preinit_array*)
                0x0000000008002024                PROVIDE (__preinit_array_end = .)
                0x0000000008002024                . = ALIGN (0x4)

.init_array     0x0000000008002024        0x4
                0x0000000008002024                . = ALIGN (0x4)
                0x0000000008002024                PROVIDE (__init_array_start = .)
 *(SORT_BY_NAME(.init_array.*))
 *(.init_array*)
 .init_array    0x0000000008002024        0x4 c:/st/stm32cubeide_1.7.0/stm32cubeide/plugins/com.st.stm32cube.ide.mcu.externaltools.gnu-tools-for-stm32.9-2020-q2-update.win32_2.0.0.202105311346/tools/bin/../lib/gcc/arm-none-eabi/9.3.1/thumb/v7-m/nofp/crtbegin.o
                0x0000000008002028                PROVIDE (__init_array_end = .)
                0x0000000008002028                . = ALIGN (0x4)

.fini_array     0x0000000008002028        0x4
                0x0000000008002028                . = ALIGN (0x4)
                [!provide]                        PROVIDE (__fini_array_start = .)
 *(SORT_BY_NAME(.fini_array.*))
 *(.fini_array*)
 .fini_array    0x0000000008002028        0x4 c:/st/stm32cubeide_1.7.0/stm32cubeide/plugins/com.st.stm32cube.ide.mcu.externaltools.gnu-tools-for-stm32.9-2020-q2-update.win32_2.0.0.202105311346/tools/bin/../lib/gcc/arm-none-eabi/9.3.1/thumb/v7-m/nofp/crtbegin.o
                [!provide]                        PROVIDE (__fini_array_end = .)
                0x000000000800202c                . = ALIGN (0x4)
                0x000000000800202c                _sidata = LOADADDR (.data)

.data           0x0000000020000000       0x74 load address 0x000000000800202c
                0x0000000020000000                . = ALIGN (0x4)
                0x0000000020000000                _sdata = .
 *(.data)
 *(.data*)
 .data.RedLED   0x0000000020000000        0x4 ./Core/Src/3Color_led.o
 .data.YellowLED
                0x0000000020000004        0x4 ./Core/Src/3Color_led.o
 .data.GreenLED
                0x0000000020000008        0x4 ./Core/Src/3Color_led.o
 .data.typeLED  0x000000002000000c        0xc ./Core/Src/3Color_led.o
 .data.counterBuffer
                0x0000000020000018        0x3 ./Core/Src/3Color_led.o
 *fill*         0x000000002000001b        0x1 
 .data.color2   0x000000002000001c        0x4 ./Core/Src/3Color_led.o
                0x000000002000001c                color2
 .data.sevenSegmentLEDConversionAnode
                0x0000000020000020        0xa ./Core/Src/7SEG_LED.o
 *fill*         0x000000002000002a        0x2 
 .data.sevenSegmentbitConversion
                0x000000002000002c        0x7 ./Core/Src/7SEG_LED.o
 *fill*         0x0000000020000033        0x1 
 .data.gate     0x0000000020000034       0x1c ./Core/Src/7SEG_LED.o
 .data.TimeRun  0x0000000020000050        0xc ./Core/Src/Timer_interrupt.o
 .data.ENA      0x000000002000005c        0x8 ./Core/Src/main.o
 .data.val      0x0000000020000064        0x4 ./Core/Src/main.o
                0x0000000020000064                val
 .data.SystemCoreClock
                0x0000000020000068        0x4 ./Core/Src/system_stm32f1xx.o
                0x0000000020000068                SystemCoreClock
 .data.uwTickPrio
                0x000000002000006c        0x4 ./Drivers/STM32F1xx_HAL_Driver/Src/stm32f1xx_hal.o
                0x000000002000006c                uwTickPrio
 .data.uwTickFreq
                0x0000000020000070        0x1 ./Drivers/STM32F1xx_HAL_Driver/Src/stm32f1xx_hal.o
                0x0000000020000070                uwTickFreq
 *(.RamFunc)
 *(.RamFunc*)
                0x0000000020000074                . = ALIGN (0x4)
 *fill*         0x0000000020000071        0x3 
                0x0000000020000074                _edata = .

.igot.plt       0x0000000020000074        0x0 load address 0x00000000080020a0
 .igot.plt      0x0000000020000074        0x0 c:/st/stm32cubeide_1.7.0/stm32cubeide/plugins/com.st.stm32cube.ide.mcu.externaltools.gnu-tools-for-stm32.9-2020-q2-update.win32_2.0.0.202105311346/tools/bin/../lib/gcc/arm-none-eabi/9.3.1/thumb/v7-m/nofp/crtbegin.o
                0x0000000020000074                . = ALIGN (0x4)

.bss            0x0000000020000074       0x98 load address 0x00000000080020a0
                0x0000000020000074                _sbss = .
                0x0000000020000074                __bss_start__ = _sbss
 *(.bss)
 .bss           0x0000000020000074       0x1c c:/st/stm32cubeide_1.7.0/stm32cubeide/plugins/com.st.stm32cube.ide.mcu.externaltools.gnu-tools-for-stm32.9-2020-q2-update.win32_2.0.0.202105311346/tools/bin/../lib/gcc/arm-none-eabi/9.3.1/thumb/v7-m/nofp/crtbegin.o
 *(.bss*)
 .bss.color1    0x0000000020000090        0x4 ./Core/Src/3Color_led.o
                0x0000000020000090                color1
 .bss.limit1    0x0000000020000094        0x4 ./Core/Src/3Color_led.o
                0x0000000020000094                limit1
 .bss.limit2    0x0000000020000098        0x4 ./Core/Src/3Color_led.o
                0x0000000020000098                limit2
 .bss.sevenSegmentLEDBuffer
                0x000000002000009c        0x2 ./Core/Src/7SEG_LED.o
 *fill*         0x000000002000009e        0x2 
 .bss.status    0x00000000200000a0        0x4 ./Core/Src/input_processing.o
 .bss.led_buffer
                0x00000000200000a4       0x10 ./Core/Src/main.o
 .bss.led_counter
                0x00000000200000b4        0x4 ./Core/Src/main.o
                0x00000000200000b4                led_counter
 .bss.delay_counter
                0x00000000200000b8        0x4 ./Core/Src/main.o
                0x00000000200000b8                delay_counter
 .bss.flag_delay
                0x00000000200000bc        0x4 ./Core/Src/main.o
                0x00000000200000bc                flag_delay
 *(COMMON)
 COMMON         0x00000000200000c0       0x48 ./Core/Src/main.o
                0x00000000200000c0                htim2
 COMMON         0x0000000020000108        0x4 ./Drivers/STM32F1xx_HAL_Driver/Src/stm32f1xx_hal.o
                0x0000000020000108                uwTick
                0x000000002000010c                . = ALIGN (0x4)
                0x000000002000010c                _ebss = .
                0x000000002000010c                __bss_end__ = _ebss

._user_heap_stack
                0x000000002000010c      0x604 load address 0x00000000080020a0
                0x0000000020000110                . = ALIGN (0x8)
 *fill*         0x000000002000010c        0x4 
                [!provide]                        PROVIDE (end = .)
                0x0000000020000110                PROVIDE (_end = .)
                0x0000000020000310                . = (. + _Min_Heap_Size)
 *fill*         0x0000000020000110      0x200 
                0x0000000020000710                . = (. + _Min_Stack_Size)
 *fill*         0x0000000020000310      0x400 
                0x0000000020000710                . = ALIGN (0x8)

/DISCARD/
 libc.a(*)
 libm.a(*)
 libgcc.a(*)

.ARM.attributes
                0x0000000000000000       0x29
 *(.ARM.attributes)
 .ARM.attributes
                0x0000000000000000       0x1d c:/st/stm32cubeide_1.7.0/stm32cubeide/plugins/com.st.stm32cube.ide.mcu.externaltools.gnu-tools-for-stm32.9-2020-q2-update.win32_2.0.0.202105311346/tools/bin/../lib/gcc/arm-none-eabi/9.3.1/thumb/v7-m/nofp/crti.o
 .ARM.attributes
                0x000000000000001d       0x2d c:/st/stm32cubeide_1.7.0/stm32cubeide/plugins/com.st.stm32cube.ide.mcu.externaltools.gnu-tools-for-stm32.9-2020-q2-update.win32_2.0.0.202105311346/tools/bin/../lib/gcc/arm-none-eabi/9.3.1/thumb/v7-m/nofp/crtbegin.o
 .ARM.attributes
                0x000000000000004a       0x2d ./Core/Src/3Color_led.o
 .ARM.attributes
                0x0000000000000077       0x2d ./Core/Src/7SEG_LED.o
 .ARM.attributes
                0x00000000000000a4       0x2d ./Core/Src/Timer_interrupt.o
 .ARM.attributes
                0x00000000000000d1       0x2d ./Core/Src/input_processing.o
 .ARM.attributes
                0x00000000000000fe       0x2d ./Core/Src/main.o
 .ARM.attributes
                0x000000000000012b       0x2d ./Core/Src/stm32f1xx_hal_msp.o
 .ARM.attributes
                0x0000000000000158       0x2d ./Core/Src/stm32f1xx_it.o
 .ARM.attributes
                0x0000000000000185       0x2d ./Core/Src/system_stm32f1xx.o
 .ARM.attributes
                0x00000000000001b2       0x21 ./Core/Startup/startup_stm32f103c6tx.o
 .ARM.attributes
                0x00000000000001d3       0x2d ./Drivers/STM32F1xx_HAL_Driver/Src/stm32f1xx_hal.o
 .ARM.attributes
                0x0000000000000200       0x2d ./Drivers/STM32F1xx_HAL_Driver/Src/stm32f1xx_hal_cortex.o
 .ARM.attributes
                0x000000000000022d       0x2d ./Drivers/STM32F1xx_HAL_Driver/Src/stm32f1xx_hal_gpio.o
 .ARM.attributes
                0x000000000000025a       0x2d ./Drivers/STM32F1xx_HAL_Driver/Src/stm32f1xx_hal_rcc.o
 .ARM.attributes
                0x0000000000000287       0x2d ./Drivers/STM32F1xx_HAL_Driver/Src/stm32f1xx_hal_tim.o
 .ARM.attributes
                0x00000000000002b4       0x2d ./Drivers/STM32F1xx_HAL_Driver/Src/stm32f1xx_hal_tim_ex.o
 .ARM.attributes
                0x00000000000002e1       0x2d c:/st/stm32cubeide_1.7.0/stm32cubeide/plugins/com.st.stm32cube.ide.mcu.externaltools.gnu-tools-for-stm32.9-2020-q2-update.win32_2.0.0.202105311346/tools/bin/../lib/gcc/arm-none-eabi/9.3.1/../../../../arm-none-eabi/lib/thumb/v7-m/nofp\libc_nano.a(lib_a-init.o)
 .ARM.attributes
                0x000000000000030e       0x2d c:/st/stm32cubeide_1.7.0/stm32cubeide/plugins/com.st.stm32cube.ide.mcu.externaltools.gnu-tools-for-stm32.9-2020-q2-update.win32_2.0.0.202105311346/tools/bin/../lib/gcc/arm-none-eabi/9.3.1/../../../../arm-none-eabi/lib/thumb/v7-m/nofp\libc_nano.a(lib_a-memset.o)
 .ARM.attributes
                0x000000000000033b       0x1d c:/st/stm32cubeide_1.7.0/stm32cubeide/plugins/com.st.stm32cube.ide.mcu.externaltools.gnu-tools-for-stm32.9-2020-q2-update.win32_2.0.0.202105311346/tools/bin/../lib/gcc/arm-none-eabi/9.3.1/thumb/v7-m/nofp/crtn.o
OUTPUT(BUTTON_SWITCHES.elf elf32-littlearm)
LOAD linker stubs
LOAD c:/st/stm32cubeide_1.7.0/stm32cubeide/plugins/com.st.stm32cube.ide.mcu.externaltools.gnu-tools-for-stm32.9-2020-q2-update.win32_2.0.0.202105311346/tools/bin/../lib/gcc/arm-none-eabi/9.3.1/../../../../arm-none-eabi/lib/thumb/v7-m/nofp\libc.a
LOAD c:/st/stm32cubeide_1.7.0/stm32cubeide/plugins/com.st.stm32cube.ide.mcu.externaltools.gnu-tools-for-stm32.9-2020-q2-update.win32_2.0.0.202105311346/tools/bin/../lib/gcc/arm-none-eabi/9.3.1/../../../../arm-none-eabi/lib/thumb/v7-m/nofp\libm.a
LOAD c:/st/stm32cubeide_1.7.0/stm32cubeide/plugins/com.st.stm32cube.ide.mcu.externaltools.gnu-tools-for-stm32.9-2020-q2-update.win32_2.0.0.202105311346/tools/bin/../lib/gcc/arm-none-eabi/9.3.1/thumb/v7-m/nofp\libgcc.a

.debug_info     0x0000000000000000     0x927a
 .debug_info    0x0000000000000000      0x4cb ./Core/Src/3Color_led.o
 .debug_info    0x00000000000004cb      0x360 ./Core/Src/7SEG_LED.o
 .debug_info    0x000000000000082b      0x1d7 ./Core/Src/Timer_interrupt.o
 .debug_info    0x0000000000000a02      0x486 ./Core/Src/input_processing.o
 .debug_info    0x0000000000000e88      0xd95 ./Core/Src/main.o
 .debug_info    0x0000000000001c1d      0xa04 ./Core/Src/stm32f1xx_hal_msp.o
 .debug_info    0x0000000000002621      0x7c6 ./Core/Src/stm32f1xx_it.o
 .debug_info    0x0000000000002de7      0x2be ./Core/Src/system_stm32f1xx.o
 .debug_info    0x00000000000030a5       0x22 ./Core/Startup/startup_stm32f103c6tx.o
 .debug_info    0x00000000000030c7      0x74c ./Drivers/STM32F1xx_HAL_Driver/Src/stm32f1xx_hal.o
 .debug_info    0x0000000000003813      0xbbe ./Drivers/STM32F1xx_HAL_Driver/Src/stm32f1xx_hal_cortex.o
 .debug_info    0x00000000000043d1      0x701 ./Drivers/STM32F1xx_HAL_Driver/Src/stm32f1xx_hal_gpio.o
 .debug_info    0x0000000000004ad2      0x88e ./Drivers/STM32F1xx_HAL_Driver/Src/stm32f1xx_hal_rcc.o
 .debug_info    0x0000000000005360     0x2a45 ./Drivers/STM32F1xx_HAL_Driver/Src/stm32f1xx_hal_tim.o
 .debug_info    0x0000000000007da5     0x14d5 ./Drivers/STM32F1xx_HAL_Driver/Src/stm32f1xx_hal_tim_ex.o

.debug_abbrev   0x0000000000000000     0x1bd7
 .debug_abbrev  0x0000000000000000      0x1e0 ./Core/Src/3Color_led.o
 .debug_abbrev  0x00000000000001e0      0x175 ./Core/Src/7SEG_LED.o
 .debug_abbrev  0x0000000000000355       0xdc ./Core/Src/Timer_interrupt.o
 .debug_abbrev  0x0000000000000431      0x1cc ./Core/Src/input_processing.o
 .debug_abbrev  0x00000000000005fd      0x32e ./Core/Src/main.o
 .debug_abbrev  0x000000000000092b      0x1b7 ./Core/Src/stm32f1xx_hal_msp.o
 .debug_abbrev  0x0000000000000ae2      0x176 ./Core/Src/stm32f1xx_it.o
 .debug_abbrev  0x0000000000000c58      0x14e ./Core/Src/system_stm32f1xx.o
 .debug_abbrev  0x0000000000000da6       0x12 ./Core/Startup/startup_stm32f103c6tx.o
 .debug_abbrev  0x0000000000000db8      0x1ed ./Drivers/STM32F1xx_HAL_Driver/Src/stm32f1xx_hal.o
 .debug_abbrev  0x0000000000000fa5      0x313 ./Drivers/STM32F1xx_HAL_Driver/Src/stm32f1xx_hal_cortex.o
 .debug_abbrev  0x00000000000012b8      0x1e8 ./Drivers/STM32F1xx_HAL_Driver/Src/stm32f1xx_hal_gpio.o
 .debug_abbrev  0x00000000000014a0      0x273 ./Drivers/STM32F1xx_HAL_Driver/Src/stm32f1xx_hal_rcc.o
 .debug_abbrev  0x0000000000001713      0x25e ./Drivers/STM32F1xx_HAL_Driver/Src/stm32f1xx_hal_tim.o
 .debug_abbrev  0x0000000000001971      0x266 ./Drivers/STM32F1xx_HAL_Driver/Src/stm32f1xx_hal_tim_ex.o

.debug_aranges  0x0000000000000000      0xa88
 .debug_aranges
                0x0000000000000000       0x68 ./Core/Src/3Color_led.o
 .debug_aranges
                0x0000000000000068       0x30 ./Core/Src/7SEG_LED.o
 .debug_aranges
                0x0000000000000098       0x20 ./Core/Src/Timer_interrupt.o
 .debug_aranges
                0x00000000000000b8       0x50 ./Core/Src/input_processing.o
 .debug_aranges
                0x0000000000000108       0x90 ./Core/Src/main.o
 .debug_aranges
                0x0000000000000198       0x30 ./Core/Src/stm32f1xx_hal_msp.o
 .debug_aranges
                0x00000000000001c8       0x70 ./Core/Src/stm32f1xx_it.o
 .debug_aranges
                0x0000000000000238       0x28 ./Core/Src/system_stm32f1xx.o
 .debug_aranges
                0x0000000000000260       0x28 ./Core/Startup/startup_stm32f103c6tx.o
 .debug_aranges
                0x0000000000000288       0xe0 ./Drivers/STM32F1xx_HAL_Driver/Src/stm32f1xx_hal.o
 .debug_aranges
                0x0000000000000368      0x100 ./Drivers/STM32F1xx_HAL_Driver/Src/stm32f1xx_hal_cortex.o
 .debug_aranges
                0x0000000000000468       0x58 ./Drivers/STM32F1xx_HAL_Driver/Src/stm32f1xx_hal_gpio.o
 .debug_aranges
                0x00000000000004c0       0x90 ./Drivers/STM32F1xx_HAL_Driver/Src/stm32f1xx_hal_rcc.o
 .debug_aranges
                0x0000000000000550      0x3d0 ./Drivers/STM32F1xx_HAL_Driver/Src/stm32f1xx_hal_tim.o
 .debug_aranges
                0x0000000000000920      0x168 ./Drivers/STM32F1xx_HAL_Driver/Src/stm32f1xx_hal_tim_ex.o

.debug_ranges   0x0000000000000000      0x9a0
 .debug_ranges  0x0000000000000000       0x58 ./Core/Src/3Color_led.o
 .debug_ranges  0x0000000000000058       0x20 ./Core/Src/7SEG_LED.o
 .debug_ranges  0x0000000000000078       0x10 ./Core/Src/Timer_interrupt.o
 .debug_ranges  0x0000000000000088       0x40 ./Core/Src/input_processing.o
 .debug_ranges  0x00000000000000c8       0x80 ./Core/Src/main.o
 .debug_ranges  0x0000000000000148       0x20 ./Core/Src/stm32f1xx_hal_msp.o
 .debug_ranges  0x0000000000000168       0x60 ./Core/Src/stm32f1xx_it.o
 .debug_ranges  0x00000000000001c8       0x18 ./Core/Src/system_stm32f1xx.o
 .debug_ranges  0x00000000000001e0       0x20 ./Core/Startup/startup_stm32f103c6tx.o
 .debug_ranges  0x0000000000000200       0xd0 ./Drivers/STM32F1xx_HAL_Driver/Src/stm32f1xx_hal.o
 .debug_ranges  0x00000000000002d0       0xf0 ./Drivers/STM32F1xx_HAL_Driver/Src/stm32f1xx_hal_cortex.o
 .debug_ranges  0x00000000000003c0       0x48 ./Drivers/STM32F1xx_HAL_Driver/Src/stm32f1xx_hal_gpio.o
 .debug_ranges  0x0000000000000408       0x80 ./Drivers/STM32F1xx_HAL_Driver/Src/stm32f1xx_hal_rcc.o
 .debug_ranges  0x0000000000000488      0x3c0 ./Drivers/STM32F1xx_HAL_Driver/Src/stm32f1xx_hal_tim.o
 .debug_ranges  0x0000000000000848      0x158 ./Drivers/STM32F1xx_HAL_Driver/Src/stm32f1xx_hal_tim_ex.o

.debug_macro    0x0000000000000000    0x169d6
 .debug_macro   0x0000000000000000      0x1ab ./Core/Src/3Color_led.o
 .debug_macro   0x00000000000001ab      0xa9c ./Core/Src/3Color_led.o
 .debug_macro   0x0000000000000c47      0x215 ./Core/Src/3Color_led.o
 .debug_macro   0x0000000000000e5c       0x2e ./Core/Src/3Color_led.o
 .debug_macro   0x0000000000000e8a       0x22 ./Core/Src/3Color_led.o
 .debug_macro   0x0000000000000eac       0x22 ./Core/Src/3Color_led.o
 .debug_macro   0x0000000000000ece       0x8e ./Core/Src/3Color_led.o
 .debug_macro   0x0000000000000f5c       0x51 ./Core/Src/3Color_led.o
 .debug_macro   0x0000000000000fad      0x103 ./Core/Src/3Color_led.o
 .debug_macro   0x00000000000010b0       0x6a ./Core/Src/3Color_led.o
 .debug_macro   0x000000000000111a      0x1df ./Core/Src/3Color_led.o
 .debug_macro   0x00000000000012f9       0x1c ./Core/Src/3Color_led.o
 .debug_macro   0x0000000000001315       0x22 ./Core/Src/3Color_led.o
 .debug_macro   0x0000000000001337       0xc3 ./Core/Src/3Color_led.o
 .debug_macro   0x00000000000013fa      0xd23 ./Core/Src/3Color_led.o
 .debug_macro   0x000000000000211d     0xde75 ./Core/Src/3Color_led.o
 .debug_macro   0x000000000000ff92       0x6d ./Core/Src/3Color_led.o
 .debug_macro   0x000000000000ffff     0x3468 ./Core/Src/3Color_led.o
 .debug_macro   0x0000000000013467      0x174 ./Core/Src/3Color_led.o
 .debug_macro   0x00000000000135db       0x5c ./Core/Src/3Color_led.o
 .debug_macro   0x0000000000013637      0x5be ./Core/Src/3Color_led.o
 .debug_macro   0x0000000000013bf5      0x1b7 ./Core/Src/3Color_led.o
 .debug_macro   0x0000000000013dac      0x1cb ./Core/Src/3Color_led.o
 .debug_macro   0x0000000000013f77      0x114 ./Core/Src/3Color_led.o
 .debug_macro   0x000000000001408b      0x1b2 ./Core/Src/3Color_led.o
 .debug_macro   0x000000000001423d       0x27 ./Core/Src/3Color_led.o
 .debug_macro   0x0000000000014264      0x12f ./Core/Src/3Color_led.o
 .debug_macro   0x0000000000014393      0x1bc ./Core/Src/3Color_led.o
 .debug_macro   0x000000000001454f       0x34 ./Core/Src/3Color_led.o
 .debug_macro   0x0000000000014583       0x3c ./Core/Src/3Color_led.o
 .debug_macro   0x00000000000145bf       0x57 ./Core/Src/3Color_led.o
 .debug_macro   0x0000000000014616       0x88 ./Core/Src/3Color_led.o
 .debug_macro   0x000000000001469e      0x183 ./Core/Src/3Color_led.o
 .debug_macro   0x0000000000014821      0x141 ./Core/Src/3Color_led.o
 .debug_macro   0x0000000000014962      0x8d1 ./Core/Src/3Color_led.o
 .debug_macro   0x0000000000015233       0x69 ./Core/Src/3Color_led.o
 .debug_macro   0x000000000001529c       0x46 ./Core/Src/3Color_led.o
 .debug_macro   0x00000000000152e2      0x1ab ./Core/Src/7SEG_LED.o
 .debug_macro   0x000000000001548d       0x40 ./Core/Src/7SEG_LED.o
 .debug_macro   0x00000000000154cd      0x1ab ./Core/Src/Timer_interrupt.o
 .debug_macro   0x0000000000015678       0x34 ./Core/Src/Timer_interrupt.o
 .debug_macro   0x00000000000156ac      0x1b4 ./Core/Src/input_processing.o
 .debug_macro   0x0000000000015860       0x40 ./Core/Src/input_processing.o
 .debug_macro   0x00000000000158a0      0x1ea ./Core/Src/main.o
 .debug_macro   0x0000000000015a8a       0x34 ./Core/Src/main.o
 .debug_macro   0x0000000000015abe      0x1a2 ./Core/Src/stm32f1xx_hal_msp.o
 .debug_macro   0x0000000000015c60      0x1ac ./Core/Src/stm32f1xx_it.o
 .debug_macro   0x0000000000015e0c      0x198 ./Core/Src/system_stm32f1xx.o
 .debug_macro   0x0000000000015fa4      0x1bc ./Drivers/STM32F1xx_HAL_Driver/Src/stm32f1xx_hal.o
 .debug_macro   0x0000000000016160      0x198 ./Drivers/STM32F1xx_HAL_Driver/Src/stm32f1xx_hal_cortex.o
 .debug_macro   0x00000000000162f8      0x203 ./Drivers/STM32F1xx_HAL_Driver/Src/stm32f1xx_hal_gpio.o
 .debug_macro   0x00000000000164fb      0x1aa ./Drivers/STM32F1xx_HAL_Driver/Src/stm32f1xx_hal_rcc.o
 .debug_macro   0x00000000000166a5      0x199 ./Drivers/STM32F1xx_HAL_Driver/Src/stm32f1xx_hal_tim.o
 .debug_macro   0x000000000001683e      0x198 ./Drivers/STM32F1xx_HAL_Driver/Src/stm32f1xx_hal_tim_ex.o

.debug_line     0x0000000000000000     0xb12c
 .debug_line    0x0000000000000000      0x7e4 ./Core/Src/3Color_led.o
 .debug_line    0x00000000000007e4      0x6d0 ./Core/Src/7SEG_LED.o
 .debug_line    0x0000000000000eb4      0x68f ./Core/Src/Timer_interrupt.o
 .debug_line    0x0000000000001543      0x82b ./Core/Src/input_processing.o
 .debug_line    0x0000000000001d6e      0x934 ./Core/Src/main.o
 .debug_line    0x00000000000026a2      0x6a3 ./Core/Src/stm32f1xx_hal_msp.o
 .debug_line    0x0000000000002d45      0x752 ./Core/Src/stm32f1xx_it.o
 .debug_line    0x0000000000003497      0x6e3 ./Core/Src/system_stm32f1xx.o
 .debug_line    0x0000000000003b7a       0x87 ./Core/Startup/startup_stm32f103c6tx.o
 .debug_line    0x0000000000003c01      0x910 ./Drivers/STM32F1xx_HAL_Driver/Src/stm32f1xx_hal.o
 .debug_line    0x0000000000004511      0xaf8 ./Drivers/STM32F1xx_HAL_Driver/Src/stm32f1xx_hal_cortex.o
 .debug_line    0x0000000000005009      0x991 ./Drivers/STM32F1xx_HAL_Driver/Src/stm32f1xx_hal_gpio.o
 .debug_line    0x000000000000599a      0xd1e ./Drivers/STM32F1xx_HAL_Driver/Src/stm32f1xx_hal_rcc.o
 .debug_line    0x00000000000066b8     0x326e ./Drivers/STM32F1xx_HAL_Driver/Src/stm32f1xx_hal_tim.o
 .debug_line    0x0000000000009926     0x1806 ./Drivers/STM32F1xx_HAL_Driver/Src/stm32f1xx_hal_tim_ex.o

.debug_str      0x0000000000000000    0x821e4
 .debug_str     0x0000000000000000    0x7f342 ./Core/Src/3Color_led.o
                                      0x7f67f (size before relaxing)
 .debug_str     0x000000000007f342      0x145 ./Core/Src/7SEG_LED.o
                                      0x7f60f (size before relaxing)
 .debug_str     0x000000000007f487       0xa1 ./Core/Src/Timer_interrupt.o
                                      0x7f524 (size before relaxing)
 .debug_str     0x000000000007f528      0x2af ./Core/Src/input_processing.o
                                      0x7f845 (size before relaxing)
 .debug_str     0x000000000007f7d7      0x7cf ./Core/Src/main.o
                                      0x80004 (size before relaxing)
 .debug_str     0x000000000007ffa6      0x2ba ./Core/Src/stm32f1xx_hal_msp.o
                                      0x7fca8 (size before relaxing)
 .debug_str     0x0000000000080260       0xdc ./Core/Src/stm32f1xx_it.o
                                      0x7fa19 (size before relaxing)
 .debug_str     0x000000000008033c       0x52 ./Core/Src/system_stm32f1xx.o
                                      0x7f510 (size before relaxing)
 .debug_str     0x000000000008038e       0x36 ./Core/Startup/startup_stm32f103c6tx.o
                                         0x7b (size before relaxing)
 .debug_str     0x00000000000803c4      0x304 ./Drivers/STM32F1xx_HAL_Driver/Src/stm32f1xx_hal.o
                                      0x7fb67 (size before relaxing)
 .debug_str     0x00000000000806c8      0x300 ./Drivers/STM32F1xx_HAL_Driver/Src/stm32f1xx_hal_cortex.o
                                      0x7fb6f (size before relaxing)
 .debug_str     0x00000000000809c8      0x311 ./Drivers/STM32F1xx_HAL_Driver/Src/stm32f1xx_hal_gpio.o
                                      0x7f8d4 (size before relaxing)
 .debug_str     0x0000000000080cd9      0x24f ./Drivers/STM32F1xx_HAL_Driver/Src/stm32f1xx_hal_rcc.o
                                      0x7f90d (size before relaxing)
 .debug_str     0x0000000000080f28      0xdce ./Drivers/STM32F1xx_HAL_Driver/Src/stm32f1xx_hal_tim.o
                                      0x808df (size before relaxing)
 .debug_str     0x0000000000081cf6      0x4ee ./Drivers/STM32F1xx_HAL_Driver/Src/stm32f1xx_hal_tim_ex.o
                                      0x80090 (size before relaxing)

.comment        0x0000000000000000       0x53
 .comment       0x0000000000000000       0x53 ./Core/Src/3Color_led.o
                                         0x54 (size before relaxing)
 .comment       0x0000000000000053       0x54 ./Core/Src/7SEG_LED.o
 .comment       0x0000000000000053       0x54 ./Core/Src/Timer_interrupt.o
 .comment       0x0000000000000053       0x54 ./Core/Src/input_processing.o
 .comment       0x0000000000000053       0x54 ./Core/Src/main.o
 .comment       0x0000000000000053       0x54 ./Core/Src/stm32f1xx_hal_msp.o
 .comment       0x0000000000000053       0x54 ./Core/Src/stm32f1xx_it.o
 .comment       0x0000000000000053       0x54 ./Core/Src/system_stm32f1xx.o
 .comment       0x0000000000000053       0x54 ./Drivers/STM32F1xx_HAL_Driver/Src/stm32f1xx_hal.o
 .comment       0x0000000000000053       0x54 ./Drivers/STM32F1xx_HAL_Driver/Src/stm32f1xx_hal_cortex.o
 .comment       0x0000000000000053       0x54 ./Drivers/STM32F1xx_HAL_Driver/Src/stm32f1xx_hal_gpio.o
 .comment       0x0000000000000053       0x54 ./Drivers/STM32F1xx_HAL_Driver/Src/stm32f1xx_hal_rcc.o
 .comment       0x0000000000000053       0x54 ./Drivers/STM32F1xx_HAL_Driver/Src/stm32f1xx_hal_tim.o
 .comment       0x0000000000000053       0x54 ./Drivers/STM32F1xx_HAL_Driver/Src/stm32f1xx_hal_tim_ex.o

.debug_frame    0x0000000000000000     0x2a54
 .debug_frame   0x0000000000000000      0x168 ./Core/Src/3Color_led.o
 .debug_frame   0x0000000000000168       0x80 ./Core/Src/7SEG_LED.o
 .debug_frame   0x00000000000001e8       0x38 ./Core/Src/Timer_interrupt.o
 .debug_frame   0x0000000000000220      0x110 ./Core/Src/input_processing.o
 .debug_frame   0x0000000000000330      0x210 ./Core/Src/main.o
 .debug_frame   0x0000000000000540       0x7c ./Core/Src/stm32f1xx_hal_msp.o
 .debug_frame   0x00000000000005bc      0x140 ./Core/Src/stm32f1xx_it.o
 .debug_frame   0x00000000000006fc       0x58 ./Core/Src/system_stm32f1xx.o
 .debug_frame   0x0000000000000754      0x334 ./Drivers/STM32F1xx_HAL_Driver/Src/stm32f1xx_hal.o
 .debug_frame   0x0000000000000a88      0x428 ./Drivers/STM32F1xx_HAL_Driver/Src/stm32f1xx_hal_cortex.o
 .debug_frame   0x0000000000000eb0      0x14c ./Drivers/STM32F1xx_HAL_Driver/Src/stm32f1xx_hal_gpio.o
 .debug_frame   0x0000000000000ffc      0x21c ./Drivers/STM32F1xx_HAL_Driver/Src/stm32f1xx_hal_rcc.o
 .debug_frame   0x0000000000001218     0x11b8 ./Drivers/STM32F1xx_HAL_Driver/Src/stm32f1xx_hal_tim.o
 .debug_frame   0x00000000000023d0      0x638 ./Drivers/STM32F1xx_HAL_Driver/Src/stm32f1xx_hal_tim_ex.o
 .debug_frame   0x0000000000002a08       0x2c c:/st/stm32cubeide_1.7.0/stm32cubeide/plugins/com.st.stm32cube.ide.mcu.externaltools.gnu-tools-for-stm32.9-2020-q2-update.win32_2.0.0.202105311346/tools/bin/../lib/gcc/arm-none-eabi/9.3.1/../../../../arm-none-eabi/lib/thumb/v7-m/nofp\libc_nano.a(lib_a-init.o)
 .debug_frame   0x0000000000002a34       0x20 c:/st/stm32cubeide_1.7.0/stm32cubeide/plugins/com.st.stm32cube.ide.mcu.externaltools.gnu-tools-for-stm32.9-2020-q2-update.win32_2.0.0.202105311346/tools/bin/../lib/gcc/arm-none-eabi/9.3.1/../../../../arm-none-eabi/lib/thumb/v7-m/nofp\libc_nano.a(lib_a-memset.o)
