Archive member included to satisfy reference by file (symbol)

c:/st/stm32cubeide_1.7.0/stm32cubeide/plugins/com.st.stm32cube.ide.mcu.externaltools.gnu-tools-for-stm32.9-2020-q2-update.win32_2.0.0.202105311346/tools/bin/../lib/gcc/arm-none-eabi/9.3.1/../../../../arm-none-eabi/lib/thumb/v7-m/nofp\libc_nano.a(lib_a-errno.o)
                              ./Core/Src/syscalls.o (__errno)
c:/st/stm32cubeide_1.7.0/stm32cubeide/plugins/com.st.stm32cube.ide.mcu.externaltools.gnu-tools-for-stm32.9-2020-q2-update.win32_2.0.0.202105311346/tools/bin/../lib/gcc/arm-none-eabi/9.3.1/../../../../arm-none-eabi/lib/thumb/v7-m/nofp\libc_nano.a(lib_a-exit.o)
                              c:/st/stm32cubeide_1.7.0/stm32cubeide/plugins/com.st.stm32cube.ide.mcu.externaltools.gnu-tools-for-stm32.9-2020-q2-update.win32_2.0.0.202105311346/tools/bin/../lib/gcc/arm-none-eabi/9.3.1/../../../../arm-none-eabi/lib/thumb/v7-m/nofp/crt0.o (exit)
c:/st/stm32cubeide_1.7.0/stm32cubeide/plugins/com.st.stm32cube.ide.mcu.externaltools.gnu-tools-for-stm32.9-2020-q2-update.win32_2.0.0.202105311346/tools/bin/../lib/gcc/arm-none-eabi/9.3.1/../../../../arm-none-eabi/lib/thumb/v7-m/nofp\libc_nano.a(lib_a-impure.o)
                              c:/st/stm32cubeide_1.7.0/stm32cubeide/plugins/com.st.stm32cube.ide.mcu.externaltools.gnu-tools-for-stm32.9-2020-q2-update.win32_2.0.0.202105311346/tools/bin/../lib/gcc/arm-none-eabi/9.3.1/../../../../arm-none-eabi/lib/thumb/v7-m/nofp\libc_nano.a(lib_a-exit.o) (_global_impure_ptr)
c:/st/stm32cubeide_1.7.0/stm32cubeide/plugins/com.st.stm32cube.ide.mcu.externaltools.gnu-tools-for-stm32.9-2020-q2-update.win32_2.0.0.202105311346/tools/bin/../lib/gcc/arm-none-eabi/9.3.1/../../../../arm-none-eabi/lib/thumb/v7-m/nofp\libc_nano.a(lib_a-init.o)
                              c:/st/stm32cubeide_1.7.0/stm32cubeide/plugins/com.st.stm32cube.ide.mcu.externaltools.gnu-tools-for-stm32.9-2020-q2-update.win32_2.0.0.202105311346/tools/bin/../lib/gcc/arm-none-eabi/9.3.1/../../../../arm-none-eabi/lib/thumb/v7-m/nofp/crt0.o (__libc_init_array)
c:/st/stm32cubeide_1.7.0/stm32cubeide/plugins/com.st.stm32cube.ide.mcu.externaltools.gnu-tools-for-stm32.9-2020-q2-update.win32_2.0.0.202105311346/tools/bin/../lib/gcc/arm-none-eabi/9.3.1/../../../../arm-none-eabi/lib/thumb/v7-m/nofp\libc_nano.a(lib_a-memset.o)
                              c:/st/stm32cubeide_1.7.0/stm32cubeide/plugins/com.st.stm32cube.ide.mcu.externaltools.gnu-tools-for-stm32.9-2020-q2-update.win32_2.0.0.202105311346/tools/bin/../lib/gcc/arm-none-eabi/9.3.1/../../../../arm-none-eabi/lib/thumb/v7-m/nofp/crt0.o (memset)

Allocating common symbols
Common symbol       size              file

uwTick              0x4               ./Drivers/STM32F1xx_HAL_Driver/Src/stm32f1xx_hal.o
pFlash              0x20              ./Drivers/STM32F1xx_HAL_Driver/Src/stm32f1xx_hal_flash.o

Discarded input sections

 .text          0x0000000000000000        0x0 c:/st/stm32cubeide_1.7.0/stm32cubeide/plugins/com.st.stm32cube.ide.mcu.externaltools.gnu-tools-for-stm32.9-2020-q2-update.win32_2.0.0.202105311346/tools/bin/../lib/gcc/arm-none-eabi/9.3.1/thumb/v7-m/nofp/crti.o
 .data          0x0000000000000000        0x0 c:/st/stm32cubeide_1.7.0/stm32cubeide/plugins/com.st.stm32cube.ide.mcu.externaltools.gnu-tools-for-stm32.9-2020-q2-update.win32_2.0.0.202105311346/tools/bin/../lib/gcc/arm-none-eabi/9.3.1/thumb/v7-m/nofp/crti.o
 .bss           0x0000000000000000        0x0 c:/st/stm32cubeide_1.7.0/stm32cubeide/plugins/com.st.stm32cube.ide.mcu.externaltools.gnu-tools-for-stm32.9-2020-q2-update.win32_2.0.0.202105311346/tools/bin/../lib/gcc/arm-none-eabi/9.3.1/thumb/v7-m/nofp/crti.o
 .data          0x0000000000000000        0x4 c:/st/stm32cubeide_1.7.0/stm32cubeide/plugins/com.st.stm32cube.ide.mcu.externaltools.gnu-tools-for-stm32.9-2020-q2-update.win32_2.0.0.202105311346/tools/bin/../lib/gcc/arm-none-eabi/9.3.1/thumb/v7-m/nofp/crtbegin.o
 .text          0x0000000000000000       0x7c c:/st/stm32cubeide_1.7.0/stm32cubeide/plugins/com.st.stm32cube.ide.mcu.externaltools.gnu-tools-for-stm32.9-2020-q2-update.win32_2.0.0.202105311346/tools/bin/../lib/gcc/arm-none-eabi/9.3.1/../../../../arm-none-eabi/lib/thumb/v7-m/nofp/crt0.o
 .data          0x0000000000000000        0x0 c:/st/stm32cubeide_1.7.0/stm32cubeide/plugins/com.st.stm32cube.ide.mcu.externaltools.gnu-tools-for-stm32.9-2020-q2-update.win32_2.0.0.202105311346/tools/bin/../lib/gcc/arm-none-eabi/9.3.1/../../../../arm-none-eabi/lib/thumb/v7-m/nofp/crt0.o
 .bss           0x0000000000000000        0x0 c:/st/stm32cubeide_1.7.0/stm32cubeide/plugins/com.st.stm32cube.ide.mcu.externaltools.gnu-tools-for-stm32.9-2020-q2-update.win32_2.0.0.202105311346/tools/bin/../lib/gcc/arm-none-eabi/9.3.1/../../../../arm-none-eabi/lib/thumb/v7-m/nofp/crt0.o
[...]
Memory Configuration

Name             Origin             Length             Attributes
RAM              0x0000000020000000 0x0000000000002800 xrw
FLASH            0x0000000008000000 0x0000000000008000 xr
*default*        0x0000000000000000 0xffffffffffffffff

Linker script and memory map

LOAD c:/st/stm32cubeide_1.7.0/stm32cubeide/plugins/com.st.stm32cube.ide.mcu.externaltools.gnu-tools-for-stm32.9-2020-q2-update.win32_2.0.0.202105311346/tools/bin/../lib/gcc/arm-none-eabi/9.3.1/thumb/v7-m/nofp/crti.o
LOAD c:/st/stm32cubeide_1.7.0/stm32cubeide/plugins/com.st.stm32cube.ide.mcu.externaltools.gnu-tools-for-stm32.9-2020-q2-update.win32_2.0.0.202105311346/tools/bin/../lib/gcc/arm-none-eabi/9.3.1/thumb/v7-m/nofp/crtbegin.o
LOAD c:/st/stm32cubeide_1.7.0/stm32cubeide/plugins/com.st.stm32cube.ide.mcu.externaltools.gnu-tools-for-stm32.9-2020-q2-update.win32_2.0.0.202105311346/tools/bin/../lib/gcc/arm-none-eabi/9.3.1/../../../../arm-none-eabi/lib/thumb/v7-m/nofp/crt0.o
LOAD ./Core/Src/led_7seg_anode.o
LOAD ./Core/Src/main.o
LOAD ./Core/Src/stm32f1xx_hal_msp.o
LOAD ./Core/Src/stm32f1xx_it.o
LOAD ./Core/Src/syscalls.o
LOAD ./Core/Src/sysmem.o
LOAD ./Core/Src/system_stm32f1xx.o
LOAD ./Core/Startup/startup_stm32f103c6tx.o
LOAD ./Drivers/STM32F1xx_HAL_Driver/Src/stm32f1xx_hal.o
LOAD ./Drivers/STM32F1xx_HAL_Driver/Src/stm32f1xx_hal_cortex.o
LOAD ./Drivers/STM32F1xx_HAL_Driver/Src/stm32f1xx_hal_dma.o
LOAD ./Drivers/STM32F1xx_HAL_Driver/Src/stm32f1xx_hal_exti.o
LOAD ./Drivers/STM32F1xx_HAL_Driver/Src/stm32f1xx_hal_flash.o
LOAD ./Drivers/STM32F1xx_HAL_Driver/Src/stm32f1xx_hal_flash_ex.o
LOAD ./Drivers/STM32F1xx_HAL_Driver/Src/stm32f1xx_hal_gpio.o
LOAD ./Drivers/STM32F1xx_HAL_Driver/Src/stm32f1xx_hal_gpio_ex.o
LOAD ./Drivers/STM32F1xx_HAL_Driver/Src/stm32f1xx_hal_pwr.o
LOAD ./Drivers/STM32F1xx_HAL_Driver/Src/stm32f1xx_hal_rcc.o
LOAD ./Drivers/STM32F1xx_HAL_Driver/Src/stm32f1xx_hal_rcc_ex.o
LOAD ./Drivers/STM32F1xx_HAL_Driver/Src/stm32f1xx_hal_tim.o
LOAD ./Drivers/STM32F1xx_HAL_Driver/Src/stm32f1xx_hal_tim_ex.o
START GROUP
LOAD c:/st/stm32cubeide_1.7.0/stm32cubeide/plugins/com.st.stm32cube.ide.mcu.externaltools.gnu-tools-for-stm32.9-2020-q2-update.win32_2.0.0.202105311346/tools/bin/../lib/gcc/arm-none-eabi/9.3.1/../../../../arm-none-eabi/lib/thumb/v7-m/nofp\libc_nano.a
LOAD c:/st/stm32cubeide_1.7.0/stm32cubeide/plugins/com.st.stm32cube.ide.mcu.externaltools.gnu-tools-for-stm32.9-2020-q2-update.win32_2.0.0.202105311346/tools/bin/../lib/gcc/arm-none-eabi/9.3.1/../../../../arm-none-eabi/lib/thumb/v7-m/nofp\libm.a
END GROUP
START GROUP
LOAD c:/st/stm32cubeide_1.7.0/stm32cubeide/plugins/com.st.stm32cube.ide.mcu.externaltools.gnu-tools-for-stm32.9-2020-q2-update.win32_2.0.0.202105311346/tools/bin/../lib/gcc/arm-none-eabi/9.3.1/thumb/v7-m/nofp\libgcc.a
LOAD c:/st/stm32cubeide_1.7.0/stm32cubeide/plugins/com.st.stm32cube.ide.mcu.externaltools.gnu-tools-for-stm32.9-2020-q2-update.win32_2.0.0.202105311346/tools/bin/../lib/gcc/arm-none-eabi/9.3.1/../../../../arm-none-eabi/lib/thumb/v7-m/nofp\libc_nano.a
END GROUP
START GROUP
LOAD c:/st/stm32cubeide_1.7.0/stm32cubeide/plugins/com.st.stm32cube.ide.mcu.externaltools.gnu-tools-for-stm32.9-2020-q2-update.win32_2.0.0.202105311346/tools/bin/../lib/gcc/arm-none-eabi/9.3.1/thumb/v7-m/nofp\libgcc.a
LOAD c:/st/stm32cubeide_1.7.0/stm32cubeide/plugins/com.st.stm32cube.ide.mcu.externaltools.gnu-tools-for-stm32.9-2020-q2-update.win32_2.0.0.202105311346/tools/bin/../lib/gcc/arm-none-eabi/9.3.1/../../../../arm-none-eabi/lib/thumb/v7-m/nofp\libc_nano.a
LOAD c:/st/stm32cubeide_1.7.0/stm32cubeide/plugins/com.st.stm32cube.ide.mcu.externaltools.gnu-tools-for-stm32.9-2020-q2-update.win32_2.0.0.202105311346/tools/bin/../lib/gcc/arm-none-eabi/9.3.1/../../../../arm-none-eabi/lib/thumb/v7-m/nofp\libnosys.a
END GROUP
START GROUP
LOAD c:/st/stm32cubeide_1.7.0/stm32cubeide/plugins/com.st.stm32cube.ide.mcu.externaltools.gnu-tools-for-stm32.9-2020-q2-update.win32_2.0.0.202105311346/tools/bin/../lib/gcc/arm-none-eabi/9.3.1/thumb/v7-m/nofp\libgcc.a
LOAD c:/st/stm32cubeide_1.7.0/stm32cubeide/plugins/com.st.stm32cube.ide.mcu.externaltools.gnu-tools-for-stm32.9-2020-q2-update.win32_2.0.0.202105311346/tools/bin/../lib/gcc/arm-none-eabi/9.3.1/../../../../arm-none-eabi/lib/thumb/v7-m/nofp\libc_nano.a
LOAD c:/st/stm32cubeide_1.7.0/stm32cubeide/plugins/com.st.stm32cube.ide.mcu.externaltools.gnu-tools-for-stm32.9-2020-q2-update.win32_2.0.0.202105311346/tools/bin/../lib/gcc/arm-none-eabi/9.3.1/../../../../arm-none-eabi/lib/thumb/v7-m/nofp\libnosys.a
END GROUP
LOAD c:/st/stm32cubeide_1.7.0/stm32cubeide/plugins/com.st.stm32cube.ide.mcu.externaltools.gnu-tools-for-stm32.9-2020-q2-update.win32_2.0.0.202105311346/tools/bin/../lib/gcc/arm-none-eabi/9.3.1/thumb/v7-m/nofp/crtend.o
LOAD c:/st/stm32cubeide_1.7.0/stm32cubeide/plugins/com.st.stm32cube.ide.mcu.externaltools.gnu-tools-for-stm32.9-2020-q2-update.win32_2.0.0.202105311346/tools/bin/../lib/gcc/arm-none-eabi/9.3.1/thumb/v7-m/nofp/crtn.o
                0x0000000020002800                _estack = (ORIGIN (RAM) + LENGTH (RAM))
                0x0000000000000200                _Min_Heap_Size = 0x200
                0x0000000000000400                _Min_Stack_Size = 0x400

.isr_vector     0x0000000008000000      0x10c
                0x0000000008000000                . = ALIGN (0x4)
 *(.isr_vector)
 .isr_vector    0x0000000008000000      0x10c ./Core/Startup/startup_stm32f103c6tx.o
                0x0000000008000000                g_pfnVectors
                0x000000000800010c                . = ALIGN (0x4)

.text           0x000000000800010c     0x13c4
                0x000000000800010c                . = ALIGN (0x4)
 *(.text)
 .text          0x000000000800010c       0x40 c:/st/stm32cubeide_1.7.0/stm32cubeide/plugins/com.st.stm32cube.ide.mcu.externaltools.gnu-tools-for-stm32.9-2020-q2-update.win32_2.0.0.202105311346/tools/bin/../lib/gcc/arm-none-eabi/9.3.1/thumb/v7-m/nofp/crtbegin.o
 *(.text*)
 .text.sevenSegmentLEDInit
                0x000000000800014c       0x3c ./Core/Src/led_7seg_anode.o
                0x000000000800014c                sevenSegmentLEDInit
 .text.updatesevenSegmentLEDBuffer
                0x0000000008000188       0x24 ./Core/Src/led_7seg_anode.o
                0x0000000008000188                updatesevenSegmentLEDBuffer
 .text.sevenSegementLEDDriver
                0x00000000080001ac       0x94 ./Core/Src/led_7seg_anode.o
                0x00000000080001ac                sevenSegementLEDDriver
 .text.initLED  0x0000000008000240       0x48 ./Core/Src/main.o
                0x0000000008000240                initLED
 .text.trafficLIGHTDisplay
                0x0000000008000288       0x24 ./Core/Src/main.o
                0x0000000008000288                trafficLIGHTDisplay
 .text.trafficLIGHTStart
                0x00000000080002ac       0x50 ./Core/Src/main.o
                0x00000000080002ac                trafficLIGHTStart
 .text.trafficLIGHTChangeColor
                0x00000000080002fc       0x78 ./Core/Src/main.o
                0x00000000080002fc                trafficLIGHTChangeColor
 .text.main     0x0000000008000374       0xd4 ./Core/Src/main.o
                0x0000000008000374                main
 .text.SystemClock_Config
                0x0000000008000448       0x76 ./Core/Src/main.o
                0x0000000008000448                SystemClock_Config
 *fill*         0x00000000080004be        0x2 
 .text.MX_GPIO_Init
                0x00000000080004c0       0xc0 ./Core/Src/main.o
 .text.Error_Handler
                0x0000000008000580        0xa ./Core/Src/main.o
                0x0000000008000580                Error_Handler
 *fill*         0x000000000800058a        0x2 
 .text.HAL_MspInit
                0x000000000800058c       0x64 ./Core/Src/stm32f1xx_hal_msp.o
                0x000000000800058c                HAL_MspInit
 .text.NMI_Handler
                0x00000000080005f0        0x6 ./Core/Src/stm32f1xx_it.o
                0x00000000080005f0                NMI_Handler
 .text.HardFault_Handler
                0x00000000080005f6        0x6 ./Core/Src/stm32f1xx_it.o
                0x00000000080005f6                HardFault_Handler
 .text.MemManage_Handler
                0x00000000080005fc        0x6 ./Core/Src/stm32f1xx_it.o
                0x00000000080005fc                MemManage_Handler
 .text.BusFault_Handler
                0x0000000008000602        0x6 ./Core/Src/stm32f1xx_it.o
                0x0000000008000602                BusFault_Handler
 .text.UsageFault_Handler
                0x0000000008000608        0x6 ./Core/Src/stm32f1xx_it.o
                0x0000000008000608                UsageFault_Handler
 .text.SVC_Handler
                0x000000000800060e        0xc ./Core/Src/stm32f1xx_it.o
                0x000000000800060e                SVC_Handler
 .text.DebugMon_Handler
                0x000000000800061a        0xc ./Core/Src/stm32f1xx_it.o
                0x000000000800061a                DebugMon_Handler
 .text.PendSV_Handler
                0x0000000008000626        0xc ./Core/Src/stm32f1xx_it.o
                0x0000000008000626                PendSV_Handler
 .text.SysTick_Handler
                0x0000000008000632        0xc ./Core/Src/stm32f1xx_it.o
                0x0000000008000632                SysTick_Handler
 .text.SystemInit
                0x000000000800063e        0xc ./Core/Src/system_stm32f1xx.o
                0x000000000800063e                SystemInit
 *fill*         0x000000000800064a        0x2 
 .text.Reset_Handler
                0x000000000800064c       0x48 ./Core/Startup/startup_stm32f103c6tx.o
                0x000000000800064c                Reset_Handler
 .text.Default_Handler
                0x0000000008000694        0x2 ./Core/Startup/startup_stm32f103c6tx.o
                0x0000000008000694                RTC_Alarm_IRQHandler
                0x0000000008000694                EXTI2_IRQHandler
                0x0000000008000694                TIM1_CC_IRQHandler
                0x0000000008000694                PVD_IRQHandler
                0x0000000008000694                EXTI3_IRQHandler
                0x0000000008000694                EXTI0_IRQHandler
                0x0000000008000694                ADC1_2_IRQHandler
                0x0000000008000694                SPI1_IRQHandler
                0x0000000008000694                TAMPER_IRQHandler
                0x0000000008000694                DMA1_Channel4_IRQHandler
                0x0000000008000694                RTC_IRQHandler
                0x0000000008000694                DMA1_Channel7_IRQHandler
                0x0000000008000694                CAN1_RX1_IRQHandler
                0x0000000008000694                I2C1_EV_IRQHandler
                0x0000000008000694                DMA1_Channel6_IRQHandler
                0x0000000008000694                TIM3_IRQHandler
                0x0000000008000694                RCC_IRQHandler
                0x0000000008000694                TIM1_TRG_COM_IRQHandler
                0x0000000008000694                DMA1_Channel1_IRQHandler
                0x0000000008000694                Default_Handler
                0x0000000008000694                EXTI15_10_IRQHandler
                0x0000000008000694                EXTI9_5_IRQHandler
                0x0000000008000694                DMA1_Channel5_IRQHandler
                0x0000000008000694                EXTI4_IRQHandler
                0x0000000008000694                USB_LP_CAN1_RX0_IRQHandler
                0x0000000008000694                USB_HP_CAN1_TX_IRQHandler
                0x0000000008000694                DMA1_Channel3_IRQHandler
                0x0000000008000694                TIM1_UP_IRQHandler
                0x0000000008000694                WWDG_IRQHandler
                0x0000000008000694                TIM2_IRQHandler
                0x0000000008000694                TIM1_BRK_IRQHandler
                0x0000000008000694                EXTI1_IRQHandler
                0x0000000008000694                USART2_IRQHandler
                0x0000000008000694                DMA1_Channel2_IRQHandler
                0x0000000008000694                CAN1_SCE_IRQHandler
                0x0000000008000694                FLASH_IRQHandler
                0x0000000008000694                USART1_IRQHandler
                0x0000000008000694                I2C1_ER_IRQHandler
                0x0000000008000694                USBWakeUp_IRQHandler
 *fill*         0x0000000008000696        0x2 
 .text.HAL_Init
                0x0000000008000698       0x2c ./Drivers/STM32F1xx_HAL_Driver/Src/stm32f1xx_hal.o
                0x0000000008000698                HAL_Init
 .text.HAL_InitTick
                0x00000000080006c4       0x60 ./Drivers/STM32F1xx_HAL_Driver/Src/stm32f1xx_hal.o
                0x00000000080006c4                HAL_InitTick
 .text.HAL_IncTick
                0x0000000008000724       0x24 ./Drivers/STM32F1xx_HAL_Driver/Src/stm32f1xx_hal.o
                0x0000000008000724                HAL_IncTick
 .text.HAL_GetTick
                0x0000000008000748       0x14 ./Drivers/STM32F1xx_HAL_Driver/Src/stm32f1xx_hal.o
                0x0000000008000748                HAL_GetTick
 .text.HAL_Delay
                0x000000000800075c       0x48 ./Drivers/STM32F1xx_HAL_Driver/Src/stm32f1xx_hal.o
                0x000000000800075c                HAL_Delay
 .text.__NVIC_SetPriorityGrouping
                0x00000000080007a4       0x48 ./Drivers/STM32F1xx_HAL_Driver/Src/stm32f1xx_hal_cortex.o
 .text.__NVIC_GetPriorityGrouping
                0x00000000080007ec       0x1c ./Drivers/STM32F1xx_HAL_Driver/Src/stm32f1xx_hal_cortex.o
 .text.__NVIC_SetPriority
                0x0000000008000808       0x54 ./Drivers/STM32F1xx_HAL_Driver/Src/stm32f1xx_hal_cortex.o
 .text.NVIC_EncodePriority
                0x000000000800085c       0x64 ./Drivers/STM32F1xx_HAL_Driver/Src/stm32f1xx_hal_cortex.o
 .text.SysTick_Config
                0x00000000080008c0       0x44 ./Drivers/STM32F1xx_HAL_Driver/Src/stm32f1xx_hal_cortex.o
 .text.HAL_NVIC_SetPriorityGrouping
                0x0000000008000904       0x16 ./Drivers/STM32F1xx_HAL_Driver/Src/stm32f1xx_hal_cortex.o
                0x0000000008000904                HAL_NVIC_SetPriorityGrouping
 .text.HAL_NVIC_SetPriority
                0x000000000800091a       0x38 ./Drivers/STM32F1xx_HAL_Driver/Src/stm32f1xx_hal_cortex.o
                0x000000000800091a                HAL_NVIC_SetPriority
 .text.HAL_SYSTICK_Config
                0x0000000008000952       0x18 ./Drivers/STM32F1xx_HAL_Driver/Src/stm32f1xx_hal_cortex.o
                0x0000000008000952                HAL_SYSTICK_Config
 *fill*         0x000000000800096a        0x2 
 .text.HAL_GPIO_Init
                0x000000000800096c      0x2f4 ./Drivers/STM32F1xx_HAL_Driver/Src/stm32f1xx_hal_gpio.o
                0x000000000800096c                HAL_GPIO_Init
 .text.HAL_GPIO_WritePin
                0x0000000008000c60       0x30 ./Drivers/STM32F1xx_HAL_Driver/Src/stm32f1xx_hal_gpio.o
                0x0000000008000c60                HAL_GPIO_WritePin
 .text.HAL_RCC_OscConfig
                0x0000000008000c90      0x500 ./Drivers/STM32F1xx_HAL_Driver/Src/stm32f1xx_hal_rcc.o
                0x0000000008000c90                HAL_RCC_OscConfig
 .text.HAL_RCC_ClockConfig
                0x0000000008001190      0x1d4 ./Drivers/STM32F1xx_HAL_Driver/Src/stm32f1xx_hal_rcc.o
                0x0000000008001190                HAL_RCC_ClockConfig
 .text.HAL_RCC_GetSysClockFreq
                0x0000000008001364       0xc0 ./Drivers/STM32F1xx_HAL_Driver/Src/stm32f1xx_hal_rcc.o
                0x0000000008001364                HAL_RCC_GetSysClockFreq
 .text.RCC_Delay
                0x0000000008001424       0x3c ./Drivers/STM32F1xx_HAL_Driver/Src/stm32f1xx_hal_rcc.o
 .text.__libc_init_array
                0x0000000008001460       0x48 c:/st/stm32cubeide_1.7.0/stm32cubeide/plugins/com.st.stm32cube.ide.mcu.externaltools.gnu-tools-for-stm32.9-2020-q2-update.win32_2.0.0.202105311346/tools/bin/../lib/gcc/arm-none-eabi/9.3.1/../../../../arm-none-eabi/lib/thumb/v7-m/nofp\libc_nano.a(lib_a-init.o)
                0x0000000008001460                __libc_init_array
 .text.memset   0x00000000080014a8       0x10 c:/st/stm32cubeide_1.7.0/stm32cubeide/plugins/com.st.stm32cube.ide.mcu.externaltools.gnu-tools-for-stm32.9-2020-q2-update.win32_2.0.0.202105311346/tools/bin/../lib/gcc/arm-none-eabi/9.3.1/../../../../arm-none-eabi/lib/thumb/v7-m/nofp\libc_nano.a(lib_a-memset.o)
                0x00000000080014a8                memset
 *(.glue_7)
 .glue_7        0x00000000080014b8        0x0 linker stubs
 *(.glue_7t)
 .glue_7t       0x00000000080014b8        0x0 linker stubs
 *(.eh_frame)
 .eh_frame      0x00000000080014b8        0x0 c:/st/stm32cubeide_1.7.0/stm32cubeide/plugins/com.st.stm32cube.ide.mcu.externaltools.gnu-tools-for-stm32.9-2020-q2-update.win32_2.0.0.202105311346/tools/bin/../lib/gcc/arm-none-eabi/9.3.1/thumb/v7-m/nofp/crtbegin.o
 *(.init)
 .init          0x00000000080014b8        0x4 c:/st/stm32cubeide_1.7.0/stm32cubeide/plugins/com.st.stm32cube.ide.mcu.externaltools.gnu-tools-for-stm32.9-2020-q2-update.win32_2.0.0.202105311346/tools/bin/../lib/gcc/arm-none-eabi/9.3.1/thumb/v7-m/nofp/crti.o
                0x00000000080014b8                _init
 .init          0x00000000080014bc        0x8 c:/st/stm32cubeide_1.7.0/stm32cubeide/plugins/com.st.stm32cube.ide.mcu.externaltools.gnu-tools-for-stm32.9-2020-q2-update.win32_2.0.0.202105311346/tools/bin/../lib/gcc/arm-none-eabi/9.3.1/thumb/v7-m/nofp/crtn.o
 *(.fini)
 .fini          0x00000000080014c4        0x4 c:/st/stm32cubeide_1.7.0/stm32cubeide/plugins/com.st.stm32cube.ide.mcu.externaltools.gnu-tools-for-stm32.9-2020-q2-update.win32_2.0.0.202105311346/tools/bin/../lib/gcc/arm-none-eabi/9.3.1/thumb/v7-m/nofp/crti.o
                0x00000000080014c4                _fini
 .fini          0x00000000080014c8        0x8 c:/st/stm32cubeide_1.7.0/stm32cubeide/plugins/com.st.stm32cube.ide.mcu.externaltools.gnu-tools-for-stm32.9-2020-q2-update.win32_2.0.0.202105311346/tools/bin/../lib/gcc/arm-none-eabi/9.3.1/thumb/v7-m/nofp/crtn.o
                0x00000000080014d0                . = ALIGN (0x4)
                0x00000000080014d0                _etext = .

.vfp11_veneer   0x00000000080014d0        0x0
 .vfp11_veneer  0x00000000080014d0        0x0 linker stubs

.v4_bx          0x00000000080014d0        0x0
 .v4_bx         0x00000000080014d0        0x0 linker stubs

.iplt           0x00000000080014d0        0x0
 .iplt          0x00000000080014d0        0x0 c:/st/stm32cubeide_1.7.0/stm32cubeide/plugins/com.st.stm32cube.ide.mcu.externaltools.gnu-tools-for-stm32.9-2020-q2-update.win32_2.0.0.202105311346/tools/bin/../lib/gcc/arm-none-eabi/9.3.1/thumb/v7-m/nofp/crtbegin.o

.rodata         0x00000000080014d0       0x20
                0x00000000080014d0                . = ALIGN (0x4)
 *(.rodata)
 .rodata        0x00000000080014d0       0x10 ./Drivers/STM32F1xx_HAL_Driver/Src/stm32f1xx_hal_rcc.o
 *(.rodata*)
 .rodata.AHBPrescTable
                0x00000000080014e0       0x10 ./Core/Src/system_stm32f1xx.o
                0x00000000080014e0                AHBPrescTable
                0x00000000080014f0                . = ALIGN (0x4)

.rel.dyn        0x00000000080014f0        0x0
 .rel.iplt      0x00000000080014f0        0x0 c:/st/stm32cubeide_1.7.0/stm32cubeide/plugins/com.st.stm32cube.ide.mcu.externaltools.gnu-tools-for-stm32.9-2020-q2-update.win32_2.0.0.202105311346/tools/bin/../lib/gcc/arm-none-eabi/9.3.1/thumb/v7-m/nofp/crtbegin.o

.ARM.extab      0x00000000080014f0        0x0
                0x00000000080014f0                . = ALIGN (0x4)
 *(.ARM.extab* .gnu.linkonce.armextab.*)
                0x00000000080014f0                . = ALIGN (0x4)

.ARM            0x00000000080014f0        0x0
                0x00000000080014f0                . = ALIGN (0x4)
                0x00000000080014f0                __exidx_start = .
 *(.ARM.exidx*)
                0x00000000080014f0                __exidx_end = .
                0x00000000080014f0                . = ALIGN (0x4)

.preinit_array  0x00000000080014f0        0x0
                0x00000000080014f0                . = ALIGN (0x4)
                0x00000000080014f0                PROVIDE (__preinit_array_start = .)
 *(.preinit_array*)
                0x00000000080014f0                PROVIDE (__preinit_array_end = .)
                0x00000000080014f0                . = ALIGN (0x4)

.init_array     0x00000000080014f0        0x4
                0x00000000080014f0                . = ALIGN (0x4)
                0x00000000080014f0                PROVIDE (__init_array_start = .)
 *(SORT_BY_NAME(.init_array.*))
 *(.init_array*)
 .init_array    0x00000000080014f0        0x4 c:/st/stm32cubeide_1.7.0/stm32cubeide/plugins/com.st.stm32cube.ide.mcu.externaltools.gnu-tools-for-stm32.9-2020-q2-update.win32_2.0.0.202105311346/tools/bin/../lib/gcc/arm-none-eabi/9.3.1/thumb/v7-m/nofp/crtbegin.o
                0x00000000080014f4                PROVIDE (__init_array_end = .)
                0x00000000080014f4                . = ALIGN (0x4)

.fini_array     0x00000000080014f4        0x4
                0x00000000080014f4                . = ALIGN (0x4)
                [!provide]                        PROVIDE (__fini_array_start = .)
 *(SORT_BY_NAME(.fini_array.*))
 *(.fini_array*)
 .fini_array    0x00000000080014f4        0x4 c:/st/stm32cubeide_1.7.0/stm32cubeide/plugins/com.st.stm32cube.ide.mcu.externaltools.gnu-tools-for-stm32.9-2020-q2-update.win32_2.0.0.202105311346/tools/bin/../lib/gcc/arm-none-eabi/9.3.1/thumb/v7-m/nofp/crtbegin.o
                [!provide]                        PROVIDE (__fini_array_end = .)
                0x00000000080014f8                . = ALIGN (0x4)
                0x00000000080014f8                _sidata = LOADADDR (.data)

.data           0x0000000020000000       0x58 load address 0x00000000080014f8
                0x0000000020000000                . = ALIGN (0x4)
                0x0000000020000000                _sdata = .
 *(.data)
 *(.data*)
 .data.sevenSegmentLEDConversionAnode
                0x0000000020000000        0xa ./Core/Src/led_7seg_anode.o
 *fill*         0x000000002000000a        0x2 
 .data.sevenSegmentbitConversion
                0x000000002000000c        0x7 ./Core/Src/led_7seg_anode.o
 *fill*         0x0000000020000013        0x1 
 .data.gate     0x0000000020000014       0x1c ./Core/Src/led_7seg_anode.o
 .data.RedLED   0x0000000020000030        0x4 ./Core/Src/main.o
                0x0000000020000030                RedLED
 .data.YellowLED
                0x0000000020000034        0x4 ./Core/Src/main.o
                0x0000000020000034                YellowLED
 .data.GreenLED
                0x0000000020000038        0x4 ./Core/Src/main.o
                0x0000000020000038                GreenLED
 .data.typeLED  0x000000002000003c        0xc ./Core/Src/main.o
                0x000000002000003c                typeLED
 .data.counterBuffer
                0x0000000020000048        0x3 ./Core/Src/main.o
 *fill*         0x000000002000004b        0x1 
 .data.SystemCoreClock
                0x000000002000004c        0x4 ./Core/Src/system_stm32f1xx.o
                0x000000002000004c                SystemCoreClock
 .data.uwTickPrio
                0x0000000020000050        0x4 ./Drivers/STM32F1xx_HAL_Driver/Src/stm32f1xx_hal.o
                0x0000000020000050                uwTickPrio
 .data.uwTickFreq
                0x0000000020000054        0x1 ./Drivers/STM32F1xx_HAL_Driver/Src/stm32f1xx_hal.o
                0x0000000020000054                uwTickFreq
 *(.RamFunc)
 *(.RamFunc*)
                0x0000000020000058                . = ALIGN (0x4)
 *fill*         0x0000000020000055        0x3 
                0x0000000020000058                _edata = .

.igot.plt       0x0000000020000058        0x0 load address 0x0000000008001550
 .igot.plt      0x0000000020000058        0x0 c:/st/stm32cubeide_1.7.0/stm32cubeide/plugins/com.st.stm32cube.ide.mcu.externaltools.gnu-tools-for-stm32.9-2020-q2-update.win32_2.0.0.202105311346/tools/bin/../lib/gcc/arm-none-eabi/9.3.1/thumb/v7-m/nofp/crtbegin.o
                0x0000000020000058                . = ALIGN (0x4)

.bss            0x0000000020000058       0x24 load address 0x0000000008001550
                0x0000000020000058                _sbss = .
                0x0000000020000058                __bss_start__ = _sbss
 *(.bss)
 .bss           0x0000000020000058       0x1c c:/st/stm32cubeide_1.7.0/stm32cubeide/plugins/com.st.stm32cube.ide.mcu.externaltools.gnu-tools-for-stm32.9-2020-q2-update.win32_2.0.0.202105311346/tools/bin/../lib/gcc/arm-none-eabi/9.3.1/thumb/v7-m/nofp/crtbegin.o
 *(.bss*)
 .bss.sevenSegmentLEDBuffer
                0x0000000020000074        0x2 ./Core/Src/led_7seg_anode.o
 *(COMMON)
 *fill*         0x0000000020000076        0x2 
 COMMON         0x0000000020000078        0x4 ./Drivers/STM32F1xx_HAL_Driver/Src/stm32f1xx_hal.o
                0x0000000020000078                uwTick
                0x000000002000007c                . = ALIGN (0x4)
                0x000000002000007c                _ebss = .
                0x000000002000007c                __bss_end__ = _ebss

._user_heap_stack
                0x000000002000007c      0x604 load address 0x0000000008001550
                0x0000000020000080                . = ALIGN (0x8)
 *fill*         0x000000002000007c        0x4 
                [!provide]                        PROVIDE (end = .)
                0x0000000020000080                PROVIDE (_end = .)
                0x0000000020000280                . = (. + _Min_Heap_Size)
 *fill*         0x0000000020000080      0x200 
                0x0000000020000680                . = (. + _Min_Stack_Size)
 *fill*         0x0000000020000280      0x400 
                0x0000000020000680                . = ALIGN (0x8)

/DISCARD/
 libc.a(*)
 libm.a(*)
 libgcc.a(*)

.ARM.attributes
                0x0000000000000000       0x29
 *(.ARM.attributes)
 .ARM.attributes
                0x0000000000000000       0x1d c:/st/stm32cubeide_1.7.0/stm32cubeide/plugins/com.st.stm32cube.ide.mcu.externaltools.gnu-tools-for-stm32.9-2020-q2-update.win32_2.0.0.202105311346/tools/bin/../lib/gcc/arm-none-eabi/9.3.1/thumb/v7-m/nofp/crti.o
 .ARM.attributes
                0x000000000000001d       0x2d c:/st/stm32cubeide_1.7.0/stm32cubeide/plugins/com.st.stm32cube.ide.mcu.externaltools.gnu-tools-for-stm32.9-2020-q2-update.win32_2.0.0.202105311346/tools/bin/../lib/gcc/arm-none-eabi/9.3.1/thumb/v7-m/nofp/crtbegin.o
 .ARM.attributes
                0x000000000000004a       0x2d ./Core/Src/led_7seg_anode.o
 .ARM.attributes
                0x0000000000000077       0x2d ./Core/Src/main.o
 .ARM.attributes
                0x00000000000000a4       0x2d ./Core/Src/stm32f1xx_hal_msp.o
 .ARM.attributes
                0x00000000000000d1       0x2d ./Core/Src/stm32f1xx_it.o
 .ARM.attributes
                0x00000000000000fe       0x2d ./Core/Src/system_stm32f1xx.o
 .ARM.attributes
                0x000000000000012b       0x21 ./Core/Startup/startup_stm32f103c6tx.o
 .ARM.attributes
                0x000000000000014c       0x2d ./Drivers/STM32F1xx_HAL_Driver/Src/stm32f1xx_hal.o
 .ARM.attributes
                0x0000000000000179       0x2d ./Drivers/STM32F1xx_HAL_Driver/Src/stm32f1xx_hal_cortex.o
 .ARM.attributes
                0x00000000000001a6       0x2d ./Drivers/STM32F1xx_HAL_Driver/Src/stm32f1xx_hal_gpio.o
 .ARM.attributes
                0x00000000000001d3       0x2d ./Drivers/STM32F1xx_HAL_Driver/Src/stm32f1xx_hal_rcc.o
 .ARM.attributes
                0x0000000000000200       0x2d c:/st/stm32cubeide_1.7.0/stm32cubeide/plugins/com.st.stm32cube.ide.mcu.externaltools.gnu-tools-for-stm32.9-2020-q2-update.win32_2.0.0.202105311346/tools/bin/../lib/gcc/arm-none-eabi/9.3.1/../../../../arm-none-eabi/lib/thumb/v7-m/nofp\libc_nano.a(lib_a-init.o)
 .ARM.attributes
                0x000000000000022d       0x2d c:/st/stm32cubeide_1.7.0/stm32cubeide/plugins/com.st.stm32cube.ide.mcu.externaltools.gnu-tools-for-stm32.9-2020-q2-update.win32_2.0.0.202105311346/tools/bin/../lib/gcc/arm-none-eabi/9.3.1/../../../../arm-none-eabi/lib/thumb/v7-m/nofp\libc_nano.a(lib_a-memset.o)
 .ARM.attributes
                0x000000000000025a       0x1d c:/st/stm32cubeide_1.7.0/stm32cubeide/plugins/com.st.stm32cube.ide.mcu.externaltools.gnu-tools-for-stm32.9-2020-q2-update.win32_2.0.0.202105311346/tools/bin/../lib/gcc/arm-none-eabi/9.3.1/thumb/v7-m/nofp/crtn.o
OUTPUT(LED_BLINK_AND_TRAFFIC_LIGHTS.elf elf32-littlearm)
LOAD linker stubs
LOAD c:/st/stm32cubeide_1.7.0/stm32cubeide/plugins/com.st.stm32cube.ide.mcu.externaltools.gnu-tools-for-stm32.9-2020-q2-update.win32_2.0.0.202105311346/tools/bin/../lib/gcc/arm-none-eabi/9.3.1/../../../../arm-none-eabi/lib/thumb/v7-m/nofp\libc.a
LOAD c:/st/stm32cubeide_1.7.0/stm32cubeide/plugins/com.st.stm32cube.ide.mcu.externaltools.gnu-tools-for-stm32.9-2020-q2-update.win32_2.0.0.202105311346/tools/bin/../lib/gcc/arm-none-eabi/9.3.1/../../../../arm-none-eabi/lib/thumb/v7-m/nofp\libm.a
LOAD c:/st/stm32cubeide_1.7.0/stm32cubeide/plugins/com.st.stm32cube.ide.mcu.externaltools.gnu-tools-for-stm32.9-2020-q2-update.win32_2.0.0.202105311346/tools/bin/../lib/gcc/arm-none-eabi/9.3.1/thumb/v7-m/nofp\libgcc.a

.debug_info     0x0000000000000000     0x3501
 .debug_info    0x0000000000000000      0x360 ./Core/Src/led_7seg_anode.o
 .debug_info    0x0000000000000360      0x70a ./Core/Src/main.o
 .debug_info    0x0000000000000a6a      0x2fc ./Core/Src/stm32f1xx_hal_msp.o
 .debug_info    0x0000000000000d66      0x222 ./Core/Src/stm32f1xx_it.o
 .debug_info    0x0000000000000f88      0x2be ./Core/Src/system_stm32f1xx.o
 .debug_info    0x0000000000001246       0x22 ./Core/Startup/startup_stm32f103c6tx.o
 .debug_info    0x0000000000001268      0x74c ./Drivers/STM32F1xx_HAL_Driver/Src/stm32f1xx_hal.o
 .debug_info    0x00000000000019b4      0xbbe ./Drivers/STM32F1xx_HAL_Driver/Src/stm32f1xx_hal_cortex.o
 .debug_info    0x0000000000002572      0x701 ./Drivers/STM32F1xx_HAL_Driver/Src/stm32f1xx_hal_gpio.o
 .debug_info    0x0000000000002c73      0x88e ./Drivers/STM32F1xx_HAL_Driver/Src/stm32f1xx_hal_rcc.o

.debug_abbrev   0x0000000000000000     0x1035
 .debug_abbrev  0x0000000000000000      0x175 ./Core/Src/led_7seg_anode.o
 .debug_abbrev  0x0000000000000175      0x216 ./Core/Src/main.o
 .debug_abbrev  0x000000000000038b      0x11d ./Core/Src/stm32f1xx_hal_msp.o
 .debug_abbrev  0x00000000000004a8       0xd2 ./Core/Src/stm32f1xx_it.o
 .debug_abbrev  0x000000000000057a      0x14e ./Core/Src/system_stm32f1xx.o
 .debug_abbrev  0x00000000000006c8       0x12 ./Core/Startup/startup_stm32f103c6tx.o
 .debug_abbrev  0x00000000000006da      0x1ed ./Drivers/STM32F1xx_HAL_Driver/Src/stm32f1xx_hal.o
 .debug_abbrev  0x00000000000008c7      0x313 ./Drivers/STM32F1xx_HAL_Driver/Src/stm32f1xx_hal_cortex.o
 .debug_abbrev  0x0000000000000bda      0x1e8 ./Drivers/STM32F1xx_HAL_Driver/Src/stm32f1xx_hal_gpio.o
 .debug_abbrev  0x0000000000000dc2      0x273 ./Drivers/STM32F1xx_HAL_Driver/Src/stm32f1xx_hal_rcc.o

.debug_aranges  0x0000000000000000      0x420
 .debug_aranges
                0x0000000000000000       0x30 ./Core/Src/led_7seg_anode.o
 .debug_aranges
                0x0000000000000030       0x58 ./Core/Src/main.o
 .debug_aranges
                0x0000000000000088       0x20 ./Core/Src/stm32f1xx_hal_msp.o
 .debug_aranges
                0x00000000000000a8       0x60 ./Core/Src/stm32f1xx_it.o
 .debug_aranges
                0x0000000000000108       0x28 ./Core/Src/system_stm32f1xx.o
 .debug_aranges
                0x0000000000000130       0x28 ./Core/Startup/startup_stm32f103c6tx.o
 .debug_aranges
                0x0000000000000158       0xe0 ./Drivers/STM32F1xx_HAL_Driver/Src/stm32f1xx_hal.o
 .debug_aranges
                0x0000000000000238      0x100 ./Drivers/STM32F1xx_HAL_Driver/Src/stm32f1xx_hal_cortex.o
 .debug_aranges
                0x0000000000000338       0x58 ./Drivers/STM32F1xx_HAL_Driver/Src/stm32f1xx_hal_gpio.o
 .debug_aranges
                0x0000000000000390       0x90 ./Drivers/STM32F1xx_HAL_Driver/Src/stm32f1xx_hal_rcc.o

.debug_ranges   0x0000000000000000      0x388
 .debug_ranges  0x0000000000000000       0x20 ./Core/Src/led_7seg_anode.o
 .debug_ranges  0x0000000000000020       0x48 ./Core/Src/main.o
 .debug_ranges  0x0000000000000068       0x10 ./Core/Src/stm32f1xx_hal_msp.o
 .debug_ranges  0x0000000000000078       0x50 ./Core/Src/stm32f1xx_it.o
 .debug_ranges  0x00000000000000c8       0x18 ./Core/Src/system_stm32f1xx.o
 .debug_ranges  0x00000000000000e0       0x20 ./Core/Startup/startup_stm32f103c6tx.o
 .debug_ranges  0x0000000000000100       0xd0 ./Drivers/STM32F1xx_HAL_Driver/Src/stm32f1xx_hal.o
 .debug_ranges  0x00000000000001d0       0xf0 ./Drivers/STM32F1xx_HAL_Driver/Src/stm32f1xx_hal_cortex.o
 .debug_ranges  0x00000000000002c0       0x48 ./Drivers/STM32F1xx_HAL_Driver/Src/stm32f1xx_hal_gpio.o
 .debug_ranges  0x0000000000000308       0x80 ./Drivers/STM32F1xx_HAL_Driver/Src/stm32f1xx_hal_rcc.o

.debug_macro    0x0000000000000000    0x15746
 .debug_macro   0x0000000000000000      0x196 ./Core/Src/led_7seg_anode.o
 .debug_macro   0x0000000000000196      0xa9c ./Core/Src/led_7seg_anode.o
 .debug_macro   0x0000000000000c32      0x20f ./Core/Src/led_7seg_anode.o
 .debug_macro   0x0000000000000e41       0x2e ./Core/Src/led_7seg_anode.o
 .debug_macro   0x0000000000000e6f       0x22 ./Core/Src/led_7seg_anode.o
 .debug_macro   0x0000000000000e91       0x22 ./Core/Src/led_7seg_anode.o
 .debug_macro   0x0000000000000eb3       0x8e ./Core/Src/led_7seg_anode.o
 .debug_macro   0x0000000000000f41       0x51 ./Core/Src/led_7seg_anode.o
 .debug_macro   0x0000000000000f92      0x103 ./Core/Src/led_7seg_anode.o
 .debug_macro   0x0000000000001095       0x6a ./Core/Src/led_7seg_anode.o
 .debug_macro   0x00000000000010ff      0x1df ./Core/Src/led_7seg_anode.o
 .debug_macro   0x00000000000012de       0x1c ./Core/Src/led_7seg_anode.o
 .debug_macro   0x00000000000012fa       0x22 ./Core/Src/led_7seg_anode.o
 .debug_macro   0x000000000000131c       0xc3 ./Core/Src/led_7seg_anode.o
 .debug_macro   0x00000000000013df      0xd23 ./Core/Src/led_7seg_anode.o
 .debug_macro   0x0000000000002102     0xde75 ./Core/Src/led_7seg_anode.o
 .debug_macro   0x000000000000ff77       0x6d ./Core/Src/led_7seg_anode.o
 .debug_macro   0x000000000000ffe4     0x3468 ./Core/Src/led_7seg_anode.o
 .debug_macro   0x000000000001344c      0x174 ./Core/Src/led_7seg_anode.o
 .debug_macro   0x00000000000135c0       0x5c ./Core/Src/led_7seg_anode.o
 .debug_macro   0x000000000001361c      0x5be ./Core/Src/led_7seg_anode.o
 .debug_macro   0x0000000000013bda      0x1b7 ./Core/Src/led_7seg_anode.o
 .debug_macro   0x0000000000013d91      0x1cb ./Core/Src/led_7seg_anode.o
 .debug_macro   0x0000000000013f5c      0x114 ./Core/Src/led_7seg_anode.o
 .debug_macro   0x0000000000014070      0x1b2 ./Core/Src/led_7seg_anode.o
 .debug_macro   0x0000000000014222       0x27 ./Core/Src/led_7seg_anode.o
 .debug_macro   0x0000000000014249      0x12f ./Core/Src/led_7seg_anode.o
 .debug_macro   0x0000000000014378      0x1bc ./Core/Src/led_7seg_anode.o
 .debug_macro   0x0000000000014534       0x34 ./Core/Src/led_7seg_anode.o
 .debug_macro   0x0000000000014568       0x3c ./Core/Src/led_7seg_anode.o
 .debug_macro   0x00000000000145a4       0x57 ./Core/Src/led_7seg_anode.o
 .debug_macro   0x00000000000145fb       0x88 ./Core/Src/led_7seg_anode.o
 .debug_macro   0x0000000000014683      0x183 ./Core/Src/led_7seg_anode.o
 .debug_macro   0x0000000000014806      0x141 ./Core/Src/led_7seg_anode.o
 .debug_macro   0x0000000000014947       0x69 ./Core/Src/led_7seg_anode.o
 .debug_macro   0x00000000000149b0       0x64 ./Core/Src/led_7seg_anode.o
 .debug_macro   0x0000000000014a14      0x1de ./Core/Src/main.o
 .debug_macro   0x0000000000014bf2      0x18d ./Core/Src/stm32f1xx_hal_msp.o
 .debug_macro   0x0000000000014d7f      0x197 ./Core/Src/stm32f1xx_it.o
 .debug_macro   0x0000000000014f16      0x183 ./Core/Src/system_stm32f1xx.o
 .debug_macro   0x0000000000015099      0x1a7 ./Drivers/STM32F1xx_HAL_Driver/Src/stm32f1xx_hal.o
 .debug_macro   0x0000000000015240      0x183 ./Drivers/STM32F1xx_HAL_Driver/Src/stm32f1xx_hal_cortex.o
 .debug_macro   0x00000000000153c3      0x1ee ./Drivers/STM32F1xx_HAL_Driver/Src/stm32f1xx_hal_gpio.o
 .debug_macro   0x00000000000155b1      0x195 ./Drivers/STM32F1xx_HAL_Driver/Src/stm32f1xx_hal_rcc.o

.debug_line     0x0000000000000000     0x4cbe
 .debug_line    0x0000000000000000      0x6b9 ./Core/Src/led_7seg_anode.o
 .debug_line    0x00000000000006b9      0x7ae ./Core/Src/main.o
 .debug_line    0x0000000000000e67      0x635 ./Core/Src/stm32f1xx_hal_msp.o
 .debug_line    0x000000000000149c      0x6f6 ./Core/Src/stm32f1xx_it.o
 .debug_line    0x0000000000001b92      0x6b2 ./Core/Src/system_stm32f1xx.o
 .debug_line    0x0000000000002244       0x87 ./Core/Startup/startup_stm32f103c6tx.o
 .debug_line    0x00000000000022cb      0x8df ./Drivers/STM32F1xx_HAL_Driver/Src/stm32f1xx_hal.o
 .debug_line    0x0000000000002baa      0xac7 ./Drivers/STM32F1xx_HAL_Driver/Src/stm32f1xx_hal_cortex.o
 .debug_line    0x0000000000003671      0x960 ./Drivers/STM32F1xx_HAL_Driver/Src/stm32f1xx_hal_gpio.o
 .debug_line    0x0000000000003fd1      0xced ./Drivers/STM32F1xx_HAL_Driver/Src/stm32f1xx_hal_rcc.o

.debug_str      0x0000000000000000    0x79996
 .debug_str     0x0000000000000000    0x786f7 ./Core/Src/led_7seg_anode.o
                                      0x78a4a (size before relaxing)
 .debug_str     0x00000000000786f7      0x364 ./Core/Src/main.o
                                      0x78cf6 (size before relaxing)
 .debug_str     0x0000000000078a5b       0x5a ./Core/Src/stm32f1xx_hal_msp.o
                                      0x788f0 (size before relaxing)
 .debug_str     0x0000000000078ab5       0xbd ./Core/Src/stm32f1xx_it.o
                                      0x7890d (size before relaxing)
 .debug_str     0x0000000000078b72       0x52 ./Core/Src/system_stm32f1xx.o
                                      0x788dd (size before relaxing)
 .debug_str     0x0000000000078bc4       0x36 ./Core/Startup/startup_stm32f103c6tx.o
                                         0x88 (size before relaxing)
 .debug_str     0x0000000000078bfa      0x52e ./Drivers/STM32F1xx_HAL_Driver/Src/stm32f1xx_hal.o
                                      0x78f34 (size before relaxing)
 .debug_str     0x0000000000079128      0x300 ./Drivers/STM32F1xx_HAL_Driver/Src/stm32f1xx_hal_cortex.o
                                      0x78f3c (size before relaxing)
 .debug_str     0x0000000000079428      0x31f ./Drivers/STM32F1xx_HAL_Driver/Src/stm32f1xx_hal_gpio.o
                                      0x78ca1 (size before relaxing)
 .debug_str     0x0000000000079747      0x24f ./Drivers/STM32F1xx_HAL_Driver/Src/stm32f1xx_hal_rcc.o
                                      0x78cda (size before relaxing)

.comment        0x0000000000000000       0x53
 .comment       0x0000000000000000       0x53 ./Core/Src/led_7seg_anode.o
                                         0x54 (size before relaxing)
 .comment       0x0000000000000053       0x54 ./Core/Src/main.o
 .comment       0x0000000000000053       0x54 ./Core/Src/stm32f1xx_hal_msp.o
 .comment       0x0000000000000053       0x54 ./Core/Src/stm32f1xx_it.o
 .comment       0x0000000000000053       0x54 ./Core/Src/system_stm32f1xx.o
 .comment       0x0000000000000053       0x54 ./Drivers/STM32F1xx_HAL_Driver/Src/stm32f1xx_hal.o
 .comment       0x0000000000000053       0x54 ./Drivers/STM32F1xx_HAL_Driver/Src/stm32f1xx_hal_cortex.o
 .comment       0x0000000000000053       0x54 ./Drivers/STM32F1xx_HAL_Driver/Src/stm32f1xx_hal_gpio.o
 .comment       0x0000000000000053       0x54 ./Drivers/STM32F1xx_HAL_Driver/Src/stm32f1xx_hal_rcc.o

.debug_frame    0x0000000000000000      0xe3c
 .debug_frame   0x0000000000000000       0x80 ./Core/Src/led_7seg_anode.o
 .debug_frame   0x0000000000000080      0x118 ./Core/Src/main.o
 .debug_frame   0x0000000000000198       0x38 ./Core/Src/stm32f1xx_hal_msp.o
 .debug_frame   0x00000000000001d0      0x104 ./Core/Src/stm32f1xx_it.o
 .debug_frame   0x00000000000002d4       0x58 ./Core/Src/system_stm32f1xx.o
 .debug_frame   0x000000000000032c      0x334 ./Drivers/STM32F1xx_HAL_Driver/Src/stm32f1xx_hal.o
 .debug_frame   0x0000000000000660      0x428 ./Drivers/STM32F1xx_HAL_Driver/Src/stm32f1xx_hal_cortex.o
 .debug_frame   0x0000000000000a88      0x14c ./Drivers/STM32F1xx_HAL_Driver/Src/stm32f1xx_hal_gpio.o
 .debug_frame   0x0000000000000bd4      0x21c ./Drivers/STM32F1xx_HAL_Driver/Src/stm32f1xx_hal_rcc.o
 .debug_frame   0x0000000000000df0       0x2c c:/st/stm32cubeide_1.7.0/stm32cubeide/plugins/com.st.stm32cube.ide.mcu.externaltools.gnu-tools-for-stm32.9-2020-q2-update.win32_2.0.0.202105311346/tools/bin/../lib/gcc/arm-none-eabi/9.3.1/../../../../arm-none-eabi/lib/thumb/v7-m/nofp\libc_nano.a(lib_a-init.o)
 .debug_frame   0x0000000000000e1c       0x20 c:/st/stm32cubeide_1.7.0/stm32cubeide/plugins/com.st.stm32cube.ide.mcu.externaltools.gnu-tools-for-stm32.9-2020-q2-update.win32_2.0.0.202105311346/tools/bin/../lib/gcc/arm-none-eabi/9.3.1/../../../../arm-none-eabi/lib/thumb/v7-m/nofp\libc_nano.a(lib_a-memset.o)
