01:06:20 **** Incremental Build of configuration Debug for project BUTTON_SWITCHES ****
make -j4 all 
arm-none-eabi-gcc "../Core/Src/main.c" -mcpu=cortex-m3 -std=gnu11 -g3 -DDEBUG -DUSE_HAL_DRIVER -DSTM32F103x6 -c -I../Core/Inc -I../Drivers/STM32F1xx_HAL_Driver/Inc -I../Drivers/STM32F1xx_HAL_Driver/Inc/Legacy -I../Drivers/CMSIS/Device/ST/STM32F1xx/Include -I../Drivers/CMSIS/Include -O0 -ffunction-sections -fdata-sections -Wall -fstack-usage -MMD -MP -MF"Core/Src/main.d" -MT"Core/Src/main.o" --specs=nano.specs -mfloat-abi=soft -mthumb -o "Core/Src/main.o"
arm-none-eabi-gcc -o "BUTTON_SWITCHES.elf" @"objects.list"   -mcpu=cortex-m3 -T"C:\Users\Duong\Desktop\Microprossers\Lab\Chap1\BUTTON_SWITCHES\STM32F103C6TX_FLASH.ld" --specs=nosys.specs -Wl,-Map="BUTTON_SWITCHES.map" -Wl,--gc-sections -static --specs=nano.specs -mfloat-abi=soft -mthumb -Wl,--start-group -lc -lm -Wl,--end-group
Finished building target: BUTTON_SWITCHES.elf
 
arm-none-eabi-size   BUTTON_SWITCHES.elf 
arm-none-eabi-objdump -h -S  BUTTON_SWITCHES.elf  > "BUTTON_SWITCHES.list"
arm-none-eabi-objcopy  -O ihex  BUTTON_SWITCHES.elf  "BUTTON_SWITCHES.hex"
arm-none-eabi-objcopy  -O binary  BUTTON_SWITCHES.elf  "BUTTON_SWITCHES.bin"
   text	   data	    bss	    dec	    hex	filename
   8228	    124	   1692	  10044	   273c	BUTTON_SWITCHES.elf
Finished building: default.size.stdout
 
Finished building: BUTTON_SWITCHES.hex
Finished building: BUTTON_SWITCHES.bin
Finished building: BUTTON_SWITCHES.list
 
 
 

01:06:22 Build Finished. 0 errors, 0 warnings. (took 1s.671ms)

