23:14:20 **** Incremental Build of configuration Debug for project ex1_ex2 ****
make -j4 all 
arm-none-eabi-gcc "../Core/Src/main.c" -mcpu=cortex-m3 -std=gnu11 -g3 -DDEBUG -DUSE_HAL_DRIVER -DSTM32F103x6 -c -I../Core/Inc -I../Drivers/STM32F1xx_HAL_Driver/Inc -I../Drivers/STM32F1xx_HAL_Driver/Inc/Legacy -I../Drivers/CMSIS/Device/ST/STM32F1xx/Include -I../Drivers/CMSIS/Include -O0 -ffunction-sections -fdata-sections -Wall -fstack-usage -MMD -MP -MF"Core/Src/main.d" -MT"Core/Src/main.o" --specs=nano.specs -mfloat-abi=soft -mthumb -o "Core/Src/main.o"
arm-none-eabi-gcc -o "ex1_ex2.elf" @"objects.list"   -mcpu=cortex-m3 -T"C:\Users\Duong\Desktop\Microprossers\Lab\Chap1\ex1_ex2\STM32F103C6TX_FLASH.ld" --specs=nosys.specs -Wl,-Map="ex1_ex2.map" -Wl,--gc-sections -static --specs=nano.specs -mfloat-abi=soft -mthumb -Wl,--start-group -lc -lm -Wl,--end-group
Finished building target: ex1_ex2.elf
 
arm-none-eabi-size   ex1_ex2.elf 
arm-none-eabi-objdump -h -S  ex1_ex2.elf  > "ex1_ex2.list"
arm-none-eabi-objcopy  -O ihex  ex1_ex2.elf  "ex1_ex2.hex"
arm-none-eabi-objcopy  -O binary  ex1_ex2.elf  "ex1_ex2.bin"
   text	   data	    bss	    dec	    hex	filename
   4644	     20	   1572	   6236	   185c	ex1_ex2.elf
Finished building: default.size.stdout
 
Finished building: ex1_ex2.hex
Finished building: ex1_ex2.bin
Finished building: ex1_ex2.list
 
 
 

23:14:22 Build Finished. 0 errors, 0 warnings. (took 1s.926ms)

