15:36:35 **** Incremental Build of configuration Debug for project INTERRUPTS_TIMER_AND_LED_SCANNING ****
make -j4 all 
arm-none-eabi-gcc "../Core/Src/input_reading.c" -mcpu=cortex-m3 -std=gnu11 -g3 -DDEBUG -DUSE_HAL_DRIVER -DSTM32F103x6 -c -I../Core/Inc -I../Drivers/STM32F1xx_HAL_Driver/Inc -I../Drivers/STM32F1xx_HAL_Driver/Inc/Legacy -I../Drivers/CMSIS/Device/ST/STM32F1xx/Include -I../Drivers/CMSIS/Include -O0 -ffunction-sections -fdata-sections -Wall -fstack-usage -MMD -MP -MF"Core/Src/input_reading.d" -MT"Core/Src/input_reading.o" --specs=nano.specs -mfloat-abi=soft -mthumb -o "Core/Src/input_reading.o"
arm-none-eabi-gcc -o "INTERRUPTS_TIMER_AND_LED_SCANNING.elf" @"objects.list"   -mcpu=cortex-m3 -T"C:\Users\Duong\Desktop\Microprossers\Lab\Chap1\INTERRUPTS_TIMER_AND_LED_SCANNING\STM32F103C6TX_FLASH.ld" --specs=nosys.specs -Wl,-Map="INTERRUPTS_TIMER_AND_LED_SCANNING.map" -Wl,--gc-sections -static --specs=nano.specs -mfloat-abi=soft -mthumb -Wl,--start-group -lc -lm -Wl,--end-group
Finished building target: INTERRUPTS_TIMER_AND_LED_SCANNING.elf
 
arm-none-eabi-size   INTERRUPTS_TIMER_AND_LED_SCANNING.elf 
arm-none-eabi-objdump -h -S  INTERRUPTS_TIMER_AND_LED_SCANNING.elf  > "INTERRUPTS_TIMER_AND_LED_SCANNING.list"
arm-none-eabi-objcopy  -O ihex  INTERRUPTS_TIMER_AND_LED_SCANNING.elf  "INTERRUPTS_TIMER_AND_LED_SCANNING.hex"
arm-none-eabi-objcopy  -O binary  INTERRUPTS_TIMER_AND_LED_SCANNING.elf  "INTERRUPTS_TIMER_AND_LED_SCANNING.bin"
   text	   data	    bss	    dec	    hex	filename
   9672	    124	   1724	  11520	   2d00	INTERRUPTS_TIMER_AND_LED_SCANNING.elf
Finished building: default.size.stdout
Finished building: INTERRUPTS_TIMER_AND_LED_SCANNING.hex
 
Finished building: INTERRUPTS_TIMER_AND_LED_SCANNING.bin
 
 
Finished building: INTERRUPTS_TIMER_AND_LED_SCANNING.list
 
