10:16:40 **** Build of configuration Debug for project test ****
make -j4 all 
arm-none-eabi-gcc "../Core/Src/main.c" -mcpu=cortex-m3 -std=gnu11 -g3 -DDEBUG -DUSE_HAL_DRIVER -DSTM32F103x6 -c -I../Core/Inc -I../Drivers/STM32F1xx_HAL_Driver/Inc -I../Drivers/STM32F1xx_HAL_Driver/Inc/Legacy -I../Drivers/CMSIS/Device/ST/STM32F1xx/Include -I../Drivers/CMSIS/Include -O0 -ffunction-sections -fdata-sections -Wall -fstack-usage -MMD -MP -MF"Core/Src/main.d" -MT"Core/Src/main.o" --specs=nano.specs -mfloat-abi=soft -mthumb -o "Core/Src/main.o"
arm-none-eabi-gcc -o "test.elf" @"objects.list"   -mcpu=cortex-m3 -T"C:\Users\Duong\STM32CubeIDE\workspace_1.7.0\test\STM32F103C6TX_FLASH.ld" --specs=nosys.specs -Wl,-Map="test.map" -Wl,--gc-sections -static --specs=nano.specs -mfloat-abi=soft -mthumb -Wl,--start-group -lc -lm -Wl,--end-group
Finished building target: test.elf
 
arm-none-eabi-size   test.elf 
arm-none-eabi-objdump -h -S  test.elf  > "test.list"
arm-none-eabi-objcopy  -O ihex  test.elf  "test.hex"
arm-none-eabi-objcopy  -O binary  test.elf  "test.bin"
   text	   data	    bss	    dec	    hex	filename
   5020	     20	   1572	   6612	   19d4	test.elf
Finished building: default.size.stdout
 
Finished building: test.hex
 
Finished building: test.bin
 
Finished building: test.list
 

10:16:47 Build Finished. 0 errors, 0 warnings. (took 6s.477ms)

